../lvgl/src/widgets/lv_dropdown.c:638:13:lv_dropdownlist_destructor	0	static
../lvgl/src/widgets/lv_dropdown.c:1119:13:position_to_selected	16	static
../lvgl/src/widgets/lv_dropdown.c:923:13:draw_box	104	static
../lvgl/src/widgets/lv_dropdown.c:961:13:draw_box_label	88	static
../lvgl/src/widgets/lv_dropdown.c:623:13:lv_dropdownlist_constructor	8	static
../lvgl/src/widgets/lv_dropdown.c:607:13:lv_dropdown_destructor	16	static
../lvgl/src/widgets/lv_dropdown.c:577:13:lv_dropdown_constructor	16	static
../lvgl/src/widgets/lv_dropdown.c:737:13:lv_dropdown_list_event	40	static
../lvgl/src/widgets/lv_dropdown.c:91:12:lv_dropdown_create	8	static
../lvgl/src/widgets/lv_dropdown.c:103:6:lv_dropdown_set_text	8	static
../lvgl/src/widgets/lv_dropdown.c:114:6:lv_dropdown_set_options	24	static
../lvgl/src/widgets/lv_dropdown.c:161:6:lv_dropdown_set_options_static	16	static
../lvgl/src/widgets/lv_dropdown.c:190:6:lv_dropdown_add_option	40	static
../lvgl/src/widgets/lv_dropdown.c:261:6:lv_dropdown_clear_options	8	static
../lvgl/src/widgets/lv_dropdown.c:278:6:lv_dropdown_set_selected	8	static
../lvgl/src/widgets/lv_dropdown.c:291:6:lv_dropdown_set_dir	8	static
../lvgl/src/widgets/lv_dropdown.c:303:6:lv_dropdown_set_symbol	8	static
../lvgl/src/widgets/lv_dropdown.c:312:6:lv_dropdown_set_selected_highlight	8	static
../lvgl/src/widgets/lv_dropdown.c:325:12:lv_dropdown_get_list	0	static
../lvgl/src/widgets/lv_dropdown.c:333:14:lv_dropdown_get_text	0	static
../lvgl/src/widgets/lv_dropdown.c:341:14:lv_dropdown_get_options	0	static
../lvgl/src/widgets/lv_dropdown.c:349:10:lv_dropdown_get_selected	0	static
../lvgl/src/widgets/lv_dropdown.c:358:10:lv_dropdown_get_option_cnt	0	static
../lvgl/src/widgets/lv_dropdown.c:367:6:lv_dropdown_get_selected_str	32	static
../lvgl/src/widgets/lv_dropdown.c:401:9:lv_dropdown_get_option_index	24	static
../lvgl/src/widgets/lv_dropdown.c:421:14:lv_dropdown_get_symbol	0	static
../lvgl/src/widgets/lv_dropdown.c:428:6:lv_dropdown_get_selected_highlight	0	static
../lvgl/src/widgets/lv_dropdown.c:435:10:lv_dropdown_get_dir	0	static
../lvgl/src/widgets/lv_dropdown.c:446:6:lv_dropdown_open	40	static
../lvgl/src/widgets/lv_dropdown.c:1008:17:btn_release_handler.isra	24	static
../lvgl/src/widgets/lv_dropdown.c:647:13:lv_dropdown_event	160	static
../lvgl/src/widgets/lv_dropdown.c:544:6:lv_dropdown_close	8	static
../lvgl/src/widgets/lv_dropdown.c:557:6:lv_dropdown_is_open	8	static
