../lvgl/src/widgets/lv_img.c:388:13:lv_img_constructor	16	static
../lvgl/src/widgets/lv_img.c:415:13:lv_img_destructor	16	static
../lvgl/src/widgets/lv_img.c:58:12:lv_img_create	8	static
../lvgl/src/widgets/lv_img.c:70:6:lv_img_set_src	48	static
../lvgl/src/widgets/lv_img.c:440:13:lv_img_event	152	static
../lvgl/src/widgets/lv_img.c:163:6:lv_img_set_offset_x	8	static
../lvgl/src/widgets/lv_img.c:175:6:lv_img_set_offset_y	8	static
../lvgl/src/widgets/lv_img.c:187:6:lv_img_set_angle	48	static
../lvgl/src/widgets/lv_img.c:222:6:lv_img_set_pivot	48	static
../lvgl/src/widgets/lv_img.c:256:6:lv_img_set_zoom	48	static
../lvgl/src/widgets/lv_img.c:291:6:lv_img_set_antialias	8	static
../lvgl/src/widgets/lv_img.c:300:6:lv_img_set_size_mode	8	static
../lvgl/src/widgets/lv_img.c:314:14:lv_img_get_src	0	static
../lvgl/src/widgets/lv_img.c:323:12:lv_img_get_offset_x	0	static
../lvgl/src/widgets/lv_img.c:332:12:lv_img_get_offset_y	0	static
../lvgl/src/widgets/lv_img.c:341:10:lv_img_get_angle	0	static
../lvgl/src/widgets/lv_img.c:350:6:lv_img_get_pivot	8	static
../lvgl/src/widgets/lv_img.c:359:10:lv_img_get_zoom	0	static
../lvgl/src/widgets/lv_img.c:368:6:lv_img_get_antialias	0	static
../lvgl/src/widgets/lv_img.c:377:20:lv_img_get_size_mode	0	static
