../Drivers/STM32G0xx_HAL_Driver/Src/stm32g0xx_hal_spi.c:535:13:HAL_SPI_MspInit	0	static
../Drivers/STM32G0xx_HAL_Driver/Src/stm32g0xx_hal_spi.c:3234:13:SPI_DMAHalfTransmitCplt	8	static
../Drivers/STM32G0xx_HAL_Driver/Src/stm32g0xx_hal_spi.c:3252:13:SPI_DMAHalfReceiveCplt	8	static
../Drivers/STM32G0xx_HAL_Driver/Src/stm32g0xx_hal_spi.c:3270:13:SPI_DMAHalfTransmitReceiveCplt	8	static
../Drivers/STM32G0xx_HAL_Driver/Src/stm32g0xx_hal_spi.c:3288:13:SPI_DMAError	8	static
../Drivers/STM32G0xx_HAL_Driver/Src/stm32g0xx_hal_spi.c:3311:13:SPI_DMAAbortOnError	8	static
../Drivers/STM32G0xx_HAL_Driver/Src/stm32g0xx_hal_spi.c:3930:26:SPI_WaitFifoStateUntilTimeout.constprop	40	static
../Drivers/STM32G0xx_HAL_Driver/Src/stm32g0xx_hal_spi.c:2888:13:HAL_SPI_AbortCpltCallback	0	static
../Drivers/STM32G0xx_HAL_Driver/Src/stm32g0xx_hal_spi.c:551:13:HAL_SPI_MspDeInit	0	static
../Drivers/STM32G0xx_HAL_Driver/Src/stm32g0xx_hal_spi.c:2774:13:HAL_SPI_TxCpltCallback	0	static
../Drivers/STM32G0xx_HAL_Driver/Src/stm32g0xx_hal_spi.c:2790:13:HAL_SPI_RxCpltCallback	0	static
../Drivers/STM32G0xx_HAL_Driver/Src/stm32g0xx_hal_spi.c:2806:13:HAL_SPI_TxRxCpltCallback	0	static
../Drivers/STM32G0xx_HAL_Driver/Src/stm32g0xx_hal_spi.c:2822:13:HAL_SPI_TxHalfCpltCallback	0	static
../Drivers/STM32G0xx_HAL_Driver/Src/stm32g0xx_hal_spi.c:2838:13:HAL_SPI_RxHalfCpltCallback	0	static
../Drivers/STM32G0xx_HAL_Driver/Src/stm32g0xx_hal_spi.c:2854:13:HAL_SPI_TxRxHalfCpltCallback	0	static
../Drivers/STM32G0xx_HAL_Driver/Src/stm32g0xx_hal_spi.c:2870:13:HAL_SPI_ErrorCallback	0	static
../Drivers/STM32G0xx_HAL_Driver/Src/stm32g0xx_hal_spi.c:4046:26:SPI_EndRxTxTransaction	56	static
../Drivers/STM32G0xx_HAL_Driver/Src/stm32g0xx_hal_spi.c:3861:26:SPI_WaitFlagStateUntilTimeout.constprop	32	static
../Drivers/STM32G0xx_HAL_Driver/Src/stm32g0xx_hal_spi.c:4046:26:SPI_EndRxTxTransaction.constprop	32	static
../Drivers/STM32G0xx_HAL_Driver/Src/stm32g0xx_hal_spi.c:2960:13:SPI_DMATransmitCplt	24	static
../Drivers/STM32G0xx_HAL_Driver/Src/stm32g0xx_hal_spi.c:3134:13:SPI_DMATransmitReceiveCplt	16	static
../Drivers/STM32G0xx_HAL_Driver/Src/stm32g0xx_hal_spi.c:4078:13:SPI_CloseRxTx_ISR	16	static
../Drivers/STM32G0xx_HAL_Driver/Src/stm32g0xx_hal_spi.c:3549:13:SPI_2linesTxISR_8BIT	8	static
../Drivers/STM32G0xx_HAL_Driver/Src/stm32g0xx_hal_spi.c:3464:13:SPI_2linesRxISR_8BIT	8	static
../Drivers/STM32G0xx_HAL_Driver/Src/stm32g0xx_hal_spi.c:3652:13:SPI_2linesTxISR_16BIT	8	static
../Drivers/STM32G0xx_HAL_Driver/Src/stm32g0xx_hal_spi.c:3596:13:SPI_2linesRxISR_16BIT	8	static
../Drivers/STM32G0xx_HAL_Driver/Src/stm32g0xx_hal_spi.c:4212:13:SPI_CloseTx_ISR	16	static
../Drivers/STM32G0xx_HAL_Driver/Src/stm32g0xx_hal_spi.c:3806:13:SPI_TxISR_8BIT	8	static
../Drivers/STM32G0xx_HAL_Driver/Src/stm32g0xx_hal_spi.c:3831:13:SPI_TxISR_16BIT	8	static
../Drivers/STM32G0xx_HAL_Driver/Src/stm32g0xx_hal_spi.c:4010:26:SPI_EndRxTransaction.constprop	16	static
../Drivers/STM32G0xx_HAL_Driver/Src/stm32g0xx_hal_spi.c:3017:13:SPI_DMAReceiveCplt	16	static
../Drivers/STM32G0xx_HAL_Driver/Src/stm32g0xx_hal_spi.c:3717:13:SPI_RxISR_8BIT	8	static
../Drivers/STM32G0xx_HAL_Driver/Src/stm32g0xx_hal_spi.c:3773:13:SPI_RxISR_16BIT	8	static
../Drivers/STM32G0xx_HAL_Driver/Src/stm32g0xx_hal_spi.c:4305:13:SPI_AbortTx_ISR	24	static
../Drivers/STM32G0xx_HAL_Driver/Src/stm32g0xx_hal_spi.c:4261:13:SPI_AbortRx_ISR	48	static
../Drivers/STM32G0xx_HAL_Driver/Src/stm32g0xx_hal_spi.c:3333:13:SPI_DMATxAbortCallback	48	static
../Drivers/STM32G0xx_HAL_Driver/Src/stm32g0xx_hal_spi.c:3399:13:SPI_DMARxAbortCallback	48	static
../Drivers/STM32G0xx_HAL_Driver/Src/stm32g0xx_hal_spi.c:316:19:HAL_SPI_Init	32	static
../Drivers/STM32G0xx_HAL_Driver/Src/stm32g0xx_hal_spi.c:491:19:HAL_SPI_DeInit	8	static
../Drivers/STM32G0xx_HAL_Driver/Src/stm32g0xx_hal_spi.c:571:19:HAL_SPI_RegisterCallback	12	static
../Drivers/STM32G0xx_HAL_Driver/Src/stm32g0xx_hal_spi.c:682:19:HAL_SPI_UnRegisterCallback	8	static
../Drivers/STM32G0xx_HAL_Driver/Src/stm32g0xx_hal_spi.c:823:19:HAL_SPI_Transmit	32	static
../Drivers/STM32G0xx_HAL_Driver/Src/stm32g0xx_hal_spi.c:1228:19:HAL_SPI_TransmitReceive	24	static
../Drivers/STM32G0xx_HAL_Driver/Src/stm32g0xx_hal_spi.c:988:19:HAL_SPI_Receive	48	static
../Drivers/STM32G0xx_HAL_Driver/Src/stm32g0xx_hal_spi.c:1503:19:HAL_SPI_Transmit_IT	12	static
../Drivers/STM32G0xx_HAL_Driver/Src/stm32g0xx_hal_spi.c:1695:19:HAL_SPI_TransmitReceive_IT	20	static
../Drivers/STM32G0xx_HAL_Driver/Src/stm32g0xx_hal_spi.c:1588:19:HAL_SPI_Receive_IT	16	static
../Drivers/STM32G0xx_HAL_Driver/Src/stm32g0xx_hal_spi.c:1804:19:HAL_SPI_Transmit_DMA	24	static
../Drivers/STM32G0xx_HAL_Driver/Src/stm32g0xx_hal_spi.c:2074:19:HAL_SPI_TransmitReceive_DMA	24	static
../Drivers/STM32G0xx_HAL_Driver/Src/stm32g0xx_hal_spi.c:1929:19:HAL_SPI_Receive_DMA	24	static
../Drivers/STM32G0xx_HAL_Driver/Src/stm32g0xx_hal_spi.c:2266:19:HAL_SPI_Abort	32	static
../Drivers/STM32G0xx_HAL_Driver/Src/stm32g0xx_hal_spi.c:2426:19:HAL_SPI_Abort_IT	32	static
../Drivers/STM32G0xx_HAL_Driver/Src/stm32g0xx_hal_spi.c:2587:19:HAL_SPI_DMAPause	8	static
../Drivers/STM32G0xx_HAL_Driver/Src/stm32g0xx_hal_spi.c:2607:19:HAL_SPI_DMAResume	8	static
../Drivers/STM32G0xx_HAL_Driver/Src/stm32g0xx_hal_spi.c:2627:19:HAL_SPI_DMAStop	16	static
../Drivers/STM32G0xx_HAL_Driver/Src/stm32g0xx_hal_spi.c:2667:6:HAL_SPI_IRQHandler	40	static
../Drivers/STM32G0xx_HAL_Driver/Src/stm32g0xx_hal_spi.c:2923:22:HAL_SPI_GetState	0	static
../Drivers/STM32G0xx_HAL_Driver/Src/stm32g0xx_hal_spi.c:2935:10:HAL_SPI_GetError	0	static
