../Drivers/BSP/mem/mem_io.c:596:16:MEM_IO_SendData	0	static
../Drivers/BSP/mem/mem_io.c:651:16:MEM_IO_RecvDataDMA	24	static
../Drivers/BSP/mem/mem_io.c:620:16:MEM_IO_RecvData	24	static
../Drivers/BSP/mem/mem_io.c:578:16:MEM_IO_DeInit	8	static
../Drivers/BSP/mem/mem_io.c:537:16:MEM_IO_Init	40	static
../Drivers/BSP/mem/mem_io.c:608:16:MEM_IO_SendDataDMA	0	static
../Drivers/BSP/mem/mem_io.c:95:18:BSP_MEM_GetTransfertStatus	8	static
../Drivers/BSP/mem/mem_io.c:115:9:BSP_MEM_Init	8	static
../Drivers/BSP/mem/mem_io.c:139:9:BSP_MEM_DeInit	8	static
../Drivers/BSP/mem/mem_io.c:168:9:BSP_MEM_BlockErase	16	static
../Drivers/BSP/mem/mem_io.c:206:9:BSP_MEM_ChipErase	16	static
../Drivers/BSP/mem/mem_io.c:244:9:BSP_MEM_ReadData	32	static
../Drivers/BSP/mem/mem_io.c:282:9:BSP_MEM_ReadDataDMA	32	static
../Drivers/BSP/mem/mem_io.c:318:9:BSP_MEM_WriteData	32	static
../Drivers/BSP/mem/mem_io.c:356:9:BSP_MEM_WriteDataDMA	32	static
../Drivers/BSP/mem/mem_io.c:389:9:BSP_MEM_EnableMemoryMappedMode	8	static
../Drivers/BSP/mem/mem_io.c:422:9:BSP_MEM_GetTransferStatus	8	static
../Drivers/BSP/mem/mem_io.c:434:6:BSP_MEM_WaitForTransferToBeDone	8	static
../Drivers/BSP/mem/mem_io.c:447:13:BSP_MEM_SignalTransferDone	0	static
../Drivers/BSP/mem/mem_io.c:100:13:BSP_MEM_SignalTransfertDone	8	static
../Drivers/BSP/mem/mem_io.c:467:13:SPI_RxCpltCallback	8	static
