../lvgl/src/extra/libs/qrcode/qrcodegen.c:999:12:numCharCountBits	8	static
../lvgl/src/extra/libs/qrcode/qrcodegen.c:184:15:appendBitsToBuffer.part.0	8	static
../lvgl/src/extra/libs/qrcode/qrcodegen.c:336:14:getNumRawDataModules.part.0	8	static
../lvgl/src/extra/libs/qrcode/qrcodegen.c:739:5:qrcodegen_getSize.part.0	8	static
../lvgl/src/extra/libs/qrcode/qrcodegen.c:324:14:getNumDataCodewords	16	static
../lvgl/src/extra/libs/qrcode/qrcodegen.c:603:13:applyMask	64	static
../lvgl/src/extra/libs/qrcode/qrcodegen.c:413:15:initializeFunctionModules	88	static
../lvgl/src/extra/libs/qrcode/qrcodegen.c:766:15:setModule	16	static
../lvgl/src/extra/libs/qrcode/qrcodegen.c:511:13:drawFormatBits	88	static
../lvgl/src/extra/libs/qrcode/qrcodegen.c:203:6:qrcodegen_encodeSegmentsAdvanced	152	static
../lvgl/src/extra/libs/qrcode/qrcodegen.c:166:6:qrcodegen_encodeBinary	64	static
../lvgl/src/extra/libs/qrcode/qrcodegen.c:195:6:qrcodegen_encodeSegments	32	static
../lvgl/src/extra/libs/qrcode/qrcodegen.c:739:5:qrcodegen_getSize	8	static
../lvgl/src/extra/libs/qrcode/qrcodegen.c:749:6:qrcodegen_getModule	8	static
../lvgl/src/extra/libs/qrcode/qrcodegen.c:797:6:qrcodegen_isAlphanumeric	16	static
../lvgl/src/extra/libs/qrcode/qrcodegen.c:808:6:qrcodegen_isNumeric	8	static
../lvgl/src/extra/libs/qrcode/qrcodegen.c:819:8:qrcodegen_calcSegmentBufferSize	8	static
../lvgl/src/extra/libs/qrcode/qrcodegen.c:863:26:qrcodegen_makeBytes	24	static
../lvgl/src/extra/libs/qrcode/qrcodegen.c:878:26:qrcodegen_makeNumeric	48	static
../lvgl/src/extra/libs/qrcode/qrcodegen.c:912:26:qrcodegen_makeAlphanumeric	48	static
../lvgl/src/extra/libs/qrcode/qrcodegen.c:128:6:qrcodegen_encodeText	104	static
../lvgl/src/extra/libs/qrcode/qrcodegen.c:946:26:qrcodegen_makeEci	48	static
../lvgl/src/extra/libs/qrcode/qrcodegen.c:1012:5:qrcodegen_getMinFitVersion	56	static
../lvgl/src/extra/libs/qrcode/qrcodegen.c:1028:5:qrcodegen_version2size	0	static
