../ui/ui_helpers.c:8:6:_ui_bar_set_property	8	static
../ui/ui_helpers.c:14:6:_ui_basic_set_property	8	static
../ui/ui_helpers.c:23:6:_ui_dropdown_set_property	8	static
../ui/ui_helpers.c:28:6:_ui_image_set_property	8	static
../ui/ui_helpers.c:33:6:_ui_label_set_property	8	static
../ui/ui_helpers.c:39:6:_ui_roller_set_property	8	static
../ui/ui_helpers.c:45:6:_ui_slider_set_property	8	static
../ui/ui_helpers.c:52:6:_ui_screen_change	16	static
../ui/ui_helpers.c:57:6:_ui_arc_increment	16	static
../ui/ui_helpers.c:63:6:_ui_bar_increment	16	static
../ui/ui_helpers.c:69:6:_ui_slider_increment	16	static
../ui/ui_helpers.c:75:6:_ui_flag_modify	16	static
../ui/ui_helpers.c:84:6:_ui_state_modify	16	static
../ui/ui_helpers.c:94:6:_ui_opacity_set	8	static
../ui/ui_helpers.c:99:6:_ui_arc_set_text_value	56	static
../ui/ui_helpers.c:106:6:_ui_slider_set_text_value	56	static
../ui/ui_helpers.c:112:6:_ui_checked_set_text_value	16	static
