../Core/Src/stm32g0xx_it.c:77:6:NMI_Handler	0	static
../Core/Src/stm32g0xx_it.c:92:6:HardFault_Handler	0	static
../Core/Src/stm32g0xx_it.c:107:6:SVC_Handler	0	static
../Core/Src/stm32g0xx_it.c:120:6:PendSV_Handler	0	static
../Core/Src/stm32g0xx_it.c:133:6:SysTick_Handler	8	static
../Core/Src/stm32g0xx_it.c:155:6:EXTI0_1_IRQHandler	8	static
../Core/Src/stm32g0xx_it.c:169:6:DMA1_Channel1_IRQHandler	8	static
../Core/Src/stm32g0xx_it.c:183:6:DMA1_Channel2_3_IRQHandler	8	static
../Core/Src/stm32g0xx_it.c:198:6:DMA1_Ch4_7_DMAMUX1_OVR_IRQHandler	8	static
../Core/Src/stm32g0xx_it.c:212:6:SPI1_IRQHandler	8	static
../Core/Src/stm32g0xx_it.c:226:6:SPI2_IRQHandler	8	static
