../Core/Src/stm32g0xx_nucleo_bus.c:651:13:SPI1_MspDeInit	16	static
../Core/Src/stm32g0xx_nucleo_bus.c:785:13:SPI2_MspDeInit	16	static
../Core/Src/stm32g0xx_nucleo_bus.c:579:13:SPI1_MspInit	64	static
../Core/Src/stm32g0xx_nucleo_bus.c:712:13:SPI2_MspInit	72	static
../Core/Src/stm32g0xx_nucleo_bus.c:143:9:BSP_SPI1_DeInit	8	static
../Core/Src/stm32g0xx_nucleo_bus.c:169:9:BSP_SPI1_Send	8	static
../Core/Src/stm32g0xx_nucleo_bus.c:186:10:BSP_SPI1_Recv	8	static
../Core/Src/stm32g0xx_nucleo_bus.c:203:9:BSP_SPI1_SendRecv	16	static
../Core/Src/stm32g0xx_nucleo_bus.c:220:9:BSP_SPI1_Send_DMA	8	static
../Core/Src/stm32g0xx_nucleo_bus.c:237:10:BSP_SPI1_Recv_DMA	8	static
../Core/Src/stm32g0xx_nucleo_bus.c:254:9:BSP_SPI1_SendRecv_DMA	8	static
../Core/Src/stm32g0xx_nucleo_bus.c:312:9:BSP_SPI2_DeInit	8	static
../Core/Src/stm32g0xx_nucleo_bus.c:338:9:BSP_SPI2_Send	8	static
../Core/Src/stm32g0xx_nucleo_bus.c:355:10:BSP_SPI2_Recv	8	static
../Core/Src/stm32g0xx_nucleo_bus.c:372:9:BSP_SPI2_SendRecv	16	static
../Core/Src/stm32g0xx_nucleo_bus.c:389:9:BSP_SPI2_Send_DMA	8	static
../Core/Src/stm32g0xx_nucleo_bus.c:406:10:BSP_SPI2_Recv_DMA	8	static
../Core/Src/stm32g0xx_nucleo_bus.c:423:9:BSP_SPI2_SendRecv_DMA	8	static
../Core/Src/stm32g0xx_nucleo_bus.c:439:9:BSP_SPI1_RegisterDefaultMspCallbacks	8	static
../Core/Src/stm32g0xx_nucleo_bus.c:465:9:BSP_SPI1_RegisterMspCallbacks	16	static
../Core/Src/stm32g0xx_nucleo_bus.c:492:9:BSP_SPI2_RegisterDefaultMspCallbacks	8	static
../Core/Src/stm32g0xx_nucleo_bus.c:518:9:BSP_SPI2_RegisterMspCallbacks	16	static
../Core/Src/stm32g0xx_nucleo_bus.c:545:9:BSP_GetTick	8	static
../Core/Src/stm32g0xx_nucleo_bus.c:551:26:MX_SPI1_Init	8	static
../Core/Src/stm32g0xx_nucleo_bus.c:102:9:BSP_SPI1_Init	16	static
../Core/Src/stm32g0xx_nucleo_bus.c:684:26:MX_SPI2_Init	8	static
../Core/Src/stm32g0xx_nucleo_bus.c:271:9:BSP_SPI2_Init	16	static
