../Drivers/BSP/lcd/lcd_io.c:845:16:LCD_IO_ReadReg	0	static
../Drivers/BSP/lcd/lcd_io.c:666:16:LCD_IO_Delay	8	static
../Drivers/BSP/lcd/lcd_io.c:654:16:LCD_IO_GetTick	8	static
../Drivers/BSP/lcd/lcd_io.c:856:16:LCD_IO_SendData	16	static
../Drivers/BSP/lcd/lcd_io.c:820:16:LCD_IO_WriteReg	24	static
../Drivers/BSP/lcd/lcd_io.c:897:16:LCD_IO_RecvData	32	static
../Drivers/BSP/lcd/lcd_io.c:878:16:LCD_IO_SendDataDMA	8	static
../Drivers/BSP/lcd/lcd_io.c:805:16:LCD_IO_DeInit	8	static
../Drivers/BSP/lcd/lcd_io.c:769:16:LCD_IO_Init	16	static
../Drivers/BSP/lcd/lcd_io.c:926:16:LCD_IO_RecvDataDMA	0	static
../Drivers/BSP/lcd/lcd_io.c:114:18:BSP_LCD_GetTransfertStatus	8	static
../Drivers/BSP/lcd/lcd_io.c:142:9:BSP_LCD_Init	88	static
../Drivers/BSP/lcd/lcd_io.c:168:9:BSP_LCD_DeInit	8	static
../Drivers/BSP/lcd/lcd_io.c:195:9:BSP_LCD_SetOrientation	16	static
../Drivers/BSP/lcd/lcd_io.c:228:9:BSP_LCD_GetOrientation	8	static
../Drivers/BSP/lcd/lcd_io.c:255:9:BSP_LCD_GetXSize	8	static
../Drivers/BSP/lcd/lcd_io.c:282:9:BSP_LCD_GetYSize	8	static
../Drivers/BSP/lcd/lcd_io.c:308:9:BSP_LCD_DisplayOn	16	static
../Drivers/BSP/lcd/lcd_io.c:340:9:BSP_LCD_DisplayOff	16	static
../Drivers/BSP/lcd/lcd_io.c:373:9:BSP_LCD_WriteData	24	static
../Drivers/BSP/lcd/lcd_io.c:413:9:BSP_LCD_WriteDataDMA	16	static
../Drivers/BSP/lcd/lcd_io.c:449:9:BSP_LCD_SetDisplayWindow	24	static
../Drivers/BSP/lcd/lcd_io.c:481:9:BSP_LCD_FillRGBRect	32	static
../Drivers/BSP/lcd/lcd_io.c:511:9:BSP_LCD_GetTransferStatus	8	static
../Drivers/BSP/lcd/lcd_io.c:523:6:BSP_LCD_WaitForTransferToBeDone	8	static
../Drivers/BSP/lcd/lcd_io.c:536:13:BSP_LCD_SignalTransferDone	0	static
../Drivers/BSP/lcd/lcd_io.c:119:13:BSP_LCD_SignalTransfertDone	8	static
../Drivers/BSP/lcd/lcd_io.c:745:13:SPI_TxCpltCallback	8	static
../Drivers/BSP/lcd/lcd_io.c:550:13:BSP_LCD_SignalTearingEffectEvent	0	static
../Drivers/BSP/lcd/lcd_io.c:692:13:LCD_TEFallingCallback	8	static
../Drivers/BSP/lcd/lcd_io.c:678:13:LCD_TERisingCallback	8	static
