../lvgl/src/core/lv_disp.c:497:13:opa_scale_anim	8	static
../lvgl/src/core/lv_disp.c:507:13:set_y_anim	8	static
../lvgl/src/core/lv_disp.c:502:13:set_x_anim	8	static
../lvgl/src/core/lv_disp.c:512:13:scr_anim_ready	16	static
../lvgl/src/core/lv_disp.c:469:13:scr_load_internal	16	static
../lvgl/src/core/lv_disp.c:487:13:scr_load_anim_start	16	static
../lvgl/src/core/lv_disp.c:50:12:lv_disp_get_scr_act	8	static
../lvgl/src/core/lv_disp.c:67:12:lv_disp_get_scr_prev	8	static
../lvgl/src/core/lv_disp.c:92:12:lv_disp_get_layer_top	8	static
../lvgl/src/core/lv_disp.c:109:12:lv_disp_get_layer_sys	8	static
../lvgl/src/core/lv_disp.c:124:6:lv_disp_set_theme	16	static
../lvgl/src/core/lv_disp.c:146:14:lv_disp_get_theme	8	static
../lvgl/src/core/lv_disp.c:157:6:lv_disp_set_bg_color	32	static
../lvgl/src/core/lv_disp.c:178:6:lv_disp_set_bg_image	32	static
../lvgl/src/core/lv_disp.c:198:6:lv_disp_set_bg_opa	32	static
../lvgl/src/core/lv_disp.c:221:6:lv_scr_load_anim	168	static
../lvgl/src/core/lv_disp.c:82:6:lv_disp_load_scr	16	static
../lvgl/src/core/lv_disp.c:369:10:lv_disp_get_inactive_time	16	static
../lvgl/src/core/lv_disp.c:389:6:lv_disp_trig_activity	8	static
../lvgl/src/core/lv_disp.c:404:6:lv_disp_clean_dcache	8	static
../lvgl/src/core/lv_disp.c:421:6:lv_disp_enable_invalidation	8	static
../lvgl/src/core/lv_disp.c:437:6:lv_disp_is_invalidation_enabled	8	static
../lvgl/src/core/lv_disp.c:454:14:_lv_disp_get_refr_timer	8	static
