../lvgl/src/core/lv_group.c:392:13:focus_next_core.part.0	40	static
../lvgl/src/core/lv_group.c:378:13:lv_group_refocus	16	static
../lvgl/src/core/lv_group.c:233:6:lv_group_focus_obj.part.0	32	static
../lvgl/src/core/lv_group.c:45:6:_lv_group_init	8	static
../lvgl/src/core/lv_group.c:50:14:lv_group_create	8	static
../lvgl/src/core/lv_group.c:72:6:lv_group_del	24	static
../lvgl/src/core/lv_group.c:100:6:lv_group_set_default	0	static
../lvgl/src/core/lv_group.c:105:14:lv_group_get_default	0	static
../lvgl/src/core/lv_group.c:155:6:lv_group_swap_obj	16	static
../lvgl/src/core/lv_group.c:174:6:lv_group_remove_obj	32	static
../lvgl/src/core/lv_group.c:110:6:lv_group_add_obj	16	static
../lvgl/src/core/lv_group.c:215:6:lv_group_remove_all_objs	24	static
../lvgl/src/core/lv_group.c:233:6:lv_group_focus_obj	8	static
../lvgl/src/core/lv_group.c:266:6:lv_group_focus_next	8	static
../lvgl/src/core/lv_group.c:275:6:lv_group_focus_prev	8	static
../lvgl/src/core/lv_group.c:284:6:lv_group_focus_freeze	0	static
../lvgl/src/core/lv_group.c:290:10:lv_group_send_data	16	static
../lvgl/src/core/lv_group.c:300:6:lv_group_set_focus_cb	0	static
../lvgl/src/core/lv_group.c:305:6:lv_group_set_edge_cb	0	static
../lvgl/src/core/lv_group.c:310:6:lv_group_set_editing	24	static
../lvgl/src/core/lv_group.c:328:6:lv_group_set_refocus_policy	0	static
../lvgl/src/core/lv_group.c:333:6:lv_group_set_wrap	0	static
../lvgl/src/core/lv_group.c:338:12:lv_group_get_focused	0	static
../lvgl/src/core/lv_group.c:346:21:lv_group_get_focus_cb	0	static
../lvgl/src/core/lv_group.c:352:20:lv_group_get_edge_cb	0	static
../lvgl/src/core/lv_group.c:358:6:lv_group_get_editing	0	static
../lvgl/src/core/lv_group.c:364:6:lv_group_get_wrap	0	static
../lvgl/src/core/lv_group.c:370:10:lv_group_get_obj_count	8	static
