../lvgl/src/core/lv_obj_tree.c:424:31:walk_core	24	static
../lvgl/src/core/lv_obj_tree.c:357:13:obj_del_core.part.0	24	static
../lvgl/src/core/lv_obj_tree.c:45:6:lv_obj_del	24	static
../lvgl/src/core/lv_obj_tree.c:121:6:lv_obj_del_anim_ready_cb	8	static
../lvgl/src/core/lv_obj_tree.c:350:13:lv_obj_del_async_cb	8	static
../lvgl/src/core/lv_obj_tree.c:85:6:lv_obj_clean	16	static
../lvgl/src/core/lv_obj_tree.c:109:6:lv_obj_del_delayed	80	static
../lvgl/src/core/lv_obj_tree.c:126:6:lv_obj_del_async	8	static
../lvgl/src/core/lv_obj_tree.c:132:6:lv_obj_set_parent	32	static
../lvgl/src/core/lv_obj_tree.c:190:6:lv_obj_move_to_index	24	static
../lvgl/src/core/lv_obj_tree.c:225:6:lv_obj_swap	32	static
../lvgl/src/core/lv_obj_tree.c:255:12:lv_obj_get_screen	0	static
../lvgl/src/core/lv_obj_tree.c:270:13:lv_obj_get_disp	24	static
../lvgl/src/core/lv_obj_tree.c:291:12:lv_obj_get_parent	0	static
../lvgl/src/core/lv_obj_tree.c:299:12:lv_obj_get_child	0	static
../lvgl/src/core/lv_obj_tree.c:319:10:lv_obj_get_child_cnt	0	static
../lvgl/src/core/lv_obj_tree.c:326:10:lv_obj_get_index	16	static
../lvgl/src/core/lv_obj_tree.c:341:6:lv_obj_tree_walk	8	static
