../lvgl/src/core/lv_obj.c:464:13:lv_obj_draw	176	static
../lvgl/src/core/lv_obj.c:431:13:lv_obj_destructor	8	static
../lvgl/src/core/lv_obj.c:400:13:lv_obj_constructor	24	static
../lvgl/src/core/lv_obj.c:856:13:lv_obj_set_state	88	static
../lvgl/src/core/lv_obj.c:701:13:lv_obj_event	40	static
../lvgl/src/core/lv_obj.c:929:13:obj_valid_child.isra	120	static
../lvgl/src/core/lv_obj.c:89:6:lv_is_initialized	0	static
../lvgl/src/core/lv_obj.c:94:6:lv_init	8	static
../lvgl/src/core/lv_obj.c:188:6:lv_deinit	8	static
../lvgl/src/core/lv_obj.c:204:12:lv_obj_create	8	static
../lvgl/src/core/lv_obj.c:220:6:lv_obj_add_flag	32	static
../lvgl/src/core/lv_obj.c:247:6:lv_obj_clear_flag	32	static
../lvgl/src/core/lv_obj.c:275:6:lv_obj_add_state	8	static
../lvgl/src/core/lv_obj.c:285:6:lv_obj_clear_state	8	static
../lvgl/src/core/lv_obj.c:299:6:lv_obj_has_flag	0	static
../lvgl/src/core/lv_obj.c:306:6:lv_obj_has_flag_any	0	static
../lvgl/src/core/lv_obj.c:313:12:lv_obj_get_state	0	static
../lvgl/src/core/lv_obj.c:320:6:lv_obj_has_state	0	static
../lvgl/src/core/lv_obj.c:327:8:lv_obj_get_group	0	static
../lvgl/src/core/lv_obj.c:339:6:lv_obj_allocate_spec_attr	8	static
../lvgl/src/core/lv_obj.c:357:6:lv_obj_check_type	0	static
../lvgl/src/core/lv_obj.c:363:6:lv_obj_has_class	0	static
../lvgl/src/core/lv_obj.c:374:24:lv_obj_get_class	0	static
../lvgl/src/core/lv_obj.c:379:6:lv_obj_is_valid	40	static
