../lvgl/src/core/lv_obj_pos.c:1156:13:transform_point	40	static
../lvgl/src/core/lv_obj_pos.c:782:6:lv_obj_move_children_by.constprop	136	static
../lvgl/src/core/lv_obj_pos.c:44:6:lv_obj_set_pos	24	static
../lvgl/src/core/lv_obj_pos.c:52:6:lv_obj_set_x	24	static
../lvgl/src/core/lv_obj_pos.c:66:6:lv_obj_set_y	24	static
../lvgl/src/core/lv_obj_pos.c:215:6:lv_obj_set_size	24	static
../lvgl/src/core/lv_obj_pos.c:223:6:lv_obj_set_width	24	static
../lvgl/src/core/lv_obj_pos.c:236:6:lv_obj_set_height	24	static
../lvgl/src/core/lv_obj_pos.c:249:6:lv_obj_set_content_width	32	static
../lvgl/src/core/lv_obj_pos.c:258:6:lv_obj_set_content_height	32	static
../lvgl/src/core/lv_obj_pos.c:267:6:lv_obj_set_layout	8	static
../lvgl/src/core/lv_obj_pos.c:276:6:lv_obj_is_layout_positioned	8	static
../lvgl/src/core/lv_obj_pos.c:288:6:lv_obj_mark_layout_as_dirty	8	static
../lvgl/src/core/lv_obj_pos.c:323:10:lv_layout_register	24	static
../lvgl/src/core/lv_obj_pos.c:334:6:lv_obj_set_align	8	static
../lvgl/src/core/lv_obj_pos.c:339:6:lv_obj_align	24	static
../lvgl/src/core/lv_obj_pos.c:487:6:lv_obj_get_coords	0	static
../lvgl/src/core/lv_obj_pos.c:494:12:lv_obj_get_x	24	static
../lvgl/src/core/lv_obj_pos.c:512:12:lv_obj_get_x2	32	static
../lvgl/src/core/lv_obj_pos.c:519:12:lv_obj_get_y	24	static
../lvgl/src/core/lv_obj_pos.c:537:12:lv_obj_get_y2	32	static
../lvgl/src/core/lv_obj_pos.c:544:12:lv_obj_get_x_aligned	8	static
../lvgl/src/core/lv_obj_pos.c:549:12:lv_obj_get_y_aligned	8	static
../lvgl/src/core/lv_obj_pos.c:555:12:lv_obj_get_width	0	static
../lvgl/src/core/lv_obj_pos.c:562:12:lv_obj_get_height	0	static
../lvgl/src/core/lv_obj_pos.c:569:12:lv_obj_get_content_width	16	static
../lvgl/src/core/lv_obj_pos.c:580:12:lv_obj_get_content_height	16	static
../lvgl/src/core/lv_obj_pos.c:591:6:lv_obj_get_content_coords	16	static
../lvgl/src/core/lv_obj_pos.c:605:12:lv_obj_get_self_width	16	static
../lvgl/src/core/lv_obj_pos.c:612:12:lv_obj_get_self_height	16	static
../lvgl/src/core/lv_obj_pos.c:619:6:lv_obj_refresh_self_size	16	static
../lvgl/src/core/lv_obj_pos.c:782:6:lv_obj_move_children_by	56	static
../lvgl/src/core/lv_obj_pos.c:798:6:lv_obj_transform_point	24	static
../lvgl/src/core/lv_obj_pos.c:814:6:lv_obj_get_transformed_area	48	static
../lvgl/src/core/lv_obj_pos.c:868:6:lv_obj_area_is_visible	32	static
../lvgl/src/core/lv_obj_pos.c:837:6:lv_obj_invalidate_area	24	static
../lvgl/src/core/lv_obj_pos.c:851:6:lv_obj_invalidate	40	static
../lvgl/src/core/lv_obj_pos.c:709:6:lv_obj_move_to	64	static
../lvgl/src/core/lv_obj_pos.c:629:6:lv_obj_refr_pos.part.0	80	static
../lvgl/src/core/lv_obj_pos.c:629:6:lv_obj_refr_pos	8	static
../lvgl/src/core/lv_obj_pos.c:80:6:lv_obj_refr_size.part.0	88	static
../lvgl/src/core/lv_obj_pos.c:80:6:lv_obj_refr_size	8	static
../lvgl/src/core/lv_obj_pos.c:1131:13:layout_update_core	16	static
../lvgl/src/core/lv_obj_pos.c:345:6:lv_obj_align_to	64	static
../lvgl/src/core/lv_obj_pos.c:301:6:lv_obj_update_layout	16	static
../lvgl/src/core/lv_obj_pos.c:918:6:lv_obj_is_visible	24	static
../lvgl/src/core/lv_obj_pos.c:934:6:lv_obj_set_ext_click_area	16	static
../lvgl/src/core/lv_obj_pos.c:942:6:lv_obj_get_click_area	16	static
../lvgl/src/core/lv_obj_pos.c:953:6:lv_obj_hit_test	40	static
../lvgl/src/core/lv_obj_pos.c:974:12:lv_clamp_width	24	static
../lvgl/src/core/lv_obj_pos.c:981:12:lv_clamp_height	24	static
