../lvgl/src/core/lv_obj_style.c:505:21:get_local_style	32	static
../lvgl/src/core/lv_obj_style.c:541:26:get_trans_style	24	static
../lvgl/src/core/lv_obj_style.c:851:13:fade_anim_cb	8	static
../lvgl/src/core/lv_obj_style.c:683:13:trans_del.isra	48	static
../lvgl/src/core/lv_obj_style.c:856:13:fade_in_anim_ready	16	static
../lvgl/src/core/lv_obj_style.c:660:13:refresh_children_style	120	static
../lvgl/src/core/lv_obj_style.c:71:6:_lv_obj_style_init	8	static
../lvgl/src/core/lv_obj_style.c:218:6:lv_obj_enable_style_refresh	0	static
../lvgl/src/core/lv_obj_style.c:223:18:lv_obj_get_style_prop	64	static
../lvgl/src/core/lv_obj_style.c:167:6:lv_obj_refresh_style.part.0	40	static
../lvgl/src/core/lv_obj_style.c:167:6:lv_obj_refresh_style	8	static
../lvgl/src/core/lv_obj_style.c:76:6:lv_obj_add_style	32	static
../lvgl/src/core/lv_obj_style.c:717:13:trans_anim_cb	40	static
../lvgl/src/core/lv_obj_style.c:106:6:lv_obj_remove_style	48	static
../lvgl/src/core/lv_obj_style.c:801:13:trans_anim_ready_cb	32	static
../lvgl/src/core/lv_obj_style.c:639:13:report_style_change_core	120	static
../lvgl/src/core/lv_obj_style.c:153:6:lv_obj_report_style_change	32	static
../lvgl/src/core/lv_obj_style.c:780:13:trans_anim_start_cb	16	static
../lvgl/src/core/lv_obj_style.c:270:6:lv_obj_set_local_style_prop	24	static
../lvgl/src/core/lv_obj_style.c:278:6:lv_obj_set_local_style_prop_meta	24	static
../lvgl/src/core/lv_obj_style.c:287:16:lv_obj_get_local_style_prop	24	static
../lvgl/src/core/lv_obj_style.c:301:6:lv_obj_remove_local_style_prop	24	static
../lvgl/src/core/lv_obj_style.c:320:6:_lv_obj_style_create_transition	104	static
../lvgl/src/core/lv_obj_style.c:377:18:_lv_obj_style_apply_color_filter	24	static
../lvgl/src/core/lv_obj_style.c:388:23:_lv_obj_style_state_compare	48	static
../lvgl/src/core/lv_obj_style.c:450:6:lv_obj_fade_in	80	static
../lvgl/src/core/lv_obj_style.c:463:6:lv_obj_fade_out	80	static
../lvgl/src/core/lv_obj_style.c:475:12:lv_obj_style_get_selector_state	0	static
../lvgl/src/core/lv_obj_style.c:480:11:lv_obj_style_get_selector_part	0	static
../lvgl/src/core/lv_obj_style.c:486:17:lv_obj_calculate_style_text_align	16	static
