../lvgl/src/core/lv_obj_scroll.c:682:13:scroll_anim_ready_cb	8	static
../lvgl/src/core/lv_obj_scroll.c:161:12:lv_obj_get_scroll_left.part.0	40	static
../lvgl/src/core/lv_obj_scroll.c:204:12:lv_obj_get_scroll_right.part.0	32	static
../lvgl/src/core/lv_obj_scroll.c:672:13:scroll_x_anim	16	static
../lvgl/src/core/lv_obj_scroll.c:677:13:scroll_y_anim	16	static
../lvgl/src/core/lv_obj_scroll.c:56:6:lv_obj_set_scrollbar_mode	16	static
../lvgl/src/core/lv_obj_scroll.c:67:6:lv_obj_set_scroll_dir	16	static
../lvgl/src/core/lv_obj_scroll.c:76:6:lv_obj_set_scroll_snap_x	16	static
../lvgl/src/core/lv_obj_scroll.c:82:6:lv_obj_set_scroll_snap_y	16	static
../lvgl/src/core/lv_obj_scroll.c:92:21:lv_obj_get_scrollbar_mode	0	static
../lvgl/src/core/lv_obj_scroll.c:98:10:lv_obj_get_scroll_dir	0	static
../lvgl/src/core/lv_obj_scroll.c:104:18:lv_obj_get_scroll_snap_x	0	static
../lvgl/src/core/lv_obj_scroll.c:110:18:lv_obj_get_scroll_snap_y	0	static
../lvgl/src/core/lv_obj_scroll.c:116:12:lv_obj_get_scroll_x	0	static
../lvgl/src/core/lv_obj_scroll.c:122:12:lv_obj_get_scroll_y	0	static
../lvgl/src/core/lv_obj_scroll.c:128:12:lv_obj_get_scroll_top	0	static
../lvgl/src/core/lv_obj_scroll.c:134:12:lv_obj_get_scroll_bottom	32	static
../lvgl/src/core/lv_obj_scroll.c:448:6:lv_obj_get_scrollbar_area.part.0	104	static
../lvgl/src/core/lv_obj_scroll.c:161:12:lv_obj_get_scroll_left	8	static
../lvgl/src/core/lv_obj_scroll.c:204:12:lv_obj_get_scroll_right	8	static
../lvgl/src/core/lv_obj_scroll.c:240:6:lv_obj_get_scroll_end	16	static
../lvgl/src/core/lv_obj_scroll.c:303:6:lv_obj_scroll_by	88	static
../lvgl/src/core/lv_obj_scroll.c:254:6:lv_obj_scroll_by_bounded.part.0	40	static
../lvgl/src/core/lv_obj_scroll.c:687:13:scroll_area_into_view	80	static
../lvgl/src/core/lv_obj_scroll.c:254:6:lv_obj_scroll_by_bounded	40	static
../lvgl/src/core/lv_obj_scroll.c:362:6:lv_obj_scroll_to	24	static
../lvgl/src/core/lv_obj_scroll.c:368:6:lv_obj_scroll_to_x	24	static
../lvgl/src/core/lv_obj_scroll.c:378:6:lv_obj_scroll_to_y	24	static
../lvgl/src/core/lv_obj_scroll.c:388:6:lv_obj_scroll_to_view	24	static
../lvgl/src/core/lv_obj_scroll.c:397:6:lv_obj_scroll_to_view_recursive	32	static
../lvgl/src/core/lv_obj_scroll.c:412:10:_lv_obj_scroll_by_raw	24	static
../lvgl/src/core/lv_obj_scroll.c:429:6:lv_obj_is_scrolling	16	static
../lvgl/src/core/lv_obj_scroll.c:440:6:lv_obj_update_snap	96	static
../lvgl/src/core/lv_obj_scroll.c:448:6:lv_obj_get_scrollbar_area	32	static
../lvgl/src/core/lv_obj_scroll.c:622:6:lv_obj_scrollbar_invalidate	40	static
../lvgl/src/core/lv_obj_scroll.c:634:6:lv_obj_readjust_scroll	24	static
