../lvgl/src/core/lv_refr.c:718:19:lv_refr_get_top_obj.part.0	32	static
../lvgl/src/core/lv_refr.c:102:6:_lv_refr_init	0	static
../lvgl/src/core/lv_refr.c:129:6:lv_obj_redraw	56	static
../lvgl/src/core/lv_refr.c:879:6:refr_obj.part.0	112	static
../lvgl/src/core/lv_refr.c:758:13:refr_obj_and_children	32	static
../lvgl/src/core/lv_refr.c:612:13:refr_area_part	224	static
../lvgl/src/core/lv_refr.c:205:6:_lv_inv_area	32	static
../lvgl/src/core/lv_refr.c:266:13:_lv_refr_get_disp_refreshing	0	static
../lvgl/src/core/lv_refr.c:277:6:_lv_refr_set_disp_refreshing	0	static
../lvgl/src/core/lv_refr.c:286:6:_lv_disp_refr_timer	88	static
../lvgl/src/core/lv_refr.c:112:6:lv_refr_now	8	static
