../lvgl/src/core/lv_theme.c:114:13:apply_theme	24	static
../lvgl/src/core/lv_theme.c:36:15:lv_theme_get_from_obj	8	static
../lvgl/src/core/lv_theme.c:47:6:lv_theme_apply	24	static
../lvgl/src/core/lv_theme.c:64:6:lv_theme_set_parent	0	static
../lvgl/src/core/lv_theme.c:75:6:lv_theme_set_apply_cb	0	static
../lvgl/src/core/lv_theme.c:80:19:lv_theme_get_font_small	8	static
../lvgl/src/core/lv_theme.c:86:19:lv_theme_get_font_normal	8	static
../lvgl/src/core/lv_theme.c:92:19:lv_theme_get_font_large	8	static
../lvgl/src/core/lv_theme.c:98:12:lv_theme_get_color_primary	8	static
../lvgl/src/core/lv_theme.c:104:12:lv_theme_get_color_secondary	8	static
