../lvgl/src/misc/lv_anim.c:212:9:lv_anim_path_linear	16	static
../lvgl/src/misc/lv_anim.c:350:13:anim_timer	48	static
../lvgl/src/misc/lv_anim.c:57:6:_lv_anim_core_init	16	static
../lvgl/src/misc/lv_anim.c:65:6:lv_anim_init	8	static
../lvgl/src/misc/lv_anim.c:117:10:lv_anim_get_playtime	12	static
../lvgl/src/misc/lv_anim.c:138:6:lv_anim_del	40	static
../lvgl/src/misc/lv_anim.c:76:13:lv_anim_start	16	static
../lvgl/src/misc/lv_anim.c:163:6:lv_anim_del_all	8	static
../lvgl/src/misc/lv_anim.c:169:13:lv_anim_get	16	static
../lvgl/src/misc/lv_anim.c:181:22:lv_anim_get_timer	0	static
../lvgl/src/misc/lv_anim.c:186:10:lv_anim_count_running	16	static
../lvgl/src/misc/lv_anim.c:195:10:lv_anim_speed_to_time	16	static
../lvgl/src/misc/lv_anim.c:207:6:lv_anim_refr_now	8	static
../lvgl/src/misc/lv_anim.c:227:9:lv_anim_path_ease_in	24	static
../lvgl/src/misc/lv_anim.c:241:9:lv_anim_path_ease_out	24	static
../lvgl/src/misc/lv_anim.c:255:9:lv_anim_path_ease_in_out	24	static
../lvgl/src/misc/lv_anim.c:269:9:lv_anim_path_overshoot	24	static
../lvgl/src/misc/lv_anim.c:283:9:lv_anim_path_bounce	32	static
../lvgl/src/misc/lv_anim.c:334:9:lv_anim_path_step	0	static
