../lvgl/src/misc/lv_ll.c:47:6:_lv_ll_init	0	static
../lvgl/src/misc/lv_ll.c:67:8:_lv_ll_ins_head	8	static
../lvgl/src/misc/lv_ll.c:96:8:_lv_ll_ins_prev	16	static
../lvgl/src/misc/lv_ll.c:126:8:_lv_ll_ins_tail	8	static
../lvgl/src/misc/lv_ll.c:154:6:_lv_ll_remove	8	static
../lvgl/src/misc/lv_ll.c:191:6:_lv_ll_clear	16	static
../lvgl/src/misc/lv_ll.c:217:6:_lv_ll_chg_list	16	static
../lvgl/src/misc/lv_ll.c:256:8:_lv_ll_get_head	0	static
../lvgl/src/misc/lv_ll.c:267:8:_lv_ll_get_tail	0	static
../lvgl/src/misc/lv_ll.c:279:8:_lv_ll_get_next	0	static
../lvgl/src/misc/lv_ll.c:294:8:_lv_ll_get_prev	0	static
../lvgl/src/misc/lv_ll.c:308:10:_lv_ll_get_len	0	static
../lvgl/src/misc/lv_ll.c:326:6:_lv_ll_move_before	20	static
../lvgl/src/misc/lv_ll.c:359:6:_lv_ll_is_empty	0	static
