../lvgl/src/misc/lv_style_gen.c:3:6:lv_style_set_width	8	static
../lvgl/src/misc/lv_style_gen.c:11:6:lv_style_set_min_width	8	static
../lvgl/src/misc/lv_style_gen.c:19:6:lv_style_set_max_width	8	static
../lvgl/src/misc/lv_style_gen.c:27:6:lv_style_set_height	8	static
../lvgl/src/misc/lv_style_gen.c:35:6:lv_style_set_min_height	8	static
../lvgl/src/misc/lv_style_gen.c:43:6:lv_style_set_max_height	8	static
../lvgl/src/misc/lv_style_gen.c:51:6:lv_style_set_x	8	static
../lvgl/src/misc/lv_style_gen.c:59:6:lv_style_set_y	8	static
../lvgl/src/misc/lv_style_gen.c:67:6:lv_style_set_align	8	static
../lvgl/src/misc/lv_style_gen.c:75:6:lv_style_set_transform_width	8	static
../lvgl/src/misc/lv_style_gen.c:83:6:lv_style_set_transform_height	8	static
../lvgl/src/misc/lv_style_gen.c:91:6:lv_style_set_translate_x	8	static
../lvgl/src/misc/lv_style_gen.c:99:6:lv_style_set_translate_y	8	static
../lvgl/src/misc/lv_style_gen.c:107:6:lv_style_set_transform_zoom	8	static
../lvgl/src/misc/lv_style_gen.c:115:6:lv_style_set_transform_angle	8	static
../lvgl/src/misc/lv_style_gen.c:123:6:lv_style_set_transform_pivot_x	8	static
../lvgl/src/misc/lv_style_gen.c:131:6:lv_style_set_transform_pivot_y	8	static
../lvgl/src/misc/lv_style_gen.c:139:6:lv_style_set_pad_top	8	static
../lvgl/src/misc/lv_style_gen.c:147:6:lv_style_set_pad_bottom	8	static
../lvgl/src/misc/lv_style_gen.c:155:6:lv_style_set_pad_left	8	static
../lvgl/src/misc/lv_style_gen.c:163:6:lv_style_set_pad_right	8	static
../lvgl/src/misc/lv_style_gen.c:171:6:lv_style_set_pad_row	8	static
../lvgl/src/misc/lv_style_gen.c:179:6:lv_style_set_pad_column	8	static
../lvgl/src/misc/lv_style_gen.c:187:6:lv_style_set_bg_color	16	static
../lvgl/src/misc/lv_style_gen.c:195:6:lv_style_set_bg_opa	8	static
../lvgl/src/misc/lv_style_gen.c:203:6:lv_style_set_bg_grad_color	16	static
../lvgl/src/misc/lv_style_gen.c:211:6:lv_style_set_bg_grad_dir	8	static
../lvgl/src/misc/lv_style_gen.c:219:6:lv_style_set_bg_main_stop	8	static
../lvgl/src/misc/lv_style_gen.c:227:6:lv_style_set_bg_grad_stop	8	static
../lvgl/src/misc/lv_style_gen.c:235:6:lv_style_set_bg_grad	8	static
../lvgl/src/misc/lv_style_gen.c:243:6:lv_style_set_bg_dither_mode	8	static
../lvgl/src/misc/lv_style_gen.c:251:6:lv_style_set_bg_img_src	8	static
../lvgl/src/misc/lv_style_gen.c:259:6:lv_style_set_bg_img_opa	8	static
../lvgl/src/misc/lv_style_gen.c:267:6:lv_style_set_bg_img_recolor	16	static
../lvgl/src/misc/lv_style_gen.c:275:6:lv_style_set_bg_img_recolor_opa	8	static
../lvgl/src/misc/lv_style_gen.c:283:6:lv_style_set_bg_img_tiled	8	static
../lvgl/src/misc/lv_style_gen.c:291:6:lv_style_set_border_color	16	static
../lvgl/src/misc/lv_style_gen.c:299:6:lv_style_set_border_opa	8	static
../lvgl/src/misc/lv_style_gen.c:307:6:lv_style_set_border_width	8	static
../lvgl/src/misc/lv_style_gen.c:315:6:lv_style_set_border_side	8	static
../lvgl/src/misc/lv_style_gen.c:323:6:lv_style_set_border_post	8	static
../lvgl/src/misc/lv_style_gen.c:331:6:lv_style_set_outline_width	8	static
../lvgl/src/misc/lv_style_gen.c:339:6:lv_style_set_outline_color	16	static
../lvgl/src/misc/lv_style_gen.c:347:6:lv_style_set_outline_opa	8	static
../lvgl/src/misc/lv_style_gen.c:355:6:lv_style_set_outline_pad	8	static
../lvgl/src/misc/lv_style_gen.c:363:6:lv_style_set_shadow_width	8	static
../lvgl/src/misc/lv_style_gen.c:371:6:lv_style_set_shadow_ofs_x	8	static
../lvgl/src/misc/lv_style_gen.c:379:6:lv_style_set_shadow_ofs_y	8	static
../lvgl/src/misc/lv_style_gen.c:387:6:lv_style_set_shadow_spread	8	static
../lvgl/src/misc/lv_style_gen.c:395:6:lv_style_set_shadow_color	16	static
../lvgl/src/misc/lv_style_gen.c:403:6:lv_style_set_shadow_opa	8	static
../lvgl/src/misc/lv_style_gen.c:411:6:lv_style_set_img_opa	8	static
../lvgl/src/misc/lv_style_gen.c:419:6:lv_style_set_img_recolor	16	static
../lvgl/src/misc/lv_style_gen.c:427:6:lv_style_set_img_recolor_opa	8	static
../lvgl/src/misc/lv_style_gen.c:435:6:lv_style_set_line_width	8	static
../lvgl/src/misc/lv_style_gen.c:443:6:lv_style_set_line_dash_width	8	static
../lvgl/src/misc/lv_style_gen.c:451:6:lv_style_set_line_dash_gap	8	static
../lvgl/src/misc/lv_style_gen.c:459:6:lv_style_set_line_rounded	8	static
../lvgl/src/misc/lv_style_gen.c:467:6:lv_style_set_line_color	16	static
../lvgl/src/misc/lv_style_gen.c:475:6:lv_style_set_line_opa	8	static
../lvgl/src/misc/lv_style_gen.c:483:6:lv_style_set_arc_width	8	static
../lvgl/src/misc/lv_style_gen.c:491:6:lv_style_set_arc_rounded	8	static
../lvgl/src/misc/lv_style_gen.c:499:6:lv_style_set_arc_color	16	static
../lvgl/src/misc/lv_style_gen.c:507:6:lv_style_set_arc_opa	8	static
../lvgl/src/misc/lv_style_gen.c:515:6:lv_style_set_arc_img_src	8	static
../lvgl/src/misc/lv_style_gen.c:523:6:lv_style_set_text_color	16	static
../lvgl/src/misc/lv_style_gen.c:531:6:lv_style_set_text_opa	8	static
../lvgl/src/misc/lv_style_gen.c:539:6:lv_style_set_text_font	8	static
../lvgl/src/misc/lv_style_gen.c:547:6:lv_style_set_text_letter_space	8	static
../lvgl/src/misc/lv_style_gen.c:555:6:lv_style_set_text_line_space	8	static
../lvgl/src/misc/lv_style_gen.c:563:6:lv_style_set_text_decor	8	static
../lvgl/src/misc/lv_style_gen.c:571:6:lv_style_set_text_align	8	static
../lvgl/src/misc/lv_style_gen.c:579:6:lv_style_set_radius	8	static
../lvgl/src/misc/lv_style_gen.c:587:6:lv_style_set_clip_corner	8	static
../lvgl/src/misc/lv_style_gen.c:595:6:lv_style_set_opa	8	static
../lvgl/src/misc/lv_style_gen.c:603:6:lv_style_set_color_filter_dsc	8	static
../lvgl/src/misc/lv_style_gen.c:611:6:lv_style_set_color_filter_opa	8	static
../lvgl/src/misc/lv_style_gen.c:619:6:lv_style_set_anim	8	static
../lvgl/src/misc/lv_style_gen.c:627:6:lv_style_set_anim_time	8	static
../lvgl/src/misc/lv_style_gen.c:635:6:lv_style_set_anim_speed	8	static
../lvgl/src/misc/lv_style_gen.c:643:6:lv_style_set_transition	8	static
../lvgl/src/misc/lv_style_gen.c:651:6:lv_style_set_blend_mode	8	static
../lvgl/src/misc/lv_style_gen.c:659:6:lv_style_set_layout	8	static
../lvgl/src/misc/lv_style_gen.c:667:6:lv_style_set_base_dir	8	static
