Archive member included to satisfy reference by file (symbol)

C:/ST/STM32CubeCLT_1.17.0/GNU-tools-for-STM32/bin/../lib/gcc/arm-none-eabi/12.3.1/../../../../arm-none-eabi/lib/thumb/v6-m/nofp\libc_nano.a(libc_a-exit.o)
                              C:/ST/STM32CubeCLT_1.17.0/GNU-tools-for-STM32/bin/../lib/gcc/arm-none-eabi/12.3.1/../../../../arm-none-eabi/lib/thumb/v6-m/nofp/crt0.o (exit)
C:/ST/STM32CubeCLT_1.17.0/GNU-tools-for-STM32/bin/../lib/gcc/arm-none-eabi/12.3.1/../../../../arm-none-eabi/lib/thumb/v6-m/nofp\libc_nano.a(libc_a-findfp.o)
                              C:/ST/STM32CubeCLT_1.17.0/GNU-tools-for-STM32/bin/../lib/gcc/arm-none-eabi/12.3.1/../../../../arm-none-eabi/lib/thumb/v6-m/nofp\libc_nano.a(libc_a-exit.o) (__stdio_exit_handler)
C:/ST/STM32CubeCLT_1.17.0/GNU-tools-for-STM32/bin/../lib/gcc/arm-none-eabi/12.3.1/../../../../arm-none-eabi/lib/thumb/v6-m/nofp\libc_nano.a(libc_a-fwalk.o)
                              C:/ST/STM32CubeCLT_1.17.0/GNU-tools-for-STM32/bin/../lib/gcc/arm-none-eabi/12.3.1/../../../../arm-none-eabi/lib/thumb/v6-m/nofp\libc_nano.a(libc_a-findfp.o) (_fwalk_sglue)
C:/ST/STM32CubeCLT_1.17.0/GNU-tools-for-STM32/bin/../lib/gcc/arm-none-eabi/12.3.1/../../../../arm-none-eabi/lib/thumb/v6-m/nofp\libc_nano.a(libc_a-stdio.o)
                              C:/ST/STM32CubeCLT_1.17.0/GNU-tools-for-STM32/bin/../lib/gcc/arm-none-eabi/12.3.1/../../../../arm-none-eabi/lib/thumb/v6-m/nofp\libc_nano.a(libc_a-findfp.o) (__sread)
C:/ST/STM32CubeCLT_1.17.0/GNU-tools-for-STM32/bin/../lib/gcc/arm-none-eabi/12.3.1/../../../../arm-none-eabi/lib/thumb/v6-m/nofp\libc_nano.a(libc_a-memset.o)
                              C:/ST/STM32CubeCLT_1.17.0/GNU-tools-for-STM32/bin/../lib/gcc/arm-none-eabi/12.3.1/../../../../arm-none-eabi/lib/thumb/v6-m/nofp/crt0.o (memset)
C:/ST/STM32CubeCLT_1.17.0/GNU-tools-for-STM32/bin/../lib/gcc/arm-none-eabi/12.3.1/../../../../arm-none-eabi/lib/thumb/v6-m/nofp\libc_nano.a(libc_a-closer.o)
                              C:/ST/STM32CubeCLT_1.17.0/GNU-tools-for-STM32/bin/../lib/gcc/arm-none-eabi/12.3.1/../../../../arm-none-eabi/lib/thumb/v6-m/nofp\libc_nano.a(libc_a-stdio.o) (_close_r)
C:/ST/STM32CubeCLT_1.17.0/GNU-tools-for-STM32/bin/../lib/gcc/arm-none-eabi/12.3.1/../../../../arm-none-eabi/lib/thumb/v6-m/nofp\libc_nano.a(libc_a-reent.o)
                              C:/ST/STM32CubeCLT_1.17.0/GNU-tools-for-STM32/bin/../lib/gcc/arm-none-eabi/12.3.1/../../../../arm-none-eabi/lib/thumb/v6-m/nofp\libc_nano.a(libc_a-closer.o) (errno)
C:/ST/STM32CubeCLT_1.17.0/GNU-tools-for-STM32/bin/../lib/gcc/arm-none-eabi/12.3.1/../../../../arm-none-eabi/lib/thumb/v6-m/nofp\libc_nano.a(libc_a-impure.o)
                              C:/ST/STM32CubeCLT_1.17.0/GNU-tools-for-STM32/bin/../lib/gcc/arm-none-eabi/12.3.1/../../../../arm-none-eabi/lib/thumb/v6-m/nofp\libc_nano.a(libc_a-reent.o) (_impure_ptr)
C:/ST/STM32CubeCLT_1.17.0/GNU-tools-for-STM32/bin/../lib/gcc/arm-none-eabi/12.3.1/../../../../arm-none-eabi/lib/thumb/v6-m/nofp\libc_nano.a(libc_a-lseekr.o)
                              C:/ST/STM32CubeCLT_1.17.0/GNU-tools-for-STM32/bin/../lib/gcc/arm-none-eabi/12.3.1/../../../../arm-none-eabi/lib/thumb/v6-m/nofp\libc_nano.a(libc_a-stdio.o) (_lseek_r)
C:/ST/STM32CubeCLT_1.17.0/GNU-tools-for-STM32/bin/../lib/gcc/arm-none-eabi/12.3.1/../../../../arm-none-eabi/lib/thumb/v6-m/nofp\libc_nano.a(libc_a-readr.o)
                              C:/ST/STM32CubeCLT_1.17.0/GNU-tools-for-STM32/bin/../lib/gcc/arm-none-eabi/12.3.1/../../../../arm-none-eabi/lib/thumb/v6-m/nofp\libc_nano.a(libc_a-stdio.o) (_read_r)
C:/ST/STM32CubeCLT_1.17.0/GNU-tools-for-STM32/bin/../lib/gcc/arm-none-eabi/12.3.1/../../../../arm-none-eabi/lib/thumb/v6-m/nofp\libc_nano.a(libc_a-writer.o)
                              C:/ST/STM32CubeCLT_1.17.0/GNU-tools-for-STM32/bin/../lib/gcc/arm-none-eabi/12.3.1/../../../../arm-none-eabi/lib/thumb/v6-m/nofp\libc_nano.a(libc_a-stdio.o) (_write_r)
C:/ST/STM32CubeCLT_1.17.0/GNU-tools-for-STM32/bin/../lib/gcc/arm-none-eabi/12.3.1/../../../../arm-none-eabi/lib/thumb/v6-m/nofp\libc_nano.a(libc_a-init.o)
                              C:/ST/STM32CubeCLT_1.17.0/GNU-tools-for-STM32/bin/../lib/gcc/arm-none-eabi/12.3.1/../../../../arm-none-eabi/lib/thumb/v6-m/nofp/crt0.o (__libc_init_array)
C:/ST/STM32CubeCLT_1.17.0/GNU-tools-for-STM32/bin/../lib/gcc/arm-none-eabi/12.3.1/../../../../arm-none-eabi/lib/thumb/v6-m/nofp\libc_nano.a(libc_a-lock.o)
                              C:/ST/STM32CubeCLT_1.17.0/GNU-tools-for-STM32/bin/../lib/gcc/arm-none-eabi/12.3.1/../../../../arm-none-eabi/lib/thumb/v6-m/nofp\libc_nano.a(libc_a-findfp.o) (__retarget_lock_init_recursive)
C:/ST/STM32CubeCLT_1.17.0/GNU-tools-for-STM32/bin/../lib/gcc/arm-none-eabi/12.3.1/../../../../arm-none-eabi/lib/thumb/v6-m/nofp\libc_nano.a(libc_a-freer.o)
                              C:/ST/STM32CubeCLT_1.17.0/GNU-tools-for-STM32/bin/../lib/gcc/arm-none-eabi/12.3.1/../../../../arm-none-eabi/lib/thumb/v6-m/nofp\libc_nano.a(libc_a-reent.o) (_free_r)
[...]
Memory Configuration

Name             Origin             Length             Attributes
RAM              0x20000000         0x00009000         xrw
FLASH            0x08000000         0x00020000         xr
SPIFLASH         0x90000000         0x00800000         xr
*default*        0x00000000         0xffffffff

Linker script and memory map

LOAD C:/ST/STM32CubeCLT_1.17.0/GNU-tools-for-STM32/bin/../lib/gcc/arm-none-eabi/12.3.1/thumb/v6-m/nofp/crti.o
LOAD C:/ST/STM32CubeCLT_1.17.0/GNU-tools-for-STM32/bin/../lib/gcc/arm-none-eabi/12.3.1/thumb/v6-m/nofp/crtbegin.o
LOAD C:/ST/STM32CubeCLT_1.17.0/GNU-tools-for-STM32/bin/../lib/gcc/arm-none-eabi/12.3.1/../../../../arm-none-eabi/lib/thumb/v6-m/nofp/crt0.o
START GROUP
LOAD C:/ST/STM32CubeCLT_1.17.0/GNU-tools-for-STM32/bin/../lib/gcc/arm-none-eabi/12.3.1/../../../../arm-none-eabi/lib/thumb/v6-m/nofp\libc_nano.a
LOAD C:/ST/STM32CubeCLT_1.17.0/GNU-tools-for-STM32/bin/../lib/gcc/arm-none-eabi/12.3.1/../../../../arm-none-eabi/lib/thumb/v6-m/nofp\libm.a
END GROUP
LOAD CMakeFiles/STM32G071RB_LVGL.dir/Core/gcc/startup_stm32g071rbtx.s.obj
LOAD CMakeFiles/STM32G071RB_LVGL.dir/Core/syscalls.c.obj
LOAD CMakeFiles/STM32G071RB_LVGL.dir/Core/sysmem.c.obj
LOAD CMakeFiles/STM32G071RB_LVGL.dir/Core/Src/main.c.obj
LOAD CMakeFiles/STM32G071RB_LVGL.dir/Core/Src/stm32g0xx_hal_msp.c.obj
LOAD CMakeFiles/STM32G071RB_LVGL.dir/Core/Src/stm32g0xx_it.c.obj
LOAD CMakeFiles/STM32G071RB_LVGL.dir/Core/Src/stm32g0xx_nucleo_bus.c.obj
LOAD CMakeFiles/STM32G071RB_LVGL.dir/Core/Src/system_stm32g0xx.c.obj
LOAD CMakeFiles/STM32G071RB_LVGL.dir/Drivers/STM32G0xx_HAL_Driver/Src/stm32g0xx_hal.c.obj
LOAD CMakeFiles/STM32G071RB_LVGL.dir/Drivers/STM32G0xx_HAL_Driver/Src/stm32g0xx_hal_cortex.c.obj
LOAD CMakeFiles/STM32G071RB_LVGL.dir/Drivers/STM32G0xx_HAL_Driver/Src/stm32g0xx_hal_dma.c.obj
LOAD CMakeFiles/STM32G071RB_LVGL.dir/Drivers/STM32G0xx_HAL_Driver/Src/stm32g0xx_hal_dma_ex.c.obj
LOAD CMakeFiles/STM32G071RB_LVGL.dir/Drivers/STM32G0xx_HAL_Driver/Src/stm32g0xx_hal_exti.c.obj
LOAD CMakeFiles/STM32G071RB_LVGL.dir/Drivers/STM32G0xx_HAL_Driver/Src/stm32g0xx_hal_flash_ex.c.obj
LOAD CMakeFiles/STM32G071RB_LVGL.dir/Drivers/STM32G0xx_HAL_Driver/Src/stm32g0xx_hal_flash.c.obj
LOAD CMakeFiles/STM32G071RB_LVGL.dir/Drivers/STM32G0xx_HAL_Driver/Src/stm32g0xx_hal_gpio.c.obj
LOAD CMakeFiles/STM32G071RB_LVGL.dir/Drivers/STM32G0xx_HAL_Driver/Src/stm32g0xx_hal_pwr_ex.c.obj
LOAD CMakeFiles/STM32G071RB_LVGL.dir/Drivers/STM32G0xx_HAL_Driver/Src/stm32g0xx_hal_pwr.c.obj
LOAD CMakeFiles/STM32G071RB_LVGL.dir/Drivers/STM32G0xx_HAL_Driver/Src/stm32g0xx_hal_rcc_ex.c.obj
LOAD CMakeFiles/STM32G071RB_LVGL.dir/Drivers/STM32G0xx_HAL_Driver/Src/stm32g0xx_hal_rcc.c.obj
LOAD CMakeFiles/STM32G071RB_LVGL.dir/Drivers/STM32G0xx_HAL_Driver/Src/stm32g0xx_hal_spi_ex.c.obj
LOAD CMakeFiles/STM32G071RB_LVGL.dir/Drivers/STM32G0xx_HAL_Driver/Src/stm32g0xx_hal_spi.c.obj
LOAD CMakeFiles/STM32G071RB_LVGL.dir/Drivers/STM32G0xx_HAL_Driver/Src/stm32g0xx_hal_tim_ex.c.obj
LOAD CMakeFiles/STM32G071RB_LVGL.dir/Drivers/STM32G0xx_HAL_Driver/Src/stm32g0xx_hal_tim.c.obj
LOAD CMakeFiles/STM32G071RB_LVGL.dir/Drivers/STM32G0xx_HAL_Driver/Src/stm32g0xx_ll_dma.c.obj
LOAD CMakeFiles/STM32G071RB_LVGL.dir/Drivers/STM32G0xx_HAL_Driver/Src/stm32g0xx_ll_rcc.c.obj
LOAD CMakeFiles/STM32G071RB_LVGL.dir/Drivers/BSP/key/key_io.c.obj
LOAD CMakeFiles/STM32G071RB_LVGL.dir/Drivers/BSP/lcd/lcd_io.c.obj
LOAD CMakeFiles/STM32G071RB_LVGL.dir/Drivers/BSP/lcd/lcd_os.c.obj
LOAD CMakeFiles/STM32G071RB_LVGL.dir/Drivers/BSP/lcd/st7789v_reg.c.obj
LOAD CMakeFiles/STM32G071RB_LVGL.dir/Drivers/BSP/lcd/st7789v.c.obj
LOAD CMakeFiles/STM32G071RB_LVGL.dir/Drivers/BSP/mem/mem_io.c.obj
LOAD CMakeFiles/STM32G071RB_LVGL.dir/Drivers/BSP/mem/mem_os.c.obj
LOAD CMakeFiles/STM32G071RB_LVGL.dir/Drivers/BSP/mem/mx25l6433f.c.obj
LOAD CMakeFiles/STM32G071RB_LVGL.dir/lvgl_hal/disp.c.obj
LOAD CMakeFiles/STM32G071RB_LVGL.dir/lvgl_hal/indev.c.obj
LOAD CMakeFiles/STM32G071RB_LVGL.dir/ui/font_14.c.obj
LOAD CMakeFiles/STM32G071RB_LVGL.dir/ui/ui.c.obj
LOAD CMakeFiles/STM32G071RB_LVGL.dir/ui/ui_comp.c.obj
LOAD CMakeFiles/STM32G071RB_LVGL.dir/ui/ui_helpers.c.obj
LOAD CMakeFiles/STM32G071RB_LVGL.dir/ui/ui_img_aircon_png.c.obj
LOAD CMakeFiles/STM32G071RB_LVGL.dir/ui/ui_img_back_png.c.obj
LOAD CMakeFiles/STM32G071RB_LVGL.dir/ui/ui_img_battery_png.c.obj
LOAD CMakeFiles/STM32G071RB_LVGL.dir/ui/ui_img_ble_png.c.obj
LOAD CMakeFiles/STM32G071RB_LVGL.dir/ui/ui_img_circle_png.c.obj
LOAD CMakeFiles/STM32G071RB_LVGL.dir/ui/ui_img_corner_png.c.obj
LOAD CMakeFiles/STM32G071RB_LVGL.dir/ui/ui_img_ellips_png.c.obj
LOAD CMakeFiles/STM32G071RB_LVGL.dir/ui/ui_img_info_png.c.obj
LOAD CMakeFiles/STM32G071RB_LVGL.dir/ui/ui_img_pattern_png.c.obj
LOAD CMakeFiles/STM32G071RB_LVGL.dir/ui/ui_img_time_png.c.obj
LOAD CMakeFiles/STM32G071RB_LVGL.dir/ui/ui_img_wifi_png.c.obj
LOAD CMakeFiles/STM32G071RB_LVGL.dir/lvgl/src/core/lv_disp.c.obj
LOAD CMakeFiles/STM32G071RB_LVGL.dir/lvgl/src/core/lv_event.c.obj
LOAD CMakeFiles/STM32G071RB_LVGL.dir/lvgl/src/core/lv_group.c.obj
LOAD CMakeFiles/STM32G071RB_LVGL.dir/lvgl/src/core/lv_indev.c.obj
LOAD CMakeFiles/STM32G071RB_LVGL.dir/lvgl/src/core/lv_indev_scroll.c.obj
LOAD CMakeFiles/STM32G071RB_LVGL.dir/lvgl/src/core/lv_obj.c.obj
LOAD CMakeFiles/STM32G071RB_LVGL.dir/lvgl/src/core/lv_obj_class.c.obj
LOAD CMakeFiles/STM32G071RB_LVGL.dir/lvgl/src/core/lv_obj_draw.c.obj
LOAD CMakeFiles/STM32G071RB_LVGL.dir/lvgl/src/core/lv_obj_pos.c.obj
LOAD CMakeFiles/STM32G071RB_LVGL.dir/lvgl/src/core/lv_obj_scroll.c.obj
LOAD CMakeFiles/STM32G071RB_LVGL.dir/lvgl/src/core/lv_obj_style.c.obj
LOAD CMakeFiles/STM32G071RB_LVGL.dir/lvgl/src/core/lv_obj_style_gen.c.obj
LOAD CMakeFiles/STM32G071RB_LVGL.dir/lvgl/src/core/lv_obj_tree.c.obj
LOAD CMakeFiles/STM32G071RB_LVGL.dir/lvgl/src/core/lv_refr.c.obj
LOAD CMakeFiles/STM32G071RB_LVGL.dir/lvgl/src/core/lv_theme.c.obj
LOAD CMakeFiles/STM32G071RB_LVGL.dir/lvgl/src/draw/arm2d/lv_gpu_arm2d.c.obj
LOAD CMakeFiles/STM32G071RB_LVGL.dir/lvgl/src/draw/lv_draw.c.obj
LOAD CMakeFiles/STM32G071RB_LVGL.dir/lvgl/src/draw/lv_draw_arc.c.obj
LOAD CMakeFiles/STM32G071RB_LVGL.dir/lvgl/src/draw/lv_draw_img.c.obj
LOAD CMakeFiles/STM32G071RB_LVGL.dir/lvgl/src/draw/lv_draw_label.c.obj
LOAD CMakeFiles/STM32G071RB_LVGL.dir/lvgl/src/draw/lv_draw_layer.c.obj
LOAD CMakeFiles/STM32G071RB_LVGL.dir/lvgl/src/draw/lv_draw_line.c.obj
LOAD CMakeFiles/STM32G071RB_LVGL.dir/lvgl/src/draw/lv_draw_mask.c.obj
LOAD CMakeFiles/STM32G071RB_LVGL.dir/lvgl/src/draw/lv_draw_rect.c.obj
LOAD CMakeFiles/STM32G071RB_LVGL.dir/lvgl/src/draw/lv_draw_transform.c.obj
LOAD CMakeFiles/STM32G071RB_LVGL.dir/lvgl/src/draw/lv_draw_triangle.c.obj
LOAD CMakeFiles/STM32G071RB_LVGL.dir/lvgl/src/draw/lv_img_buf.c.obj
LOAD CMakeFiles/STM32G071RB_LVGL.dir/lvgl/src/draw/lv_img_cache.c.obj
LOAD CMakeFiles/STM32G071RB_LVGL.dir/lvgl/src/draw/lv_img_decoder.c.obj
LOAD CMakeFiles/STM32G071RB_LVGL.dir/lvgl/src/draw/nxp/lv_gpu_nxp.c.obj
LOAD CMakeFiles/STM32G071RB_LVGL.dir/lvgl/src/draw/nxp/pxp/lv_draw_pxp_blend.c.obj
LOAD CMakeFiles/STM32G071RB_LVGL.dir/lvgl/src/draw/nxp/pxp/lv_gpu_nxp_pxp.c.obj
LOAD CMakeFiles/STM32G071RB_LVGL.dir/lvgl/src/draw/nxp/pxp/lv_gpu_nxp_pxp_osa.c.obj
LOAD CMakeFiles/STM32G071RB_LVGL.dir/lvgl/src/draw/nxp/vglite/lv_draw_vglite_arc.c.obj
LOAD CMakeFiles/STM32G071RB_LVGL.dir/lvgl/src/draw/nxp/vglite/lv_draw_vglite_blend.c.obj
LOAD CMakeFiles/STM32G071RB_LVGL.dir/lvgl/src/draw/nxp/vglite/lv_draw_vglite_rect.c.obj
LOAD CMakeFiles/STM32G071RB_LVGL.dir/lvgl/src/draw/nxp/vglite/lv_gpu_nxp_vglite.c.obj
LOAD CMakeFiles/STM32G071RB_LVGL.dir/lvgl/src/draw/sdl/lv_draw_sdl.c.obj
LOAD CMakeFiles/STM32G071RB_LVGL.dir/lvgl/src/draw/sdl/lv_draw_sdl_arc.c.obj
LOAD CMakeFiles/STM32G071RB_LVGL.dir/lvgl/src/draw/sdl/lv_draw_sdl_bg.c.obj
LOAD CMakeFiles/STM32G071RB_LVGL.dir/lvgl/src/draw/sdl/lv_draw_sdl_composite.c.obj
LOAD CMakeFiles/STM32G071RB_LVGL.dir/lvgl/src/draw/sdl/lv_draw_sdl_img.c.obj
LOAD CMakeFiles/STM32G071RB_LVGL.dir/lvgl/src/draw/sdl/lv_draw_sdl_label.c.obj
LOAD CMakeFiles/STM32G071RB_LVGL.dir/lvgl/src/draw/sdl/lv_draw_sdl_layer.c.obj
LOAD CMakeFiles/STM32G071RB_LVGL.dir/lvgl/src/draw/sdl/lv_draw_sdl_line.c.obj
LOAD CMakeFiles/STM32G071RB_LVGL.dir/lvgl/src/draw/sdl/lv_draw_sdl_mask.c.obj
LOAD CMakeFiles/STM32G071RB_LVGL.dir/lvgl/src/draw/sdl/lv_draw_sdl_polygon.c.obj
LOAD CMakeFiles/STM32G071RB_LVGL.dir/lvgl/src/draw/sdl/lv_draw_sdl_rect.c.obj
LOAD CMakeFiles/STM32G071RB_LVGL.dir/lvgl/src/draw/sdl/lv_draw_sdl_stack_blur.c.obj
LOAD CMakeFiles/STM32G071RB_LVGL.dir/lvgl/src/draw/sdl/lv_draw_sdl_texture_cache.c.obj
LOAD CMakeFiles/STM32G071RB_LVGL.dir/lvgl/src/draw/sdl/lv_draw_sdl_utils.c.obj
LOAD CMakeFiles/STM32G071RB_LVGL.dir/lvgl/src/draw/stm32_dma2d/lv_gpu_stm32_dma2d.c.obj
LOAD CMakeFiles/STM32G071RB_LVGL.dir/lvgl/src/draw/sw/lv_draw_sw.c.obj
LOAD CMakeFiles/STM32G071RB_LVGL.dir/lvgl/src/draw/sw/lv_draw_sw_arc.c.obj
LOAD CMakeFiles/STM32G071RB_LVGL.dir/lvgl/src/draw/sw/lv_draw_sw_blend.c.obj
LOAD CMakeFiles/STM32G071RB_LVGL.dir/lvgl/src/draw/sw/lv_draw_sw_dither.c.obj
LOAD CMakeFiles/STM32G071RB_LVGL.dir/lvgl/src/draw/sw/lv_draw_sw_gradient.c.obj
LOAD CMakeFiles/STM32G071RB_LVGL.dir/lvgl/src/draw/sw/lv_draw_sw_img.c.obj
LOAD CMakeFiles/STM32G071RB_LVGL.dir/lvgl/src/draw/sw/lv_draw_sw_layer.c.obj
LOAD CMakeFiles/STM32G071RB_LVGL.dir/lvgl/src/draw/sw/lv_draw_sw_letter.c.obj
LOAD CMakeFiles/STM32G071RB_LVGL.dir/lvgl/src/draw/sw/lv_draw_sw_line.c.obj
LOAD CMakeFiles/STM32G071RB_LVGL.dir/lvgl/src/draw/sw/lv_draw_sw_polygon.c.obj
LOAD CMakeFiles/STM32G071RB_LVGL.dir/lvgl/src/draw/sw/lv_draw_sw_rect.c.obj
LOAD CMakeFiles/STM32G071RB_LVGL.dir/lvgl/src/draw/sw/lv_draw_sw_transform.c.obj
LOAD CMakeFiles/STM32G071RB_LVGL.dir/lvgl/src/draw/swm341_dma2d/lv_gpu_swm341_dma2d.c.obj
LOAD CMakeFiles/STM32G071RB_LVGL.dir/lvgl/src/extra/layouts/flex/lv_flex.c.obj
LOAD CMakeFiles/STM32G071RB_LVGL.dir/lvgl/src/extra/layouts/grid/lv_grid.c.obj
LOAD CMakeFiles/STM32G071RB_LVGL.dir/lvgl/src/extra/libs/bmp/lv_bmp.c.obj
LOAD CMakeFiles/STM32G071RB_LVGL.dir/lvgl/src/extra/libs/ffmpeg/lv_ffmpeg.c.obj
LOAD CMakeFiles/STM32G071RB_LVGL.dir/lvgl/src/extra/libs/freetype/lv_freetype.c.obj
LOAD CMakeFiles/STM32G071RB_LVGL.dir/lvgl/src/extra/libs/fsdrv/lv_fs_fatfs.c.obj
LOAD CMakeFiles/STM32G071RB_LVGL.dir/lvgl/src/extra/libs/fsdrv/lv_fs_posix.c.obj
LOAD CMakeFiles/STM32G071RB_LVGL.dir/lvgl/src/extra/libs/fsdrv/lv_fs_stdio.c.obj
LOAD CMakeFiles/STM32G071RB_LVGL.dir/lvgl/src/extra/libs/fsdrv/lv_fs_win32.c.obj
LOAD CMakeFiles/STM32G071RB_LVGL.dir/lvgl/src/extra/libs/gif/gifdec.c.obj
LOAD CMakeFiles/STM32G071RB_LVGL.dir/lvgl/src/extra/libs/gif/lv_gif.c.obj
LOAD CMakeFiles/STM32G071RB_LVGL.dir/lvgl/src/extra/libs/png/lodepng.c.obj
LOAD CMakeFiles/STM32G071RB_LVGL.dir/lvgl/src/extra/libs/png/lv_png.c.obj
LOAD CMakeFiles/STM32G071RB_LVGL.dir/lvgl/src/extra/libs/qrcode/lv_qrcode.c.obj
LOAD CMakeFiles/STM32G071RB_LVGL.dir/lvgl/src/extra/libs/qrcode/qrcodegen.c.obj
LOAD CMakeFiles/STM32G071RB_LVGL.dir/lvgl/src/extra/libs/rlottie/lv_rlottie.c.obj
LOAD CMakeFiles/STM32G071RB_LVGL.dir/lvgl/src/extra/libs/sjpg/lv_sjpg.c.obj
LOAD CMakeFiles/STM32G071RB_LVGL.dir/lvgl/src/extra/libs/sjpg/tjpgd.c.obj
LOAD CMakeFiles/STM32G071RB_LVGL.dir/lvgl/src/extra/lv_extra.c.obj
LOAD CMakeFiles/STM32G071RB_LVGL.dir/lvgl/src/extra/others/fragment/lv_fragment.c.obj
LOAD CMakeFiles/STM32G071RB_LVGL.dir/lvgl/src/extra/others/fragment/lv_fragment_manager.c.obj
LOAD CMakeFiles/STM32G071RB_LVGL.dir/lvgl/src/extra/others/gridnav/lv_gridnav.c.obj
LOAD CMakeFiles/STM32G071RB_LVGL.dir/lvgl/src/extra/others/ime/lv_ime_pinyin.c.obj
LOAD CMakeFiles/STM32G071RB_LVGL.dir/lvgl/src/extra/others/imgfont/lv_imgfont.c.obj
LOAD CMakeFiles/STM32G071RB_LVGL.dir/lvgl/src/extra/others/monkey/lv_monkey.c.obj
LOAD CMakeFiles/STM32G071RB_LVGL.dir/lvgl/src/extra/others/msg/lv_msg.c.obj
LOAD CMakeFiles/STM32G071RB_LVGL.dir/lvgl/src/extra/others/snapshot/lv_snapshot.c.obj
LOAD CMakeFiles/STM32G071RB_LVGL.dir/lvgl/src/extra/themes/basic/lv_theme_basic.c.obj
LOAD CMakeFiles/STM32G071RB_LVGL.dir/lvgl/src/extra/themes/default/lv_theme_default.c.obj
LOAD CMakeFiles/STM32G071RB_LVGL.dir/lvgl/src/extra/themes/mono/lv_theme_mono.c.obj
LOAD CMakeFiles/STM32G071RB_LVGL.dir/lvgl/src/extra/widgets/animimg/lv_animimg.c.obj
LOAD CMakeFiles/STM32G071RB_LVGL.dir/lvgl/src/extra/widgets/calendar/lv_calendar.c.obj
LOAD CMakeFiles/STM32G071RB_LVGL.dir/lvgl/src/extra/widgets/calendar/lv_calendar_header_arrow.c.obj
LOAD CMakeFiles/STM32G071RB_LVGL.dir/lvgl/src/extra/widgets/calendar/lv_calendar_header_dropdown.c.obj
LOAD CMakeFiles/STM32G071RB_LVGL.dir/lvgl/src/extra/widgets/chart/lv_chart.c.obj
LOAD CMakeFiles/STM32G071RB_LVGL.dir/lvgl/src/extra/widgets/colorwheel/lv_colorwheel.c.obj
LOAD CMakeFiles/STM32G071RB_LVGL.dir/lvgl/src/extra/widgets/imgbtn/lv_imgbtn.c.obj
LOAD CMakeFiles/STM32G071RB_LVGL.dir/lvgl/src/extra/widgets/keyboard/lv_keyboard.c.obj
LOAD CMakeFiles/STM32G071RB_LVGL.dir/lvgl/src/extra/widgets/led/lv_led.c.obj
LOAD CMakeFiles/STM32G071RB_LVGL.dir/lvgl/src/extra/widgets/list/lv_list.c.obj
LOAD CMakeFiles/STM32G071RB_LVGL.dir/lvgl/src/extra/widgets/menu/lv_menu.c.obj
LOAD CMakeFiles/STM32G071RB_LVGL.dir/lvgl/src/extra/widgets/meter/lv_meter.c.obj
LOAD CMakeFiles/STM32G071RB_LVGL.dir/lvgl/src/extra/widgets/msgbox/lv_msgbox.c.obj
LOAD CMakeFiles/STM32G071RB_LVGL.dir/lvgl/src/extra/widgets/span/lv_span.c.obj
LOAD CMakeFiles/STM32G071RB_LVGL.dir/lvgl/src/extra/widgets/spinbox/lv_spinbox.c.obj
LOAD CMakeFiles/STM32G071RB_LVGL.dir/lvgl/src/extra/widgets/spinner/lv_spinner.c.obj
LOAD CMakeFiles/STM32G071RB_LVGL.dir/lvgl/src/extra/widgets/tabview/lv_tabview.c.obj
LOAD CMakeFiles/STM32G071RB_LVGL.dir/lvgl/src/extra/widgets/tileview/lv_tileview.c.obj
LOAD CMakeFiles/STM32G071RB_LVGL.dir/lvgl/src/extra/widgets/win/lv_win.c.obj
LOAD CMakeFiles/STM32G071RB_LVGL.dir/lvgl/src/font/lv_font.c.obj
LOAD CMakeFiles/STM32G071RB_LVGL.dir/lvgl/src/font/lv_font_dejavu_16_persian_hebrew.c.obj
LOAD CMakeFiles/STM32G071RB_LVGL.dir/lvgl/src/font/lv_font_fmt_txt.c.obj
LOAD CMakeFiles/STM32G071RB_LVGL.dir/lvgl/src/font/lv_font_loader.c.obj
LOAD CMakeFiles/STM32G071RB_LVGL.dir/lvgl/src/font/lv_font_montserrat_10.c.obj
LOAD CMakeFiles/STM32G071RB_LVGL.dir/lvgl/src/font/lv_font_montserrat_12.c.obj
LOAD CMakeFiles/STM32G071RB_LVGL.dir/lvgl/src/font/lv_font_montserrat_12_subpx.c.obj
LOAD CMakeFiles/STM32G071RB_LVGL.dir/lvgl/src/font/lv_font_montserrat_14.c.obj
LOAD CMakeFiles/STM32G071RB_LVGL.dir/lvgl/src/font/lv_font_montserrat_16.c.obj
LOAD CMakeFiles/STM32G071RB_LVGL.dir/lvgl/src/font/lv_font_montserrat_18.c.obj
LOAD CMakeFiles/STM32G071RB_LVGL.dir/lvgl/src/font/lv_font_montserrat_20.c.obj
LOAD CMakeFiles/STM32G071RB_LVGL.dir/lvgl/src/font/lv_font_montserrat_22.c.obj
LOAD CMakeFiles/STM32G071RB_LVGL.dir/lvgl/src/font/lv_font_montserrat_24.c.obj
LOAD CMakeFiles/STM32G071RB_LVGL.dir/lvgl/src/font/lv_font_montserrat_26.c.obj
LOAD CMakeFiles/STM32G071RB_LVGL.dir/lvgl/src/font/lv_font_montserrat_28.c.obj
LOAD CMakeFiles/STM32G071RB_LVGL.dir/lvgl/src/font/lv_font_montserrat_28_compressed.c.obj
LOAD CMakeFiles/STM32G071RB_LVGL.dir/lvgl/src/font/lv_font_montserrat_30.c.obj
LOAD CMakeFiles/STM32G071RB_LVGL.dir/lvgl/src/font/lv_font_montserrat_32.c.obj
LOAD CMakeFiles/STM32G071RB_LVGL.dir/lvgl/src/font/lv_font_montserrat_34.c.obj
LOAD CMakeFiles/STM32G071RB_LVGL.dir/lvgl/src/font/lv_font_montserrat_36.c.obj
LOAD CMakeFiles/STM32G071RB_LVGL.dir/lvgl/src/font/lv_font_montserrat_38.c.obj
LOAD CMakeFiles/STM32G071RB_LVGL.dir/lvgl/src/font/lv_font_montserrat_40.c.obj
LOAD CMakeFiles/STM32G071RB_LVGL.dir/lvgl/src/font/lv_font_montserrat_42.c.obj
LOAD CMakeFiles/STM32G071RB_LVGL.dir/lvgl/src/font/lv_font_montserrat_44.c.obj
LOAD CMakeFiles/STM32G071RB_LVGL.dir/lvgl/src/font/lv_font_montserrat_46.c.obj
LOAD CMakeFiles/STM32G071RB_LVGL.dir/lvgl/src/font/lv_font_montserrat_48.c.obj
LOAD CMakeFiles/STM32G071RB_LVGL.dir/lvgl/src/font/lv_font_montserrat_8.c.obj
LOAD CMakeFiles/STM32G071RB_LVGL.dir/lvgl/src/font/lv_font_simsun_16_cjk.c.obj
LOAD CMakeFiles/STM32G071RB_LVGL.dir/lvgl/src/font/lv_font_unscii_16.c.obj
LOAD CMakeFiles/STM32G071RB_LVGL.dir/lvgl/src/font/lv_font_unscii_8.c.obj
LOAD CMakeFiles/STM32G071RB_LVGL.dir/lvgl/src/hal/lv_hal_disp.c.obj
LOAD CMakeFiles/STM32G071RB_LVGL.dir/lvgl/src/hal/lv_hal_indev.c.obj
LOAD CMakeFiles/STM32G071RB_LVGL.dir/lvgl/src/hal/lv_hal_tick.c.obj
LOAD CMakeFiles/STM32G071RB_LVGL.dir/lvgl/src/misc/lv_anim.c.obj
LOAD CMakeFiles/STM32G071RB_LVGL.dir/lvgl/src/misc/lv_anim_timeline.c.obj
LOAD CMakeFiles/STM32G071RB_LVGL.dir/lvgl/src/misc/lv_area.c.obj
LOAD CMakeFiles/STM32G071RB_LVGL.dir/lvgl/src/misc/lv_async.c.obj
LOAD CMakeFiles/STM32G071RB_LVGL.dir/lvgl/src/misc/lv_bidi.c.obj
LOAD CMakeFiles/STM32G071RB_LVGL.dir/lvgl/src/misc/lv_color.c.obj
LOAD CMakeFiles/STM32G071RB_LVGL.dir/lvgl/src/misc/lv_fs.c.obj
LOAD CMakeFiles/STM32G071RB_LVGL.dir/lvgl/src/misc/lv_gc.c.obj
LOAD CMakeFiles/STM32G071RB_LVGL.dir/lvgl/src/misc/lv_ll.c.obj
LOAD CMakeFiles/STM32G071RB_LVGL.dir/lvgl/src/misc/lv_log.c.obj
LOAD CMakeFiles/STM32G071RB_LVGL.dir/lvgl/src/misc/lv_lru.c.obj
LOAD CMakeFiles/STM32G071RB_LVGL.dir/lvgl/src/misc/lv_math.c.obj
LOAD CMakeFiles/STM32G071RB_LVGL.dir/lvgl/src/misc/lv_mem.c.obj
LOAD CMakeFiles/STM32G071RB_LVGL.dir/lvgl/src/misc/lv_printf.c.obj
LOAD CMakeFiles/STM32G071RB_LVGL.dir/lvgl/src/misc/lv_style.c.obj
LOAD CMakeFiles/STM32G071RB_LVGL.dir/lvgl/src/misc/lv_style_gen.c.obj
LOAD CMakeFiles/STM32G071RB_LVGL.dir/lvgl/src/misc/lv_templ.c.obj
LOAD CMakeFiles/STM32G071RB_LVGL.dir/lvgl/src/misc/lv_timer.c.obj
LOAD CMakeFiles/STM32G071RB_LVGL.dir/lvgl/src/misc/lv_tlsf.c.obj
LOAD CMakeFiles/STM32G071RB_LVGL.dir/lvgl/src/misc/lv_txt.c.obj
LOAD CMakeFiles/STM32G071RB_LVGL.dir/lvgl/src/misc/lv_txt_ap.c.obj
LOAD CMakeFiles/STM32G071RB_LVGL.dir/lvgl/src/misc/lv_utils.c.obj
LOAD CMakeFiles/STM32G071RB_LVGL.dir/lvgl/src/widgets/lv_arc.c.obj
LOAD CMakeFiles/STM32G071RB_LVGL.dir/lvgl/src/widgets/lv_bar.c.obj
LOAD CMakeFiles/STM32G071RB_LVGL.dir/lvgl/src/widgets/lv_btn.c.obj
LOAD CMakeFiles/STM32G071RB_LVGL.dir/lvgl/src/widgets/lv_btnmatrix.c.obj
LOAD CMakeFiles/STM32G071RB_LVGL.dir/lvgl/src/widgets/lv_canvas.c.obj
LOAD CMakeFiles/STM32G071RB_LVGL.dir/lvgl/src/widgets/lv_checkbox.c.obj
LOAD CMakeFiles/STM32G071RB_LVGL.dir/lvgl/src/widgets/lv_dropdown.c.obj
LOAD CMakeFiles/STM32G071RB_LVGL.dir/lvgl/src/widgets/lv_img.c.obj
LOAD CMakeFiles/STM32G071RB_LVGL.dir/lvgl/src/widgets/lv_label.c.obj
LOAD CMakeFiles/STM32G071RB_LVGL.dir/lvgl/src/widgets/lv_line.c.obj
LOAD CMakeFiles/STM32G071RB_LVGL.dir/lvgl/src/widgets/lv_objx_templ.c.obj
LOAD CMakeFiles/STM32G071RB_LVGL.dir/lvgl/src/widgets/lv_roller.c.obj
LOAD CMakeFiles/STM32G071RB_LVGL.dir/lvgl/src/widgets/lv_slider.c.obj
LOAD CMakeFiles/STM32G071RB_LVGL.dir/lvgl/src/widgets/lv_switch.c.obj
LOAD CMakeFiles/STM32G071RB_LVGL.dir/lvgl/src/widgets/lv_table.c.obj
LOAD CMakeFiles/STM32G071RB_LVGL.dir/lvgl/src/widgets/lv_textarea.c.obj
START GROUP
LOAD C:/ST/STM32CubeCLT_1.17.0/GNU-tools-for-STM32/bin/../lib/gcc/arm-none-eabi/12.3.1/thumb/v6-m/nofp\libgcc.a
LOAD C:/ST/STM32CubeCLT_1.17.0/GNU-tools-for-STM32/bin/../lib/gcc/arm-none-eabi/12.3.1/../../../../arm-none-eabi/lib/thumb/v6-m/nofp\libg_nano.a
LOAD C:/ST/STM32CubeCLT_1.17.0/GNU-tools-for-STM32/bin/../lib/gcc/arm-none-eabi/12.3.1/../../../../arm-none-eabi/lib/thumb/v6-m/nofp\libc_nano.a
END GROUP
START GROUP
LOAD C:/ST/STM32CubeCLT_1.17.0/GNU-tools-for-STM32/bin/../lib/gcc/arm-none-eabi/12.3.1/thumb/v6-m/nofp\libgcc.a
LOAD C:/ST/STM32CubeCLT_1.17.0/GNU-tools-for-STM32/bin/../lib/gcc/arm-none-eabi/12.3.1/../../../../arm-none-eabi/lib/thumb/v6-m/nofp\libc_nano.a
END GROUP
LOAD C:/ST/STM32CubeCLT_1.17.0/GNU-tools-for-STM32/bin/../lib/gcc/arm-none-eabi/12.3.1/thumb/v6-m/nofp/crtend.o
LOAD C:/ST/STM32CubeCLT_1.17.0/GNU-tools-for-STM32/bin/../lib/gcc/arm-none-eabi/12.3.1/thumb/v6-m/nofp/crtn.o
                0x20009000                        _estack = (ORIGIN (RAM) + LENGTH (RAM))
                0x00000400                        _Min_Heap_Size = 0x400
                0x00000400                        _Min_Stack_Size = 0x400

.isr_vector     0x08000000       0xbc
                0x08000000                        . = ALIGN (0x4)
 *(.isr_vector)
 .isr_vector    0x08000000       0xbc CMakeFiles/STM32G071RB_LVGL.dir/Core/gcc/startup_stm32g071rbtx.s.obj
                0x08000000                g_pfnVectors
                0x080000bc                        . = ALIGN (0x4)

.text           0x080000bc    0x1a53c
                0x080000bc                        . = ALIGN (0x4)
 *(.text)
 .text          0x080000bc       0x48 C:/ST/STM32CubeCLT_1.17.0/GNU-tools-for-STM32/bin/../lib/gcc/arm-none-eabi/12.3.1/thumb/v6-m/nofp/crtbegin.o
 .text          0x08000104      0x114 C:/ST/STM32CubeCLT_1.17.0/GNU-tools-for-STM32/bin/../lib/gcc/arm-none-eabi/12.3.1/thumb/v6-m/nofp\libgcc.a(_udivsi3.o)
                0x08000104                __aeabi_uidiv
                0x08000104                __udivsi3
                0x08000210                __aeabi_uidivmod
 .text          0x08000218      0x1d4 C:/ST/STM32CubeCLT_1.17.0/GNU-tools-for-STM32/bin/../lib/gcc/arm-none-eabi/12.3.1/thumb/v6-m/nofp\libgcc.a(_divsi3.o)
                0x08000218                __divsi3
                0x08000218                __aeabi_idiv
                0x080003e4                __aeabi_idivmod
 .text          0x080003ec        0x4 C:/ST/STM32CubeCLT_1.17.0/GNU-tools-for-STM32/bin/../lib/gcc/arm-none-eabi/12.3.1/thumb/v6-m/nofp\libgcc.a(_dvmd_tls.o)
                0x080003ec                __aeabi_idiv0
                0x080003ec                __aeabi_ldiv0
 .text          0x080003f0       0x3c C:/ST/STM32CubeCLT_1.17.0/GNU-tools-for-STM32/bin/../lib/gcc/arm-none-eabi/12.3.1/thumb/v6-m/nofp\libgcc.a(_clzsi2.o)
                0x080003f0                __clzsi2
 .text          0x0800042c       0x14 C:/ST/STM32CubeCLT_1.17.0/GNU-tools-for-STM32/bin/../lib/gcc/arm-none-eabi/12.3.1/thumb/v6-m/nofp\libgcc.a(_ffssi2.o)
                0x0800042c                __ffssi2
 .text          0x08000440       0x40 C:/ST/STM32CubeCLT_1.17.0/GNU-tools-for-STM32/bin/../lib/gcc/arm-none-eabi/12.3.1/thumb/v6-m/nofp\libgcc.a(_ctzsi2.o)
                0x08000440                __ctzsi2
 .text          0x08000480       0x14 C:/ST/STM32CubeCLT_1.17.0/GNU-tools-for-STM32/bin/../lib/gcc/arm-none-eabi/12.3.1/../../../../arm-none-eabi/lib/thumb/v6-m/nofp\libg_nano.a(libc_a-strcmp.o)
                0x08000480                strcmp
 .text          0x08000494        0xe C:/ST/STM32CubeCLT_1.17.0/GNU-tools-for-STM32/bin/../lib/gcc/arm-none-eabi/12.3.1/../../../../arm-none-eabi/lib/thumb/v6-m/nofp\libg_nano.a(libc_a-strlen.o)
                0x08000494                strlen
 *(.text*)
 .text.memset   0x080004a2       0x10 C:/ST/STM32CubeCLT_1.17.0/GNU-tools-for-STM32/bin/../lib/gcc/arm-none-eabi/12.3.1/../../../../arm-none-eabi/lib/thumb/v6-m/nofp\libc_nano.a(libc_a-memset.o)
                0x080004a2                memset
 *fill*         0x080004b2        0x2 
 .text.__libc_init_array
                0x080004b4       0x48 C:/ST/STM32CubeCLT_1.17.0/GNU-tools-for-STM32/bin/../lib/gcc/arm-none-eabi/12.3.1/../../../../arm-none-eabi/lib/thumb/v6-m/nofp\libc_nano.a(libc_a-init.o)
                0x080004b4                __libc_init_array
 .text.Reset_Handler
                0x080004fc       0x50 CMakeFiles/STM32G071RB_LVGL.dir/Core/gcc/startup_stm32g071rbtx.s.obj
                0x080004fc                Reset_Handler
 .text.Default_Handler
                0x0800054c        0x2 CMakeFiles/STM32G071RB_LVGL.dir/Core/gcc/startup_stm32g071rbtx.s.obj
                0x0800054c                USART3_4_LPUART1_IRQHandler
                0x0800054c                TIM1_CC_IRQHandler
                0x0800054c                ADC1_COMP_IRQHandler
                0x0800054c                PVD_IRQHandler
                0x0800054c                I2C1_IRQHandler
                0x0800054c                TIM7_LPTIM2_IRQHandler
                0x0800054c                RTC_TAMP_IRQHandler
                0x0800054c                EXTI2_3_IRQHandler
                0x0800054c                I2C2_IRQHandler
                0x0800054c                TIM17_IRQHandler
                0x0800054c                TIM16_IRQHandler
                0x0800054c                TIM3_IRQHandler
                0x0800054c                EXTI4_15_IRQHandler
                0x0800054c                RCC_IRQHandler
                0x0800054c                Default_Handler
                0x0800054c                CEC_IRQHandler
                0x0800054c                TIM14_IRQHandler
                0x0800054c                TIM15_IRQHandler
                0x0800054c                TIM6_DAC_LPTIM1_IRQHandler
                0x0800054c                WWDG_IRQHandler
                0x0800054c                TIM2_IRQHandler
                0x0800054c                UCPD1_2_IRQHandler
                0x0800054c                USART2_IRQHandler
                0x0800054c                FLASH_IRQHandler
                0x0800054c                USART1_IRQHandler
                0x0800054c                TIM1_BRK_UP_TRG_COM_IRQHandler
 *fill*         0x0800054e        0x2 
 .text.SystemClock_Config
                0x08000550       0x80 CMakeFiles/STM32G071RB_LVGL.dir/Core/Src/main.c.obj
                0x08000550                SystemClock_Config
 .text.startup.main
                0x080005d0      0x210 CMakeFiles/STM32G071RB_LVGL.dir/Core/Src/main.c.obj
                0x080005d0                main
 .text.Error_Handler
                0x080007e0        0x4 CMakeFiles/STM32G071RB_LVGL.dir/Core/Src/main.c.obj
                0x080007e0                Error_Handler
 .text.HAL_MspInit
                0x080007e4       0x38 CMakeFiles/STM32G071RB_LVGL.dir/Core/Src/stm32g0xx_hal_msp.c.obj
                0x080007e4                HAL_MspInit
 .text.NMI_Handler
                0x0800081c        0x4 CMakeFiles/STM32G071RB_LVGL.dir/Core/Src/stm32g0xx_it.c.obj
                0x0800081c                NMI_Handler
 .text.HardFault_Handler
                0x08000820        0x4 CMakeFiles/STM32G071RB_LVGL.dir/Core/Src/stm32g0xx_it.c.obj
                0x08000820                HardFault_Handler
 .text.SVC_Handler
                0x08000824        0x4 CMakeFiles/STM32G071RB_LVGL.dir/Core/Src/stm32g0xx_it.c.obj
                0x08000824                SVC_Handler
 .text.PendSV_Handler
                0x08000828        0x4 CMakeFiles/STM32G071RB_LVGL.dir/Core/Src/stm32g0xx_it.c.obj
                0x08000828                PendSV_Handler
 .text.SysTick_Handler
                0x0800082c       0x10 CMakeFiles/STM32G071RB_LVGL.dir/Core/Src/stm32g0xx_it.c.obj
                0x0800082c                SysTick_Handler
 .text.EXTI0_1_IRQHandler
                0x0800083c       0x10 CMakeFiles/STM32G071RB_LVGL.dir/Core/Src/stm32g0xx_it.c.obj
                0x0800083c                EXTI0_1_IRQHandler
 .text.DMA1_Channel1_IRQHandler
                0x0800084c       0x10 CMakeFiles/STM32G071RB_LVGL.dir/Core/Src/stm32g0xx_it.c.obj
                0x0800084c                DMA1_Channel1_IRQHandler
 .text.DMA1_Channel2_3_IRQHandler
                0x0800085c       0x18 CMakeFiles/STM32G071RB_LVGL.dir/Core/Src/stm32g0xx_it.c.obj
                0x0800085c                DMA1_Channel2_3_IRQHandler
 .text.DMA1_Ch4_7_DMAMUX1_OVR_IRQHandler
                0x08000874       0x10 CMakeFiles/STM32G071RB_LVGL.dir/Core/Src/stm32g0xx_it.c.obj
                0x08000874                DMA1_Ch4_7_DMAMUX1_OVR_IRQHandler
 .text.SPI1_IRQHandler
                0x08000884       0x10 CMakeFiles/STM32G071RB_LVGL.dir/Core/Src/stm32g0xx_it.c.obj
                0x08000884                SPI1_IRQHandler
 .text.SPI2_IRQHandler
                0x08000894       0x10 CMakeFiles/STM32G071RB_LVGL.dir/Core/Src/stm32g0xx_it.c.obj
                0x08000894                SPI2_IRQHandler
 .text.SPI1_MspDeInit
                0x080008a4       0x48 CMakeFiles/STM32G071RB_LVGL.dir/Core/Src/stm32g0xx_nucleo_bus.c.obj
 .text.SPI2_MspDeInit
                0x080008ec       0x50 CMakeFiles/STM32G071RB_LVGL.dir/Core/Src/stm32g0xx_nucleo_bus.c.obj
 .text.SPI1_MspInit
                0x0800093c      0x10c CMakeFiles/STM32G071RB_LVGL.dir/Core/Src/stm32g0xx_nucleo_bus.c.obj
 .text.SPI2_MspInit
                0x08000a48      0x124 CMakeFiles/STM32G071RB_LVGL.dir/Core/Src/stm32g0xx_nucleo_bus.c.obj
 .text.BSP_SPI1_DeInit
                0x08000b6c       0x2c CMakeFiles/STM32G071RB_LVGL.dir/Core/Src/stm32g0xx_nucleo_bus.c.obj
                0x08000b6c                BSP_SPI1_DeInit
 .text.BSP_SPI1_Send
                0x08000b98       0x24 CMakeFiles/STM32G071RB_LVGL.dir/Core/Src/stm32g0xx_nucleo_bus.c.obj
                0x08000b98                BSP_SPI1_Send
 .text.BSP_SPI1_Recv
                0x08000bbc       0x24 CMakeFiles/STM32G071RB_LVGL.dir/Core/Src/stm32g0xx_nucleo_bus.c.obj
                0x08000bbc                BSP_SPI1_Recv
 .text.BSP_SPI1_Send_DMA
                0x08000be0       0x20 CMakeFiles/STM32G071RB_LVGL.dir/Core/Src/stm32g0xx_nucleo_bus.c.obj
                0x08000be0                BSP_SPI1_Send_DMA
 .text.BSP_SPI2_DeInit
                0x08000c00       0x2c CMakeFiles/STM32G071RB_LVGL.dir/Core/Src/stm32g0xx_nucleo_bus.c.obj
                0x08000c00                BSP_SPI2_DeInit
 .text.BSP_SPI2_Send
                0x08000c2c       0x24 CMakeFiles/STM32G071RB_LVGL.dir/Core/Src/stm32g0xx_nucleo_bus.c.obj
                0x08000c2c                BSP_SPI2_Send
 .text.BSP_SPI2_Recv
                0x08000c50       0x24 CMakeFiles/STM32G071RB_LVGL.dir/Core/Src/stm32g0xx_nucleo_bus.c.obj
                0x08000c50                BSP_SPI2_Recv
 .text.BSP_SPI2_Recv_DMA
                0x08000c74       0x20 CMakeFiles/STM32G071RB_LVGL.dir/Core/Src/stm32g0xx_nucleo_bus.c.obj
                0x08000c74                BSP_SPI2_Recv_DMA
 .text.MX_SPI1_Init
                0x08000c94       0x44 CMakeFiles/STM32G071RB_LVGL.dir/Core/Src/stm32g0xx_nucleo_bus.c.obj
                0x08000c94                MX_SPI1_Init
 .text.BSP_SPI1_Init
                0x08000cd8       0x84 CMakeFiles/STM32G071RB_LVGL.dir/Core/Src/stm32g0xx_nucleo_bus.c.obj
                0x08000cd8                BSP_SPI1_Init
 .text.MX_SPI2_Init
                0x08000d5c       0x44 CMakeFiles/STM32G071RB_LVGL.dir/Core/Src/stm32g0xx_nucleo_bus.c.obj
                0x08000d5c                MX_SPI2_Init
 .text.BSP_SPI2_Init
                0x08000da0       0x84 CMakeFiles/STM32G071RB_LVGL.dir/Core/Src/stm32g0xx_nucleo_bus.c.obj
                0x08000da0                BSP_SPI2_Init
 .text.SystemInit
                0x08000e24        0x4 CMakeFiles/STM32G071RB_LVGL.dir/Core/Src/system_stm32g0xx.c.obj
                0x08000e24                SystemInit
 .text.HAL_InitTick
                0x08000e28       0x4c CMakeFiles/STM32G071RB_LVGL.dir/Drivers/STM32G0xx_HAL_Driver/Src/stm32g0xx_hal.c.obj
                0x08000e28                HAL_InitTick
 .text.HAL_Init
                0x08000e74       0x28 CMakeFiles/STM32G071RB_LVGL.dir/Drivers/STM32G0xx_HAL_Driver/Src/stm32g0xx_hal.c.obj
                0x08000e74                HAL_Init
 .text.HAL_IncTick
                0x08000e9c       0x18 CMakeFiles/STM32G071RB_LVGL.dir/Drivers/STM32G0xx_HAL_Driver/Src/stm32g0xx_hal.c.obj
                0x08000e9c                HAL_IncTick
 .text.HAL_GetTick
                0x08000eb4        0xc CMakeFiles/STM32G071RB_LVGL.dir/Drivers/STM32G0xx_HAL_Driver/Src/stm32g0xx_hal.c.obj
                0x08000eb4                HAL_GetTick
 .text.HAL_Delay
                0x08000ec0       0x24 CMakeFiles/STM32G071RB_LVGL.dir/Drivers/STM32G0xx_HAL_Driver/Src/stm32g0xx_hal.c.obj
                0x08000ec0                HAL_Delay
 .text.HAL_SYSCFG_StrobeDBattpinsConfig
                0x08000ee4       0x18 CMakeFiles/STM32G071RB_LVGL.dir/Drivers/STM32G0xx_HAL_Driver/Src/stm32g0xx_hal.c.obj
                0x08000ee4                HAL_SYSCFG_StrobeDBattpinsConfig
 .text.HAL_NVIC_SetPriority
                0x08000efc       0x54 CMakeFiles/STM32G071RB_LVGL.dir/Drivers/STM32G0xx_HAL_Driver/Src/stm32g0xx_hal_cortex.c.obj
                0x08000efc                HAL_NVIC_SetPriority
 .text.HAL_NVIC_EnableIRQ
                0x08000f50       0x18 CMakeFiles/STM32G071RB_LVGL.dir/Drivers/STM32G0xx_HAL_Driver/Src/stm32g0xx_hal_cortex.c.obj
                0x08000f50                HAL_NVIC_EnableIRQ
 .text.HAL_NVIC_DisableIRQ
                0x08000f68       0x20 CMakeFiles/STM32G071RB_LVGL.dir/Drivers/STM32G0xx_HAL_Driver/Src/stm32g0xx_hal_cortex.c.obj
                0x08000f68                HAL_NVIC_DisableIRQ
 .text.HAL_SYSTICK_Config
                0x08000f88       0x34 CMakeFiles/STM32G071RB_LVGL.dir/Drivers/STM32G0xx_HAL_Driver/Src/stm32g0xx_hal_cortex.c.obj
                0x08000f88                HAL_SYSTICK_Config
 .text.HAL_DMA_Init
                0x08000fbc       0xec CMakeFiles/STM32G071RB_LVGL.dir/Drivers/STM32G0xx_HAL_Driver/Src/stm32g0xx_hal_dma.c.obj
                0x08000fbc                HAL_DMA_Init
 .text.HAL_DMA_DeInit
                0x080010a8       0xcc CMakeFiles/STM32G071RB_LVGL.dir/Drivers/STM32G0xx_HAL_Driver/Src/stm32g0xx_hal_dma.c.obj
                0x080010a8                HAL_DMA_DeInit
 .text.HAL_DMA_Start_IT
                0x08001174       0xd0 CMakeFiles/STM32G071RB_LVGL.dir/Drivers/STM32G0xx_HAL_Driver/Src/stm32g0xx_hal_dma.c.obj
                0x08001174                HAL_DMA_Start_IT
 .text.HAL_DMA_Abort_IT
                0x08001244       0x78 CMakeFiles/STM32G071RB_LVGL.dir/Drivers/STM32G0xx_HAL_Driver/Src/stm32g0xx_hal_dma.c.obj
                0x08001244                HAL_DMA_Abort_IT
 .text.HAL_DMA_IRQHandler
                0x080012bc       0xb8 CMakeFiles/STM32G071RB_LVGL.dir/Drivers/STM32G0xx_HAL_Driver/Src/stm32g0xx_hal_dma.c.obj
                0x080012bc                HAL_DMA_IRQHandler
 .text.HAL_EXTI_RegisterCallback
                0x08001374       0x28 CMakeFiles/STM32G071RB_LVGL.dir/Drivers/STM32G0xx_HAL_Driver/Src/stm32g0xx_hal_exti.c.obj
                0x08001374                HAL_EXTI_RegisterCallback
 .text.HAL_EXTI_GetHandle
                0x0800139c       0x10 CMakeFiles/STM32G071RB_LVGL.dir/Drivers/STM32G0xx_HAL_Driver/Src/stm32g0xx_hal_exti.c.obj
                0x0800139c                HAL_EXTI_GetHandle
 .text.HAL_EXTI_IRQHandler
                0x080013ac       0x4c CMakeFiles/STM32G071RB_LVGL.dir/Drivers/STM32G0xx_HAL_Driver/Src/stm32g0xx_hal_exti.c.obj
                0x080013ac                HAL_EXTI_IRQHandler
 .text.HAL_EXTI_ClearPending
                0x080013f8       0x34 CMakeFiles/STM32G071RB_LVGL.dir/Drivers/STM32G0xx_HAL_Driver/Src/stm32g0xx_hal_exti.c.obj
                0x080013f8                HAL_EXTI_ClearPending
 .text.HAL_GPIO_Init
                0x0800142c      0x1e0 CMakeFiles/STM32G071RB_LVGL.dir/Drivers/STM32G0xx_HAL_Driver/Src/stm32g0xx_hal_gpio.c.obj
                0x0800142c                HAL_GPIO_Init
 .text.HAL_GPIO_DeInit
                0x0800160c      0x118 CMakeFiles/STM32G071RB_LVGL.dir/Drivers/STM32G0xx_HAL_Driver/Src/stm32g0xx_hal_gpio.c.obj
                0x0800160c                HAL_GPIO_DeInit
 .text.HAL_GPIO_ReadPin
                0x08001724        0xc CMakeFiles/STM32G071RB_LVGL.dir/Drivers/STM32G0xx_HAL_Driver/Src/stm32g0xx_hal_gpio.c.obj
                0x08001724                HAL_GPIO_ReadPin
 .text.HAL_GPIO_WritePin
                0x08001730        0xc CMakeFiles/STM32G071RB_LVGL.dir/Drivers/STM32G0xx_HAL_Driver/Src/stm32g0xx_hal_gpio.c.obj
                0x08001730                HAL_GPIO_WritePin
 .text.HAL_PWREx_ControlVoltageScaling
                0x0800173c       0x60 CMakeFiles/STM32G071RB_LVGL.dir/Drivers/STM32G0xx_HAL_Driver/Src/stm32g0xx_hal_pwr_ex.c.obj
                0x0800173c                HAL_PWREx_ControlVoltageScaling
 .text.HAL_RCC_OscConfig
                0x0800179c      0x4d8 CMakeFiles/STM32G071RB_LVGL.dir/Drivers/STM32G0xx_HAL_Driver/Src/stm32g0xx_hal_rcc.c.obj
                0x0800179c                HAL_RCC_OscConfig
 .text.HAL_RCC_GetSysClockFreq
                0x08001c74       0x9c CMakeFiles/STM32G071RB_LVGL.dir/Drivers/STM32G0xx_HAL_Driver/Src/stm32g0xx_hal_rcc.c.obj
                0x08001c74                HAL_RCC_GetSysClockFreq
 .text.HAL_RCC_ClockConfig
                0x08001d10      0x190 CMakeFiles/STM32G071RB_LVGL.dir/Drivers/STM32G0xx_HAL_Driver/Src/stm32g0xx_hal_rcc.c.obj
                0x08001d10                HAL_RCC_ClockConfig
 .text.HAL_SPI_MspInit
                0x08001ea0        0x4 CMakeFiles/STM32G071RB_LVGL.dir/Drivers/STM32G0xx_HAL_Driver/Src/stm32g0xx_hal_spi.c.obj
                0x08001ea0                HAL_SPI_MspInit
 .text.SPI_DMAHalfTransmitCplt
                0x08001ea4        0xc CMakeFiles/STM32G071RB_LVGL.dir/Drivers/STM32G0xx_HAL_Driver/Src/stm32g0xx_hal_spi.c.obj
 .text.SPI_DMAHalfReceiveCplt
                0x08001eb0        0xc CMakeFiles/STM32G071RB_LVGL.dir/Drivers/STM32G0xx_HAL_Driver/Src/stm32g0xx_hal_spi.c.obj
 .text.SPI_DMAHalfTransmitReceiveCplt
                0x08001ebc        0xc CMakeFiles/STM32G071RB_LVGL.dir/Drivers/STM32G0xx_HAL_Driver/Src/stm32g0xx_hal_spi.c.obj
 .text.SPI_DMAError
                0x08001ec8       0x24 CMakeFiles/STM32G071RB_LVGL.dir/Drivers/STM32G0xx_HAL_Driver/Src/stm32g0xx_hal_spi.c.obj
 .text.SPI_DMAAbortOnError
                0x08001eec       0x14 CMakeFiles/STM32G071RB_LVGL.dir/Drivers/STM32G0xx_HAL_Driver/Src/stm32g0xx_hal_spi.c.obj
 .text.SPI_WaitFifoStateUntilTimeout.constprop.0
                0x08001f00      0x108 CMakeFiles/STM32G071RB_LVGL.dir/Drivers/STM32G0xx_HAL_Driver/Src/stm32g0xx_hal_spi.c.obj
 .text.SPI_EndRxTxTransaction
                0x08002008      0x164 CMakeFiles/STM32G071RB_LVGL.dir/Drivers/STM32G0xx_HAL_Driver/Src/stm32g0xx_hal_spi.c.obj
 .text.HAL_SPI_AbortCpltCallback
                0x0800216c        0x4 CMakeFiles/STM32G071RB_LVGL.dir/Drivers/STM32G0xx_HAL_Driver/Src/stm32g0xx_hal_spi.c.obj
                0x0800216c                HAL_SPI_AbortCpltCallback
 .text.HAL_SPI_MspDeInit
                0x08002170        0x4 CMakeFiles/STM32G071RB_LVGL.dir/Drivers/STM32G0xx_HAL_Driver/Src/stm32g0xx_hal_spi.c.obj
                0x08002170                HAL_SPI_MspDeInit
 .text.HAL_SPI_TxCpltCallback
                0x08002174        0x4 CMakeFiles/STM32G071RB_LVGL.dir/Drivers/STM32G0xx_HAL_Driver/Src/stm32g0xx_hal_spi.c.obj
                0x08002174                HAL_SPI_TxCpltCallback
 .text.HAL_SPI_RxCpltCallback
                0x08002178        0x4 CMakeFiles/STM32G071RB_LVGL.dir/Drivers/STM32G0xx_HAL_Driver/Src/stm32g0xx_hal_spi.c.obj
                0x08002178                HAL_SPI_RxCpltCallback
 .text.HAL_SPI_TxRxCpltCallback
                0x0800217c        0x4 CMakeFiles/STM32G071RB_LVGL.dir/Drivers/STM32G0xx_HAL_Driver/Src/stm32g0xx_hal_spi.c.obj
                0x0800217c                HAL_SPI_TxRxCpltCallback
 .text.HAL_SPI_TxHalfCpltCallback
                0x08002180        0x4 CMakeFiles/STM32G071RB_LVGL.dir/Drivers/STM32G0xx_HAL_Driver/Src/stm32g0xx_hal_spi.c.obj
                0x08002180                HAL_SPI_TxHalfCpltCallback
 .text.HAL_SPI_RxHalfCpltCallback
                0x08002184        0x4 CMakeFiles/STM32G071RB_LVGL.dir/Drivers/STM32G0xx_HAL_Driver/Src/stm32g0xx_hal_spi.c.obj
                0x08002184                HAL_SPI_RxHalfCpltCallback
 .text.HAL_SPI_TxRxHalfCpltCallback
                0x08002188        0x4 CMakeFiles/STM32G071RB_LVGL.dir/Drivers/STM32G0xx_HAL_Driver/Src/stm32g0xx_hal_spi.c.obj
                0x08002188                HAL_SPI_TxRxHalfCpltCallback
 .text.HAL_SPI_ErrorCallback
                0x0800218c        0x4 CMakeFiles/STM32G071RB_LVGL.dir/Drivers/STM32G0xx_HAL_Driver/Src/stm32g0xx_hal_spi.c.obj
                0x0800218c                HAL_SPI_ErrorCallback
 .text.SPI_WaitFlagStateUntilTimeout.constprop.0
                0x08002190       0xb8 CMakeFiles/STM32G071RB_LVGL.dir/Drivers/STM32G0xx_HAL_Driver/Src/stm32g0xx_hal_spi.c.obj
 .text.SPI_EndRxTxTransaction.constprop.0
                0x08002248       0xfc CMakeFiles/STM32G071RB_LVGL.dir/Drivers/STM32G0xx_HAL_Driver/Src/stm32g0xx_hal_spi.c.obj
 .text.SPI_DMATransmitCplt
                0x08002344       0x70 CMakeFiles/STM32G071RB_LVGL.dir/Drivers/STM32G0xx_HAL_Driver/Src/stm32g0xx_hal_spi.c.obj
 .text.SPI_DMATransmitReceiveCplt
                0x080023b4       0x5c CMakeFiles/STM32G071RB_LVGL.dir/Drivers/STM32G0xx_HAL_Driver/Src/stm32g0xx_hal_spi.c.obj
 .text.SPI_DMAReceiveCplt
                0x08002410      0x184 CMakeFiles/STM32G071RB_LVGL.dir/Drivers/STM32G0xx_HAL_Driver/Src/stm32g0xx_hal_spi.c.obj
 .text.HAL_SPI_Init
                0x08002594      0x194 CMakeFiles/STM32G071RB_LVGL.dir/Drivers/STM32G0xx_HAL_Driver/Src/stm32g0xx_hal_spi.c.obj
                0x08002594                HAL_SPI_Init
 .text.HAL_SPI_DeInit
                0x08002728       0x40 CMakeFiles/STM32G071RB_LVGL.dir/Drivers/STM32G0xx_HAL_Driver/Src/stm32g0xx_hal_spi.c.obj
                0x08002728                HAL_SPI_DeInit
 .text.HAL_SPI_RegisterCallback
                0x08002768       0xa0 CMakeFiles/STM32G071RB_LVGL.dir/Drivers/STM32G0xx_HAL_Driver/Src/stm32g0xx_hal_spi.c.obj
                0x08002768                HAL_SPI_RegisterCallback
 .text.HAL_SPI_Transmit
                0x08002808      0x200 CMakeFiles/STM32G071RB_LVGL.dir/Drivers/STM32G0xx_HAL_Driver/Src/stm32g0xx_hal_spi.c.obj
                0x08002808                HAL_SPI_Transmit
 .text.HAL_SPI_TransmitReceive
                0x08002a08      0x28c CMakeFiles/STM32G071RB_LVGL.dir/Drivers/STM32G0xx_HAL_Driver/Src/stm32g0xx_hal_spi.c.obj
                0x08002a08                HAL_SPI_TransmitReceive
 .text.HAL_SPI_Receive
                0x08002c94      0x348 CMakeFiles/STM32G071RB_LVGL.dir/Drivers/STM32G0xx_HAL_Driver/Src/stm32g0xx_hal_spi.c.obj
                0x08002c94                HAL_SPI_Receive
 .text.HAL_SPI_Transmit_DMA
                0x08002fdc      0x110 CMakeFiles/STM32G071RB_LVGL.dir/Drivers/STM32G0xx_HAL_Driver/Src/stm32g0xx_hal_spi.c.obj
                0x08002fdc                HAL_SPI_Transmit_DMA
 .text.HAL_SPI_TransmitReceive_DMA
                0x080030ec      0x1c0 CMakeFiles/STM32G071RB_LVGL.dir/Drivers/STM32G0xx_HAL_Driver/Src/stm32g0xx_hal_spi.c.obj
                0x080030ec                HAL_SPI_TransmitReceive_DMA
 .text.HAL_SPI_Receive_DMA
                0x080032ac      0x168 CMakeFiles/STM32G071RB_LVGL.dir/Drivers/STM32G0xx_HAL_Driver/Src/stm32g0xx_hal_spi.c.obj
                0x080032ac                HAL_SPI_Receive_DMA
 .text.HAL_SPI_IRQHandler
                0x08003414      0x108 CMakeFiles/STM32G071RB_LVGL.dir/Drivers/STM32G0xx_HAL_Driver/Src/stm32g0xx_hal_spi.c.obj
                0x08003414                HAL_SPI_IRQHandler
 .text.HAL_SPI_GetState
                0x0800351c        0x8 CMakeFiles/STM32G071RB_LVGL.dir/Drivers/STM32G0xx_HAL_Driver/Src/stm32g0xx_hal_spi.c.obj
                0x0800351c                HAL_SPI_GetState
 .text.BSP_KEY_Init
                0x08003524       0x10 CMakeFiles/STM32G071RB_LVGL.dir/Drivers/BSP/key/key_io.c.obj
                0x08003524                BSP_KEY_Init
 .text.BSP_KEY_GetState
                0x08003534       0xf0 CMakeFiles/STM32G071RB_LVGL.dir/Drivers/BSP/key/key_io.c.obj
                0x08003534                BSP_KEY_GetState
 .text.LCD_IO_ReadReg
                0x08003624        0x8 CMakeFiles/STM32G071RB_LVGL.dir/Drivers/BSP/lcd/lcd_io.c.obj
 .text.LCD_IO_Delay
                0x0800362c        0xc CMakeFiles/STM32G071RB_LVGL.dir/Drivers/BSP/lcd/lcd_io.c.obj
 .text.LCD_IO_GetTick
                0x08003638        0x8 CMakeFiles/STM32G071RB_LVGL.dir/Drivers/BSP/lcd/lcd_io.c.obj
 .text.LCD_IO_SendData
                0x08003640       0x18 CMakeFiles/STM32G071RB_LVGL.dir/Drivers/BSP/lcd/lcd_io.c.obj
 .text.LCD_IO_WriteReg
                0x08003658       0x24 CMakeFiles/STM32G071RB_LVGL.dir/Drivers/BSP/lcd/lcd_io.c.obj
 .text.LCD_IO_RecvData
                0x0800367c       0x48 CMakeFiles/STM32G071RB_LVGL.dir/Drivers/BSP/lcd/lcd_io.c.obj
 .text.LCD_IO_SendDataDMA
                0x080036c4       0x14 CMakeFiles/STM32G071RB_LVGL.dir/Drivers/BSP/lcd/lcd_io.c.obj
 .text.LCD_IO_DeInit
                0x080036d8        0x8 CMakeFiles/STM32G071RB_LVGL.dir/Drivers/BSP/lcd/lcd_io.c.obj
 .text.LCD_IO_Init
                0x080036e0       0x78 CMakeFiles/STM32G071RB_LVGL.dir/Drivers/BSP/lcd/lcd_io.c.obj
 .text.LCD_IO_RecvDataDMA
                0x08003758        0x8 CMakeFiles/STM32G071RB_LVGL.dir/Drivers/BSP/lcd/lcd_io.c.obj
 .text.BSP_LCD_Init
                0x08003760      0x140 CMakeFiles/STM32G071RB_LVGL.dir/Drivers/BSP/lcd/lcd_io.c.obj
                0x08003760                BSP_LCD_Init
 .text.BSP_LCD_DisplayOn
                0x080038a0       0x44 CMakeFiles/STM32G071RB_LVGL.dir/Drivers/BSP/lcd/lcd_io.c.obj
                0x080038a0                BSP_LCD_DisplayOn
 .text.BSP_LCD_FillRGBRect
                0x080038e4       0xd8 CMakeFiles/STM32G071RB_LVGL.dir/Drivers/BSP/lcd/lcd_io.c.obj
                0x080038e4                BSP_LCD_FillRGBRect
 .text.BSP_LCD_WaitForTransferToBeDone
                0x080039bc       0x10 CMakeFiles/STM32G071RB_LVGL.dir/Drivers/BSP/lcd/lcd_io.c.obj
                0x080039bc                BSP_LCD_WaitForTransferToBeDone
 .text.BSP_LCD_SignalTransferDone
                0x080039cc        0x4 CMakeFiles/STM32G071RB_LVGL.dir/Drivers/BSP/lcd/lcd_io.c.obj
                0x080039cc                BSP_LCD_SignalTransferDone
 .text.SPI_TxCpltCallback
                0x080039d0       0x30 CMakeFiles/STM32G071RB_LVGL.dir/Drivers/BSP/lcd/lcd_io.c.obj
 .text.BSP_LCD_SignalTearingEffectEvent
                0x08003a00        0x4 CMakeFiles/STM32G071RB_LVGL.dir/Drivers/BSP/lcd/lcd_io.c.obj
                0x08003a00                BSP_LCD_SignalTearingEffectEvent
 .text.LCD_TEFallingCallback
                0x08003a04       0x1c CMakeFiles/STM32G071RB_LVGL.dir/Drivers/BSP/lcd/lcd_io.c.obj
 .text.LCD_TERisingCallback
                0x08003a20       0x1c CMakeFiles/STM32G071RB_LVGL.dir/Drivers/BSP/lcd/lcd_io.c.obj
 .text.LCD_OS_Initialize
                0x08003a3c       0x10 CMakeFiles/STM32G071RB_LVGL.dir/Drivers/BSP/lcd/lcd_os.c.obj
                0x08003a3c                LCD_OS_Initialize
 .text.LCD_OS_Unlock
                0x08003a4c       0x10 CMakeFiles/STM32G071RB_LVGL.dir/Drivers/BSP/lcd/lcd_os.c.obj
                0x08003a4c                LCD_OS_Unlock
 .text.LCD_OS_UnlockFromISR
                0x08003a5c       0x10 CMakeFiles/STM32G071RB_LVGL.dir/Drivers/BSP/lcd/lcd_os.c.obj
                0x08003a5c                LCD_OS_UnlockFromISR
 .text.LCD_OS_TryLock
                0x08003a6c       0x3c CMakeFiles/STM32G071RB_LVGL.dir/Drivers/BSP/lcd/lcd_os.c.obj
                0x08003a6c                LCD_OS_TryLock
 .text.LCD_OS_WaitForTransferToBeDone
                0x08003aa8       0x10 CMakeFiles/STM32G071RB_LVGL.dir/Drivers/BSP/lcd/lcd_os.c.obj
                0x08003aa8                LCD_OS_WaitForTransferToBeDone
 .text.st7789v_write_reg
                0x08003ab8        0xc CMakeFiles/STM32G071RB_LVGL.dir/Drivers/BSP/lcd/st7789v_reg.c.obj
                0x08003ab8                st7789v_write_reg
 .text.st7789v_send_data
                0x08003ac4        0xc CMakeFiles/STM32G071RB_LVGL.dir/Drivers/BSP/lcd/st7789v_reg.c.obj
                0x08003ac4                st7789v_send_data
 .text.st7789v_recv_data
                0x08003ad0        0xc CMakeFiles/STM32G071RB_LVGL.dir/Drivers/BSP/lcd/st7789v_reg.c.obj
                0x08003ad0                st7789v_recv_data
 .text.ST7789V_DeInit
                0x08003adc        0x8 CMakeFiles/STM32G071RB_LVGL.dir/Drivers/BSP/lcd/st7789v.c.obj
                0x08003adc                ST7789V_DeInit
 .text.ST7789V_GetOrientation
                0x08003ae4       0x10 CMakeFiles/STM32G071RB_LVGL.dir/Drivers/BSP/lcd/st7789v.c.obj
                0x08003ae4                ST7789V_GetOrientation
 .text.ST7789V_GetXSize
                0x08003af4       0x10 CMakeFiles/STM32G071RB_LVGL.dir/Drivers/BSP/lcd/st7789v.c.obj
                0x08003af4                ST7789V_GetXSize
 .text.ST7789V_GetYSize
                0x08003b04       0x10 CMakeFiles/STM32G071RB_LVGL.dir/Drivers/BSP/lcd/st7789v.c.obj
                0x08003b04                ST7789V_GetYSize
 .text.ST7789V_ReadRegWrap
                0x08003b14       0x10 CMakeFiles/STM32G071RB_LVGL.dir/Drivers/BSP/lcd/st7789v.c.obj
 .text.ST7789V_WriteRegWrap
                0x08003b24       0x10 CMakeFiles/STM32G071RB_LVGL.dir/Drivers/BSP/lcd/st7789v.c.obj
 .text.ST7789V_SendDataWrap
                0x08003b34       0x10 CMakeFiles/STM32G071RB_LVGL.dir/Drivers/BSP/lcd/st7789v.c.obj
 .text.ST7789V_SendDataDMAWrap
                0x08003b44       0x10 CMakeFiles/STM32G071RB_LVGL.dir/Drivers/BSP/lcd/st7789v.c.obj
 .text.ST7789V_RecvDataWrap
                0x08003b54       0x10 CMakeFiles/STM32G071RB_LVGL.dir/Drivers/BSP/lcd/st7789v.c.obj
 .text.ST7789V_RecvDataDMAWrap
                0x08003b64       0x10 CMakeFiles/STM32G071RB_LVGL.dir/Drivers/BSP/lcd/st7789v.c.obj
 .text.ST7789V_DisplayOn
                0x08003b74       0x18 CMakeFiles/STM32G071RB_LVGL.dir/Drivers/BSP/lcd/st7789v.c.obj
                0x08003b74                ST7789V_DisplayOn
 .text.ST7789V_DisplayOff
                0x08003b8c       0x18 CMakeFiles/STM32G071RB_LVGL.dir/Drivers/BSP/lcd/st7789v.c.obj
                0x08003b8c                ST7789V_DisplayOff
 .text.ST7789V_SetOrientation
                0x08003ba4       0x78 CMakeFiles/STM32G071RB_LVGL.dir/Drivers/BSP/lcd/st7789v.c.obj
                0x08003ba4                ST7789V_SetOrientation
 .text.ST7789V_SetDisplayWindow
                0x08003c1c       0xb4 CMakeFiles/STM32G071RB_LVGL.dir/Drivers/BSP/lcd/st7789v.c.obj
                0x08003c1c                ST7789V_SetDisplayWindow
 .text.ST7789V_ReadID
                0x08003cd0       0x90 CMakeFiles/STM32G071RB_LVGL.dir/Drivers/BSP/lcd/st7789v.c.obj
                0x08003cd0                ST7789V_ReadID
 .text.ST7789V_Init
                0x08003d60      0x424 CMakeFiles/STM32G071RB_LVGL.dir/Drivers/BSP/lcd/st7789v.c.obj
                0x08003d60                ST7789V_Init
 .text.ST7789V_RegisterBusIO
                0x08004184       0x80 CMakeFiles/STM32G071RB_LVGL.dir/Drivers/BSP/lcd/st7789v.c.obj
                0x08004184                ST7789V_RegisterBusIO
 .text.MEM_IO_SendData
                0x08004204        0x8 CMakeFiles/STM32G071RB_LVGL.dir/Drivers/BSP/mem/mem_io.c.obj
 .text.MEM_IO_RecvDataDMA
                0x0800420c       0x38 CMakeFiles/STM32G071RB_LVGL.dir/Drivers/BSP/mem/mem_io.c.obj
 .text.MEM_IO_RecvData
                0x08004244       0x44 CMakeFiles/STM32G071RB_LVGL.dir/Drivers/BSP/mem/mem_io.c.obj
 .text.MEM_IO_DeInit
                0x08004288        0x8 CMakeFiles/STM32G071RB_LVGL.dir/Drivers/BSP/mem/mem_io.c.obj
 .text.MEM_IO_Init
                0x08004290       0xa4 CMakeFiles/STM32G071RB_LVGL.dir/Drivers/BSP/mem/mem_io.c.obj
 .text.MEM_IO_SendDataDMA
                0x08004334        0x8 CMakeFiles/STM32G071RB_LVGL.dir/Drivers/BSP/mem/mem_io.c.obj
 .text.BSP_MEM_Init
                0x0800433c       0x78 CMakeFiles/STM32G071RB_LVGL.dir/Drivers/BSP/mem/mem_io.c.obj
                0x0800433c                BSP_MEM_Init
 .text.BSP_MEM_SignalTransferDone
                0x080043b4        0x4 CMakeFiles/STM32G071RB_LVGL.dir/Drivers/BSP/mem/mem_io.c.obj
                0x080043b4                BSP_MEM_SignalTransferDone
 .text.SPI_RxCpltCallback
                0x080043b8       0x28 CMakeFiles/STM32G071RB_LVGL.dir/Drivers/BSP/mem/mem_io.c.obj
 .text.MEM_OS_Initialize
                0x080043e0       0x10 CMakeFiles/STM32G071RB_LVGL.dir/Drivers/BSP/mem/mem_os.c.obj
                0x080043e0                MEM_OS_Initialize
 .text.MEM_OS_UnlockFromISR
                0x080043f0       0x10 CMakeFiles/STM32G071RB_LVGL.dir/Drivers/BSP/mem/mem_os.c.obj
                0x080043f0                MEM_OS_UnlockFromISR
 .text.MX25L6433F_Init
                0x08004400       0x1c CMakeFiles/STM32G071RB_LVGL.dir/Drivers/BSP/mem/mx25l6433f.c.obj
                0x08004400                MX25L6433F_Init
 .text.MX25L6433F_DeInit
                0x0800441c        0x8 CMakeFiles/STM32G071RB_LVGL.dir/Drivers/BSP/mem/mx25l6433f.c.obj
                0x0800441c                MX25L6433F_DeInit
 .text.MX25L6433F_GetFlashInfo
                0x08004424       0x30 CMakeFiles/STM32G071RB_LVGL.dir/Drivers/BSP/mem/mx25l6433f.c.obj
                0x08004424                MX25L6433F_GetFlashInfo
 .text.MX25L6433F_Read
                0x08004454       0x1c CMakeFiles/STM32G071RB_LVGL.dir/Drivers/BSP/mem/mx25l6433f.c.obj
                0x08004454                MX25L6433F_Read
 .text.MX25L6433F_ReadDMA
                0x08004470       0x1c CMakeFiles/STM32G071RB_LVGL.dir/Drivers/BSP/mem/mx25l6433f.c.obj
                0x08004470                MX25L6433F_ReadDMA
 .text.MX25L6433F_PageProgram
                0x0800448c       0x1c CMakeFiles/STM32G071RB_LVGL.dir/Drivers/BSP/mem/mx25l6433f.c.obj
                0x0800448c                MX25L6433F_PageProgram
 .text.MX25L6433F_PageProgramDMA
                0x080044a8       0x1c CMakeFiles/STM32G071RB_LVGL.dir/Drivers/BSP/mem/mx25l6433f.c.obj
                0x080044a8                MX25L6433F_PageProgramDMA
 .text.MX25L6433F_BlockErase
                0x080044c4        0x8 CMakeFiles/STM32G071RB_LVGL.dir/Drivers/BSP/mem/mx25l6433f.c.obj
                0x080044c4                MX25L6433F_BlockErase
 .text.MX25L6433F_ChipErase
                0x080044cc        0x8 CMakeFiles/STM32G071RB_LVGL.dir/Drivers/BSP/mem/mx25l6433f.c.obj
                0x080044cc                MX25L6433F_ChipErase
 .text.MX25L6433F_ReadID
                0x080044d4        0x8 CMakeFiles/STM32G071RB_LVGL.dir/Drivers/BSP/mem/mx25l6433f.c.obj
                0x080044d4                MX25L6433F_ReadID
 .text.MX25L6433F_ResetEnable
                0x080044dc        0x8 CMakeFiles/STM32G071RB_LVGL.dir/Drivers/BSP/mem/mx25l6433f.c.obj
                0x080044dc                MX25L6433F_ResetEnable
 .text.MX25L6433F_ResetMemory
                0x080044e4        0x8 CMakeFiles/STM32G071RB_LVGL.dir/Drivers/BSP/mem/mx25l6433f.c.obj
                0x080044e4                MX25L6433F_ResetMemory
 .text.MX25L6433F_RegisterBusIO
                0x080044ec       0x34 CMakeFiles/STM32G071RB_LVGL.dir/Drivers/BSP/mem/mx25l6433f.c.obj
                0x080044ec                MX25L6433F_RegisterBusIO
 .text.flush_cb
                0x08004520       0x64 CMakeFiles/STM32G071RB_LVGL.dir/lvgl_hal/disp.c.obj
 .text.disp_init
                0x08004584       0x78 CMakeFiles/STM32G071RB_LVGL.dir/lvgl_hal/disp.c.obj
                0x08004584                disp_init
 .text.joy_read_cb
                0x080045fc       0x64 CMakeFiles/STM32G071RB_LVGL.dir/lvgl_hal/indev.c.obj
 .text.indev_init
                0x08004660       0x3c CMakeFiles/STM32G071RB_LVGL.dir/lvgl_hal/indev.c.obj
                0x08004660                indev_init
 .text.ui_event_Menu
                0x0800469c       0x2c CMakeFiles/STM32G071RB_LVGL.dir/ui/ui.c.obj
                0x0800469c                ui_event_Menu
 .text.ui_event_Button_Aircon
                0x080046c8       0x2c CMakeFiles/STM32G071RB_LVGL.dir/ui/ui.c.obj
                0x080046c8                ui_event_Button_Aircon
 .text.ui_event_Button_Time
                0x080046f4       0x2c CMakeFiles/STM32G071RB_LVGL.dir/ui/ui.c.obj
                0x080046f4                ui_event_Button_Time
 .text.ui_event_Button_About
                0x08004720       0x2c CMakeFiles/STM32G071RB_LVGL.dir/ui/ui.c.obj
                0x08004720                ui_event_Button_About
 .text.ui_Menu_screen_init
                0x0800474c      0x11c CMakeFiles/STM32G071RB_LVGL.dir/ui/ui.c.obj
                0x0800474c                ui_Menu_screen_init
 .text.ui_init  0x08004868       0x44 CMakeFiles/STM32G071RB_LVGL.dir/ui/ui.c.obj
                0x08004868                ui_init
 .text.get_component_child_event_cb
                0x080048ac       0x1c CMakeFiles/STM32G071RB_LVGL.dir/ui/ui_comp.c.obj
                0x080048ac                get_component_child_event_cb
 .text.del_component_child_event_cb
                0x080048c8        0xc CMakeFiles/STM32G071RB_LVGL.dir/ui/ui_comp.c.obj
                0x080048c8                del_component_child_event_cb
 .text.ui_comp_get_child
                0x080048d4       0x20 CMakeFiles/STM32G071RB_LVGL.dir/ui/ui_comp.c.obj
                0x080048d4                ui_comp_get_child
 .text.ui_Button_create
                0x080048f4      0x154 CMakeFiles/STM32G071RB_LVGL.dir/ui/ui_comp.c.obj
                0x080048f4                ui_Button_create
 .text.ui_Header_create
                0x08004a48      0x230 CMakeFiles/STM32G071RB_LVGL.dir/ui/ui_comp.c.obj
                0x08004a48                ui_Header_create
 .text._ui_screen_change
                0x08004c78       0x10 CMakeFiles/STM32G071RB_LVGL.dir/ui/ui_helpers.c.obj
                0x08004c78                _ui_screen_change
 .text.opa_scale_anim
                0x08004c88        0xc CMakeFiles/STM32G071RB_LVGL.dir/lvgl/src/core/lv_disp.c.obj
 .text.set_y_anim
                0x08004c94        0xc CMakeFiles/STM32G071RB_LVGL.dir/lvgl/src/core/lv_disp.c.obj
 .text.set_x_anim
                0x08004ca0        0xc CMakeFiles/STM32G071RB_LVGL.dir/lvgl/src/core/lv_disp.c.obj
 .text.scr_anim_ready
                0x08004cac       0x54 CMakeFiles/STM32G071RB_LVGL.dir/lvgl/src/core/lv_disp.c.obj
 .text.scr_load_internal
                0x08004d00       0x54 CMakeFiles/STM32G071RB_LVGL.dir/lvgl/src/core/lv_disp.c.obj
 .text.scr_load_anim_start
                0x08004d54       0x30 CMakeFiles/STM32G071RB_LVGL.dir/lvgl/src/core/lv_disp.c.obj
 .text.lv_disp_get_scr_act
                0x08004d84       0x18 CMakeFiles/STM32G071RB_LVGL.dir/lvgl/src/core/lv_disp.c.obj
                0x08004d84                lv_disp_get_scr_act
 .text.lv_disp_get_scr_prev
                0x08004d9c       0x18 CMakeFiles/STM32G071RB_LVGL.dir/lvgl/src/core/lv_disp.c.obj
                0x08004d9c                lv_disp_get_scr_prev
 .text.lv_disp_get_layer_top
                0x08004db4       0x18 CMakeFiles/STM32G071RB_LVGL.dir/lvgl/src/core/lv_disp.c.obj
                0x08004db4                lv_disp_get_layer_top
 .text.lv_disp_get_layer_sys
                0x08004dcc       0x18 CMakeFiles/STM32G071RB_LVGL.dir/lvgl/src/core/lv_disp.c.obj
                0x08004dcc                lv_disp_get_layer_sys
 .text.lv_disp_set_theme
                0x08004de4       0x4c CMakeFiles/STM32G071RB_LVGL.dir/lvgl/src/core/lv_disp.c.obj
                0x08004de4                lv_disp_set_theme
 .text.lv_disp_get_theme
                0x08004e30       0x10 CMakeFiles/STM32G071RB_LVGL.dir/lvgl/src/core/lv_disp.c.obj
                0x08004e30                lv_disp_get_theme
 .text.lv_scr_load_anim
                0x08004e40      0x304 CMakeFiles/STM32G071RB_LVGL.dir/lvgl/src/core/lv_disp.c.obj
                0x08004e40                lv_scr_load_anim
 .text.lv_disp_load_scr
                0x08005144       0x14 CMakeFiles/STM32G071RB_LVGL.dir/lvgl/src/core/lv_disp.c.obj
                0x08005144                lv_disp_load_scr
 .text.lv_disp_is_invalidation_enabled
                0x08005158       0x20 CMakeFiles/STM32G071RB_LVGL.dir/lvgl/src/core/lv_disp.c.obj
                0x08005158                lv_disp_is_invalidation_enabled
 .text.event_send_core
                0x08005178      0x1c8 CMakeFiles/STM32G071RB_LVGL.dir/lvgl/src/core/lv_event.c.obj
 .text.lv_event_send
                0x08005340       0x40 CMakeFiles/STM32G071RB_LVGL.dir/lvgl/src/core/lv_event.c.obj
                0x08005340                lv_event_send
 .text.lv_obj_event_base
                0x08005380       0x38 CMakeFiles/STM32G071RB_LVGL.dir/lvgl/src/core/lv_event.c.obj
                0x08005380                lv_obj_event_base
 .text.lv_event_get_target
                0x080053b8        0x4 CMakeFiles/STM32G071RB_LVGL.dir/lvgl/src/core/lv_event.c.obj
                0x080053b8                lv_event_get_target
 .text.lv_event_get_current_target
                0x080053bc        0x4 CMakeFiles/STM32G071RB_LVGL.dir/lvgl/src/core/lv_event.c.obj
                0x080053bc                lv_event_get_current_target
 .text.lv_event_get_code
                0x080053c0        0x8 CMakeFiles/STM32G071RB_LVGL.dir/lvgl/src/core/lv_event.c.obj
                0x080053c0                lv_event_get_code
 .text.lv_event_get_param
                0x080053c8        0x4 CMakeFiles/STM32G071RB_LVGL.dir/lvgl/src/core/lv_event.c.obj
                0x080053c8                lv_event_get_param
 .text.lv_event_get_user_data
                0x080053cc        0x4 CMakeFiles/STM32G071RB_LVGL.dir/lvgl/src/core/lv_event.c.obj
                0x080053cc                lv_event_get_user_data
 .text.lv_event_register_id
                0x080053d0       0x10 CMakeFiles/STM32G071RB_LVGL.dir/lvgl/src/core/lv_event.c.obj
                0x080053d0                lv_event_register_id
 .text._lv_event_mark_deleted
                0x080053e0       0x30 CMakeFiles/STM32G071RB_LVGL.dir/lvgl/src/core/lv_event.c.obj
                0x080053e0                _lv_event_mark_deleted
 .text.lv_obj_add_event_cb
                0x08005410       0x60 CMakeFiles/STM32G071RB_LVGL.dir/lvgl/src/core/lv_event.c.obj
                0x08005410                lv_obj_add_event_cb
 .text.lv_event_get_indev
                0x08005470       0x10 CMakeFiles/STM32G071RB_LVGL.dir/lvgl/src/core/lv_event.c.obj
                0x08005470                lv_event_get_indev
 .text.lv_event_get_draw_ctx
                0x08005480       0x10 CMakeFiles/STM32G071RB_LVGL.dir/lvgl/src/core/lv_event.c.obj
                0x08005480                lv_event_get_draw_ctx
 .text.lv_event_set_ext_draw_size
                0x08005490       0x20 CMakeFiles/STM32G071RB_LVGL.dir/lvgl/src/core/lv_event.c.obj
                0x08005490                lv_event_set_ext_draw_size
 .text.focus_next_core
                0x080054b0      0x1a8 CMakeFiles/STM32G071RB_LVGL.dir/lvgl/src/core/lv_group.c.obj
 .text.lv_group_refocus
                0x08005658       0x64 CMakeFiles/STM32G071RB_LVGL.dir/lvgl/src/core/lv_group.c.obj
 .text.lv_group_focus_obj.part.0
                0x080056bc      0x1bc CMakeFiles/STM32G071RB_LVGL.dir/lvgl/src/core/lv_group.c.obj
 .text._lv_group_init
                0x08005878       0x10 CMakeFiles/STM32G071RB_LVGL.dir/lvgl/src/core/lv_group.c.obj
                0x08005878                _lv_group_init
 .text.lv_group_create
                0x08005888       0x30 CMakeFiles/STM32G071RB_LVGL.dir/lvgl/src/core/lv_group.c.obj
                0x08005888                lv_group_create
 .text.lv_group_set_default
                0x080058b8        0xc CMakeFiles/STM32G071RB_LVGL.dir/lvgl/src/core/lv_group.c.obj
                0x080058b8                lv_group_set_default
 .text.lv_group_get_default
                0x080058c4        0xc CMakeFiles/STM32G071RB_LVGL.dir/lvgl/src/core/lv_group.c.obj
                0x080058c4                lv_group_get_default
 .text.lv_group_remove_obj
                0x080058d0       0xf8 CMakeFiles/STM32G071RB_LVGL.dir/lvgl/src/core/lv_group.c.obj
                0x080058d0                lv_group_remove_obj
 .text.lv_group_add_obj
                0x080059c8       0x80 CMakeFiles/STM32G071RB_LVGL.dir/lvgl/src/core/lv_group.c.obj
                0x080059c8                lv_group_add_obj
 .text.lv_group_focus_obj
                0x08005a48        0xc CMakeFiles/STM32G071RB_LVGL.dir/lvgl/src/core/lv_group.c.obj
                0x08005a48                lv_group_focus_obj
 .text.lv_group_focus_next
                0x08005a54       0x28 CMakeFiles/STM32G071RB_LVGL.dir/lvgl/src/core/lv_group.c.obj
                0x08005a54                lv_group_focus_next
 .text.lv_group_focus_prev
                0x08005a7c       0x28 CMakeFiles/STM32G071RB_LVGL.dir/lvgl/src/core/lv_group.c.obj
                0x08005a7c                lv_group_focus_prev
 .text.lv_group_send_data
                0x08005aa4       0x34 CMakeFiles/STM32G071RB_LVGL.dir/lvgl/src/core/lv_group.c.obj
                0x08005aa4                lv_group_send_data
 .text.lv_group_set_editing
                0x08005ad8       0xa8 CMakeFiles/STM32G071RB_LVGL.dir/lvgl/src/core/lv_group.c.obj
                0x08005ad8                lv_group_set_editing
 .text.lv_group_get_focused
                0x08005b80       0x14 CMakeFiles/STM32G071RB_LVGL.dir/lvgl/src/core/lv_group.c.obj
                0x08005b80                lv_group_get_focused
 .text.lv_group_get_editing
                0x08005b94       0x10 CMakeFiles/STM32G071RB_LVGL.dir/lvgl/src/core/lv_group.c.obj
                0x08005b94                lv_group_get_editing
 .text.lv_group_get_obj_count
                0x08005ba4        0x8 CMakeFiles/STM32G071RB_LVGL.dir/lvgl/src/core/lv_group.c.obj
                0x08005ba4                lv_group_get_obj_count
 .text.indev_proc_release
                0x08005bac       0xe8 CMakeFiles/STM32G071RB_LVGL.dir/lvgl/src/core/lv_indev.c.obj
 .text.lv_indev_get_act
                0x08005c94        0xc CMakeFiles/STM32G071RB_LVGL.dir/lvgl/src/core/lv_indev.c.obj
                0x08005c94                lv_indev_get_act
 .text.lv_indev_get_type
                0x08005ca0       0x10 CMakeFiles/STM32G071RB_LVGL.dir/lvgl/src/core/lv_indev.c.obj
                0x08005ca0                lv_indev_get_type
 .text.lv_indev_reset
                0x08005cb0      0x100 CMakeFiles/STM32G071RB_LVGL.dir/lvgl/src/core/lv_indev.c.obj
                0x08005cb0                lv_indev_reset
 .text.lv_indev_set_group
                0x08005db0       0x10 CMakeFiles/STM32G071RB_LVGL.dir/lvgl/src/core/lv_indev.c.obj
                0x08005db0                lv_indev_set_group
 .text.lv_indev_get_point
                0x08005dc0       0x2c CMakeFiles/STM32G071RB_LVGL.dir/lvgl/src/core/lv_indev.c.obj
                0x08005dc0                lv_indev_get_point
 .text.lv_indev_get_scroll_dir
                0x08005dec       0x20 CMakeFiles/STM32G071RB_LVGL.dir/lvgl/src/core/lv_indev.c.obj
                0x08005dec                lv_indev_get_scroll_dir
 .text.lv_indev_get_scroll_obj
                0x08005e0c       0x1c CMakeFiles/STM32G071RB_LVGL.dir/lvgl/src/core/lv_indev.c.obj
                0x08005e0c                lv_indev_get_scroll_obj
 .text.lv_indev_get_vect
                0x08005e28       0x24 CMakeFiles/STM32G071RB_LVGL.dir/lvgl/src/core/lv_indev.c.obj
                0x08005e28                lv_indev_get_vect
 .text.lv_indev_get_obj_act
                0x08005e4c        0xc CMakeFiles/STM32G071RB_LVGL.dir/lvgl/src/core/lv_indev.c.obj
                0x08005e4c                lv_indev_get_obj_act
 .text.lv_indev_search_obj
                0x08005e58       0x8c CMakeFiles/STM32G071RB_LVGL.dir/lvgl/src/core/lv_indev.c.obj
                0x08005e58                lv_indev_search_obj
 .text.indev_proc_press
                0x08005ee4      0x474 CMakeFiles/STM32G071RB_LVGL.dir/lvgl/src/core/lv_indev.c.obj
 .text.lv_indev_read_timer_cb
                0x08006358      0xa40 CMakeFiles/STM32G071RB_LVGL.dir/lvgl/src/core/lv_indev.c.obj
                0x08006358                lv_indev_read_timer_cb
 .text.find_snap_point_y
                0x08006d98      0x128 CMakeFiles/STM32G071RB_LVGL.dir/lvgl/src/core/lv_indev_scroll.c.obj
 .text.find_snap_point_x
                0x08006ec0      0x128 CMakeFiles/STM32G071RB_LVGL.dir/lvgl/src/core/lv_indev_scroll.c.obj
 .text.elastic_diff
                0x08006fe8      0x190 CMakeFiles/STM32G071RB_LVGL.dir/lvgl/src/core/lv_indev_scroll.c.obj
 .text._lv_indev_scroll_handler
                0x08007178      0x594 CMakeFiles/STM32G071RB_LVGL.dir/lvgl/src/core/lv_indev_scroll.c.obj
                0x08007178                _lv_indev_scroll_handler
 .text._lv_indev_scroll_throw_handler
                0x0800770c      0x2dc CMakeFiles/STM32G071RB_LVGL.dir/lvgl/src/core/lv_indev_scroll.c.obj
                0x0800770c                _lv_indev_scroll_throw_handler
 .text.lv_indev_scroll_throw_predict
                0x080079e8       0x44 CMakeFiles/STM32G071RB_LVGL.dir/lvgl/src/core/lv_indev_scroll.c.obj
                0x080079e8                lv_indev_scroll_throw_predict
 .text.lv_obj_draw
                0x08007a2c      0x328 CMakeFiles/STM32G071RB_LVGL.dir/lvgl/src/core/lv_obj.c.obj
 .text.lv_obj_destructor
                0x08007d54       0x70 CMakeFiles/STM32G071RB_LVGL.dir/lvgl/src/core/lv_obj.c.obj
 .text.lv_obj_constructor
                0x08007dc4       0x68 CMakeFiles/STM32G071RB_LVGL.dir/lvgl/src/core/lv_obj.c.obj
 .text.lv_obj_set_state
                0x08007e2c      0x2c0 CMakeFiles/STM32G071RB_LVGL.dir/lvgl/src/core/lv_obj.c.obj
 .text.lv_obj_event
                0x080080ec      0x388 CMakeFiles/STM32G071RB_LVGL.dir/lvgl/src/core/lv_obj.c.obj
 .text.lv_init  0x08008474       0x58 CMakeFiles/STM32G071RB_LVGL.dir/lvgl/src/core/lv_obj.c.obj
                0x08008474                lv_init
 .text.lv_obj_create
                0x080084cc       0x1c CMakeFiles/STM32G071RB_LVGL.dir/lvgl/src/core/lv_obj.c.obj
                0x080084cc                lv_obj_create
 .text.lv_obj_add_flag
                0x080084e8       0x78 CMakeFiles/STM32G071RB_LVGL.dir/lvgl/src/core/lv_obj.c.obj
                0x080084e8                lv_obj_add_flag
 .text.lv_obj_clear_flag
                0x08008560       0x84 CMakeFiles/STM32G071RB_LVGL.dir/lvgl/src/core/lv_obj.c.obj
                0x08008560                lv_obj_clear_flag
 .text.lv_obj_add_state
                0x080085e4       0x10 CMakeFiles/STM32G071RB_LVGL.dir/lvgl/src/core/lv_obj.c.obj
                0x080085e4                lv_obj_add_state
 .text.lv_obj_clear_state
                0x080085f4       0x14 CMakeFiles/STM32G071RB_LVGL.dir/lvgl/src/core/lv_obj.c.obj
                0x080085f4                lv_obj_clear_state
 .text.lv_obj_has_flag
                0x08008608       0x10 CMakeFiles/STM32G071RB_LVGL.dir/lvgl/src/core/lv_obj.c.obj
                0x08008608                lv_obj_has_flag
 .text.lv_obj_has_flag_any
                0x08008618        0xc CMakeFiles/STM32G071RB_LVGL.dir/lvgl/src/core/lv_obj.c.obj
                0x08008618                lv_obj_has_flag_any
 .text.lv_obj_get_state
                0x08008624        0x4 CMakeFiles/STM32G071RB_LVGL.dir/lvgl/src/core/lv_obj.c.obj
                0x08008624                lv_obj_get_state
 .text.lv_obj_has_state
                0x08008628        0xc CMakeFiles/STM32G071RB_LVGL.dir/lvgl/src/core/lv_obj.c.obj
                0x08008628                lv_obj_has_state
 .text.lv_obj_get_group
                0x08008634        0xc CMakeFiles/STM32G071RB_LVGL.dir/lvgl/src/core/lv_obj.c.obj
                0x08008634                lv_obj_get_group
 .text.lv_obj_allocate_spec_attr
                0x08008640       0x44 CMakeFiles/STM32G071RB_LVGL.dir/lvgl/src/core/lv_obj.c.obj
                0x08008640                lv_obj_allocate_spec_attr
 .text.lv_obj_check_type
                0x08008684       0x14 CMakeFiles/STM32G071RB_LVGL.dir/lvgl/src/core/lv_obj.c.obj
                0x08008684                lv_obj_check_type
 .text.lv_obj_construct
                0x08008698       0x6c CMakeFiles/STM32G071RB_LVGL.dir/lvgl/src/core/lv_obj_class.c.obj
 .text.lv_obj_class_create_obj
                0x08008704       0xf0 CMakeFiles/STM32G071RB_LVGL.dir/lvgl/src/core/lv_obj_class.c.obj
                0x08008704                lv_obj_class_create_obj
 .text.lv_obj_class_init_obj
                0x080087f4       0xec CMakeFiles/STM32G071RB_LVGL.dir/lvgl/src/core/lv_obj_class.c.obj
                0x080087f4                lv_obj_class_init_obj
 .text._lv_obj_destruct
                0x080088e0       0x28 CMakeFiles/STM32G071RB_LVGL.dir/lvgl/src/core/lv_obj_class.c.obj
                0x080088e0                _lv_obj_destruct
 .text.lv_obj_is_editable
                0x08008908       0x28 CMakeFiles/STM32G071RB_LVGL.dir/lvgl/src/core/lv_obj_class.c.obj
                0x08008908                lv_obj_is_editable
 .text.lv_obj_init_draw_rect_dsc
                0x08008930      0x1d0 CMakeFiles/STM32G071RB_LVGL.dir/lvgl/src/core/lv_obj_draw.c.obj
                0x08008930                lv_obj_init_draw_rect_dsc
 .text.lv_obj_init_draw_label_dsc
                0x08008b00       0xa4 CMakeFiles/STM32G071RB_LVGL.dir/lvgl/src/core/lv_obj_draw.c.obj
                0x08008b00                lv_obj_init_draw_label_dsc
 .text.lv_obj_init_draw_img_dsc
                0x08008ba4       0x98 CMakeFiles/STM32G071RB_LVGL.dir/lvgl/src/core/lv_obj_draw.c.obj
                0x08008ba4                lv_obj_init_draw_img_dsc
 .text.lv_obj_calculate_ext_draw_size
                0x08008c3c       0xec CMakeFiles/STM32G071RB_LVGL.dir/lvgl/src/core/lv_obj_draw.c.obj
                0x08008c3c                lv_obj_calculate_ext_draw_size
 .text.lv_obj_draw_dsc_init
                0x08008d28       0x10 CMakeFiles/STM32G071RB_LVGL.dir/lvgl/src/core/lv_obj_draw.c.obj
                0x08008d28                lv_obj_draw_dsc_init
 .text.lv_obj_refresh_ext_draw_size
                0x08008d38       0x6c CMakeFiles/STM32G071RB_LVGL.dir/lvgl/src/core/lv_obj_draw.c.obj
                0x08008d38                lv_obj_refresh_ext_draw_size
 .text._lv_obj_get_ext_draw_size
                0x08008da4       0x10 CMakeFiles/STM32G071RB_LVGL.dir/lvgl/src/core/lv_obj_draw.c.obj
                0x08008da4                _lv_obj_get_ext_draw_size
 .text._lv_obj_get_layer_type
                0x08008db4       0x10 CMakeFiles/STM32G071RB_LVGL.dir/lvgl/src/core/lv_obj_draw.c.obj
                0x08008db4                _lv_obj_get_layer_type
 .text.transform_point
                0x08008dc4       0x94 CMakeFiles/STM32G071RB_LVGL.dir/lvgl/src/core/lv_obj_pos.c.obj
 .text.lv_obj_set_pos
                0x08008e58       0x68 CMakeFiles/STM32G071RB_LVGL.dir/lvgl/src/core/lv_obj_pos.c.obj
                0x08008e58                lv_obj_set_pos
 .text.lv_obj_set_x
                0x08008ec0       0x30 CMakeFiles/STM32G071RB_LVGL.dir/lvgl/src/core/lv_obj_pos.c.obj
                0x08008ec0                lv_obj_set_x
 .text.lv_obj_set_y
                0x08008ef0       0x30 CMakeFiles/STM32G071RB_LVGL.dir/lvgl/src/core/lv_obj_pos.c.obj
                0x08008ef0                lv_obj_set_y
 .text.lv_obj_set_width
                0x08008f20       0x30 CMakeFiles/STM32G071RB_LVGL.dir/lvgl/src/core/lv_obj_pos.c.obj
                0x08008f20                lv_obj_set_width
 .text.lv_obj_set_height
                0x08008f50       0x30 CMakeFiles/STM32G071RB_LVGL.dir/lvgl/src/core/lv_obj_pos.c.obj
                0x08008f50                lv_obj_set_height
 .text.lv_obj_is_layout_positioned
                0x08008f80       0x34 CMakeFiles/STM32G071RB_LVGL.dir/lvgl/src/core/lv_obj_pos.c.obj
                0x08008f80                lv_obj_is_layout_positioned
 .text.lv_obj_mark_layout_as_dirty
                0x08008fb4       0x28 CMakeFiles/STM32G071RB_LVGL.dir/lvgl/src/core/lv_obj_pos.c.obj
                0x08008fb4                lv_obj_mark_layout_as_dirty
 .text.lv_obj_set_align
                0x08008fdc        0xc CMakeFiles/STM32G071RB_LVGL.dir/lvgl/src/core/lv_obj_pos.c.obj
                0x08008fdc                lv_obj_set_align
 .text.lv_obj_align
                0x08008fe8       0x70 CMakeFiles/STM32G071RB_LVGL.dir/lvgl/src/core/lv_obj_pos.c.obj
                0x08008fe8                lv_obj_align
 .text.lv_obj_get_coords
                0x08009058       0x1c CMakeFiles/STM32G071RB_LVGL.dir/lvgl/src/core/lv_obj_pos.c.obj
                0x08009058                lv_obj_get_coords
 .text.lv_obj_get_y
                0x08009074       0x4c CMakeFiles/STM32G071RB_LVGL.dir/lvgl/src/core/lv_obj_pos.c.obj
                0x08009074                lv_obj_get_y
 .text.lv_obj_get_y2
                0x080090c0       0x5c CMakeFiles/STM32G071RB_LVGL.dir/lvgl/src/core/lv_obj_pos.c.obj
                0x080090c0                lv_obj_get_y2
 .text.lv_obj_get_width
                0x0800911c        0xc CMakeFiles/STM32G071RB_LVGL.dir/lvgl/src/core/lv_obj_pos.c.obj
                0x0800911c                lv_obj_get_width
 .text.lv_obj_get_height
                0x08009128        0xc CMakeFiles/STM32G071RB_LVGL.dir/lvgl/src/core/lv_obj_pos.c.obj
                0x08009128                lv_obj_get_height
 .text.lv_obj_get_content_width
                0x08009134       0x3c CMakeFiles/STM32G071RB_LVGL.dir/lvgl/src/core/lv_obj_pos.c.obj
                0x08009134                lv_obj_get_content_width
 .text.lv_obj_get_content_height
                0x08009170       0x3c CMakeFiles/STM32G071RB_LVGL.dir/lvgl/src/core/lv_obj_pos.c.obj
                0x08009170                lv_obj_get_content_height
 .text.lv_obj_get_content_coords
                0x080091ac       0x74 CMakeFiles/STM32G071RB_LVGL.dir/lvgl/src/core/lv_obj_pos.c.obj
                0x080091ac                lv_obj_get_content_coords
 .text.lv_obj_get_self_width
                0x08009220       0x20 CMakeFiles/STM32G071RB_LVGL.dir/lvgl/src/core/lv_obj_pos.c.obj
                0x08009220                lv_obj_get_self_width
 .text.lv_obj_get_self_height
                0x08009240       0x20 CMakeFiles/STM32G071RB_LVGL.dir/lvgl/src/core/lv_obj_pos.c.obj
                0x08009240                lv_obj_get_self_height
 .text.lv_obj_refresh_self_size
                0x08009260       0x54 CMakeFiles/STM32G071RB_LVGL.dir/lvgl/src/core/lv_obj_pos.c.obj
                0x08009260                lv_obj_refresh_self_size
 .text.lv_obj_move_children_by
                0x080092b4      0x2ec CMakeFiles/STM32G071RB_LVGL.dir/lvgl/src/core/lv_obj_pos.c.obj
                0x080092b4                lv_obj_move_children_by
 .text.lv_obj_transform_point
                0x080095a0       0x94 CMakeFiles/STM32G071RB_LVGL.dir/lvgl/src/core/lv_obj_pos.c.obj
                0x080095a0                lv_obj_transform_point
 .text.lv_obj_get_transformed_area
                0x08009634      0x370 CMakeFiles/STM32G071RB_LVGL.dir/lvgl/src/core/lv_obj_pos.c.obj
                0x08009634                lv_obj_get_transformed_area
 .text.lv_obj_area_is_visible
                0x080099a4      0x100 CMakeFiles/STM32G071RB_LVGL.dir/lvgl/src/core/lv_obj_pos.c.obj
                0x080099a4                lv_obj_area_is_visible
 .text.lv_obj_invalidate_area
                0x08009aa4       0x48 CMakeFiles/STM32G071RB_LVGL.dir/lvgl/src/core/lv_obj_pos.c.obj
                0x08009aa4                lv_obj_invalidate_area
 .text.lv_obj_invalidate
                0x08009aec       0x78 CMakeFiles/STM32G071RB_LVGL.dir/lvgl/src/core/lv_obj_pos.c.obj
                0x08009aec                lv_obj_invalidate
 .text.lv_obj_move_to
                0x08009b64      0x1b0 CMakeFiles/STM32G071RB_LVGL.dir/lvgl/src/core/lv_obj_pos.c.obj
                0x08009b64                lv_obj_move_to
 .text.lv_obj_refr_pos
                0x08009d14      0x338 CMakeFiles/STM32G071RB_LVGL.dir/lvgl/src/core/lv_obj_pos.c.obj
                0x08009d14                lv_obj_refr_pos
 .text.lv_obj_refr_size
                0x0800a04c      0x838 CMakeFiles/STM32G071RB_LVGL.dir/lvgl/src/core/lv_obj_pos.c.obj
                0x0800a04c                lv_obj_refr_size
 .text.layout_update_core
                0x0800a884       0x94 CMakeFiles/STM32G071RB_LVGL.dir/lvgl/src/core/lv_obj_pos.c.obj
 .text.lv_obj_align_to
                0x0800a918      0x5a8 CMakeFiles/STM32G071RB_LVGL.dir/lvgl/src/core/lv_obj_pos.c.obj
                0x0800a918                lv_obj_align_to
 .text.lv_obj_update_layout
                0x0800aec0       0xdc CMakeFiles/STM32G071RB_LVGL.dir/lvgl/src/core/lv_obj_pos.c.obj
                0x0800aec0                lv_obj_update_layout
 .text.lv_obj_get_click_area
                0x0800af9c       0x34 CMakeFiles/STM32G071RB_LVGL.dir/lvgl/src/core/lv_obj_pos.c.obj
                0x0800af9c                lv_obj_get_click_area
 .text.lv_obj_hit_test
                0x0800afd0       0xb4 CMakeFiles/STM32G071RB_LVGL.dir/lvgl/src/core/lv_obj_pos.c.obj
                0x0800afd0                lv_obj_hit_test
 .text.scroll_anim_ready_cb
                0x0800b084       0x10 CMakeFiles/STM32G071RB_LVGL.dir/lvgl/src/core/lv_obj_scroll.c.obj
 .text.lv_obj_get_scroll_left.part.0
                0x0800b094       0xe4 CMakeFiles/STM32G071RB_LVGL.dir/lvgl/src/core/lv_obj_scroll.c.obj
 .text.lv_obj_get_scroll_right.part.0
                0x0800b178       0xe8 CMakeFiles/STM32G071RB_LVGL.dir/lvgl/src/core/lv_obj_scroll.c.obj
 .text.scroll_x_anim
                0x0800b260       0x50 CMakeFiles/STM32G071RB_LVGL.dir/lvgl/src/core/lv_obj_scroll.c.obj
 .text.scroll_y_anim
                0x0800b2b0       0x50 CMakeFiles/STM32G071RB_LVGL.dir/lvgl/src/core/lv_obj_scroll.c.obj
 .text.lv_obj_set_scrollbar_mode
                0x0800b300       0x28 CMakeFiles/STM32G071RB_LVGL.dir/lvgl/src/core/lv_obj_scroll.c.obj
                0x0800b300                lv_obj_set_scrollbar_mode
 .text.lv_obj_get_scrollbar_mode
                0x0800b328       0x14 CMakeFiles/STM32G071RB_LVGL.dir/lvgl/src/core/lv_obj_scroll.c.obj
                0x0800b328                lv_obj_get_scrollbar_mode
 .text.lv_obj_get_scroll_dir
                0x0800b33c       0x14 CMakeFiles/STM32G071RB_LVGL.dir/lvgl/src/core/lv_obj_scroll.c.obj
                0x0800b33c                lv_obj_get_scroll_dir
 .text.lv_obj_get_scroll_snap_x
                0x0800b350       0x14 CMakeFiles/STM32G071RB_LVGL.dir/lvgl/src/core/lv_obj_scroll.c.obj
                0x0800b350                lv_obj_get_scroll_snap_x
 .text.lv_obj_get_scroll_snap_y
                0x0800b364       0x14 CMakeFiles/STM32G071RB_LVGL.dir/lvgl/src/core/lv_obj_scroll.c.obj
                0x0800b364                lv_obj_get_scroll_snap_y
 .text.lv_obj_get_scroll_x
                0x0800b378       0x14 CMakeFiles/STM32G071RB_LVGL.dir/lvgl/src/core/lv_obj_scroll.c.obj
                0x0800b378                lv_obj_get_scroll_x
 .text.lv_obj_get_scroll_y
                0x0800b38c       0x14 CMakeFiles/STM32G071RB_LVGL.dir/lvgl/src/core/lv_obj_scroll.c.obj
                0x0800b38c                lv_obj_get_scroll_y
 .text.lv_obj_get_scroll_top
                0x0800b3a0       0x14 CMakeFiles/STM32G071RB_LVGL.dir/lvgl/src/core/lv_obj_scroll.c.obj
                0x0800b3a0                lv_obj_get_scroll_top
 .text.lv_obj_get_scroll_bottom
                0x0800b3b4       0xe8 CMakeFiles/STM32G071RB_LVGL.dir/lvgl/src/core/lv_obj_scroll.c.obj
                0x0800b3b4                lv_obj_get_scroll_bottom
 .text.lv_obj_get_scrollbar_area.part.0
                0x0800b49c      0x8a8 CMakeFiles/STM32G071RB_LVGL.dir/lvgl/src/core/lv_obj_scroll.c.obj
 .text.lv_obj_get_scroll_left
                0x0800bd44       0x2c CMakeFiles/STM32G071RB_LVGL.dir/lvgl/src/core/lv_obj_scroll.c.obj
                0x0800bd44                lv_obj_get_scroll_left
 .text.lv_obj_get_scroll_right
                0x0800bd70       0x2c CMakeFiles/STM32G071RB_LVGL.dir/lvgl/src/core/lv_obj_scroll.c.obj
                0x0800bd70                lv_obj_get_scroll_right
 .text.lv_obj_scroll_by
                0x0800bd9c      0x170 CMakeFiles/STM32G071RB_LVGL.dir/lvgl/src/core/lv_obj_scroll.c.obj
                0x0800bd9c                lv_obj_scroll_by
 .text.lv_obj_scroll_by_bounded.part.0
                0x0800bf0c      0x248 CMakeFiles/STM32G071RB_LVGL.dir/lvgl/src/core/lv_obj_scroll.c.obj
 .text.scroll_area_into_view
                0x0800c154      0x3b4 CMakeFiles/STM32G071RB_LVGL.dir/lvgl/src/core/lv_obj_scroll.c.obj
 .text.lv_obj_scroll_to
                0x0800c508       0x68 CMakeFiles/STM32G071RB_LVGL.dir/lvgl/src/core/lv_obj_scroll.c.obj
                0x0800c508                lv_obj_scroll_to
 .text.lv_obj_scroll_to_x
                0x0800c570       0x38 CMakeFiles/STM32G071RB_LVGL.dir/lvgl/src/core/lv_obj_scroll.c.obj
                0x0800c570                lv_obj_scroll_to_x
 .text.lv_obj_scroll_to_y
                0x0800c5a8       0x38 CMakeFiles/STM32G071RB_LVGL.dir/lvgl/src/core/lv_obj_scroll.c.obj
                0x0800c5a8                lv_obj_scroll_to_y
 .text.lv_obj_scroll_to_view_recursive
                0x0800c5e0       0x3c CMakeFiles/STM32G071RB_LVGL.dir/lvgl/src/core/lv_obj_scroll.c.obj
                0x0800c5e0                lv_obj_scroll_to_view_recursive
 .text._lv_obj_scroll_by_raw
                0x0800c61c       0x4c CMakeFiles/STM32G071RB_LVGL.dir/lvgl/src/core/lv_obj_scroll.c.obj
                0x0800c61c                _lv_obj_scroll_by_raw
 .text.lv_obj_get_scrollbar_area
                0x0800c668       0x44 CMakeFiles/STM32G071RB_LVGL.dir/lvgl/src/core/lv_obj_scroll.c.obj
                0x0800c668                lv_obj_get_scrollbar_area
 .text.lv_obj_scrollbar_invalidate
                0x0800c6ac       0x84 CMakeFiles/STM32G071RB_LVGL.dir/lvgl/src/core/lv_obj_scroll.c.obj
                0x0800c6ac                lv_obj_scrollbar_invalidate
 .text.lv_obj_readjust_scroll
                0x0800c730      0x114 CMakeFiles/STM32G071RB_LVGL.dir/lvgl/src/core/lv_obj_scroll.c.obj
                0x0800c730                lv_obj_readjust_scroll
 .text.get_local_style
                0x0800c844       0xf0 CMakeFiles/STM32G071RB_LVGL.dir/lvgl/src/core/lv_obj_style.c.obj
 .text.get_trans_style
                0x0800c934       0xbc CMakeFiles/STM32G071RB_LVGL.dir/lvgl/src/core/lv_obj_style.c.obj
 .text.trans_del.isra.0
                0x0800c9f0      0x138 CMakeFiles/STM32G071RB_LVGL.dir/lvgl/src/core/lv_obj_style.c.obj
 .text.refresh_children_style
                0x0800cb28      0x290 CMakeFiles/STM32G071RB_LVGL.dir/lvgl/src/core/lv_obj_style.c.obj
 .text._lv_obj_style_init
                0x0800cdb8       0x10 CMakeFiles/STM32G071RB_LVGL.dir/lvgl/src/core/lv_obj_style.c.obj
                0x0800cdb8                _lv_obj_style_init
 .text.lv_obj_enable_style_refresh
                0x0800cdc8        0xc CMakeFiles/STM32G071RB_LVGL.dir/lvgl/src/core/lv_obj_style.c.obj
                0x0800cdc8                lv_obj_enable_style_refresh
 .text.lv_obj_get_style_prop
                0x0800cdd4      0x1a8 CMakeFiles/STM32G071RB_LVGL.dir/lvgl/src/core/lv_obj_style.c.obj
                0x0800cdd4                lv_obj_get_style_prop
 .text.lv_obj_refresh_style.part.0
                0x0800cf7c      0x28c CMakeFiles/STM32G071RB_LVGL.dir/lvgl/src/core/lv_obj_style.c.obj
 .text.lv_obj_refresh_style
                0x0800d208       0x14 CMakeFiles/STM32G071RB_LVGL.dir/lvgl/src/core/lv_obj_style.c.obj
                0x0800d208                lv_obj_refresh_style
 .text.lv_obj_add_style
                0x0800d21c       0xfc CMakeFiles/STM32G071RB_LVGL.dir/lvgl/src/core/lv_obj_style.c.obj
                0x0800d21c                lv_obj_add_style
 .text.trans_anim_cb
                0x0800d318      0x17c CMakeFiles/STM32G071RB_LVGL.dir/lvgl/src/core/lv_obj_style.c.obj
 .text.lv_obj_remove_style
                0x0800d494      0x158 CMakeFiles/STM32G071RB_LVGL.dir/lvgl/src/core/lv_obj_style.c.obj
                0x0800d494                lv_obj_remove_style
 .text.trans_anim_ready_cb
                0x0800d5ec       0xc4 CMakeFiles/STM32G071RB_LVGL.dir/lvgl/src/core/lv_obj_style.c.obj
 .text.report_style_change_core
                0x0800d6b0      0x450 CMakeFiles/STM32G071RB_LVGL.dir/lvgl/src/core/lv_obj_style.c.obj
 .text.lv_obj_report_style_change
                0x0800db00       0xb4 CMakeFiles/STM32G071RB_LVGL.dir/lvgl/src/core/lv_obj_style.c.obj
                0x0800db00                lv_obj_report_style_change
 .text.trans_anim_start_cb
                0x0800dbb4       0x40 CMakeFiles/STM32G071RB_LVGL.dir/lvgl/src/core/lv_obj_style.c.obj
 .text.lv_obj_set_local_style_prop
                0x0800dbf4       0x30 CMakeFiles/STM32G071RB_LVGL.dir/lvgl/src/core/lv_obj_style.c.obj
                0x0800dbf4                lv_obj_set_local_style_prop
 .text.lv_obj_get_local_style_prop
                0x0800dc24       0x34 CMakeFiles/STM32G071RB_LVGL.dir/lvgl/src/core/lv_obj_style.c.obj
                0x0800dc24                lv_obj_get_local_style_prop
 .text.lv_obj_remove_local_style_prop
                0x0800dc58       0x6c CMakeFiles/STM32G071RB_LVGL.dir/lvgl/src/core/lv_obj_style.c.obj
                0x0800dc58                lv_obj_remove_local_style_prop
 .text._lv_obj_style_create_transition
                0x0800dcc4      0x16c CMakeFiles/STM32G071RB_LVGL.dir/lvgl/src/core/lv_obj_style.c.obj
                0x0800dcc4                _lv_obj_style_create_transition
 .text._lv_obj_style_apply_color_filter
                0x0800de30       0x40 CMakeFiles/STM32G071RB_LVGL.dir/lvgl/src/core/lv_obj_style.c.obj
                0x0800de30                _lv_obj_style_apply_color_filter
 .text._lv_obj_style_state_compare
                0x0800de70      0x274 CMakeFiles/STM32G071RB_LVGL.dir/lvgl/src/core/lv_obj_style.c.obj
                0x0800de70                _lv_obj_style_state_compare
 .text.lv_obj_style_get_selector_state
                0x0800e0e4        0x4 CMakeFiles/STM32G071RB_LVGL.dir/lvgl/src/core/lv_obj_style.c.obj
                0x0800e0e4                lv_obj_style_get_selector_state
 .text.lv_obj_style_get_selector_part
                0x0800e0e8        0x8 CMakeFiles/STM32G071RB_LVGL.dir/lvgl/src/core/lv_obj_style.c.obj
                0x0800e0e8                lv_obj_style_get_selector_part
 .text.lv_obj_calculate_style_text_align
                0x0800e0f0       0x24 CMakeFiles/STM32G071RB_LVGL.dir/lvgl/src/core/lv_obj_style.c.obj
                0x0800e0f0                lv_obj_calculate_style_text_align
 .text.lv_obj_set_style_width
                0x0800e114       0x10 CMakeFiles/STM32G071RB_LVGL.dir/lvgl/src/core/lv_obj_style_gen.c.obj
                0x0800e114                lv_obj_set_style_width
 .text.lv_obj_set_style_height
                0x0800e124       0x10 CMakeFiles/STM32G071RB_LVGL.dir/lvgl/src/core/lv_obj_style_gen.c.obj
                0x0800e124                lv_obj_set_style_height
 .text.lv_obj_set_style_x
                0x0800e134       0x10 CMakeFiles/STM32G071RB_LVGL.dir/lvgl/src/core/lv_obj_style_gen.c.obj
                0x0800e134                lv_obj_set_style_x
 .text.lv_obj_set_style_y
                0x0800e144       0x10 CMakeFiles/STM32G071RB_LVGL.dir/lvgl/src/core/lv_obj_style_gen.c.obj
                0x0800e144                lv_obj_set_style_y
 .text.lv_obj_set_style_align
                0x0800e154       0x10 CMakeFiles/STM32G071RB_LVGL.dir/lvgl/src/core/lv_obj_style_gen.c.obj
                0x0800e154                lv_obj_set_style_align
 .text.lv_obj_set_style_pad_top
                0x0800e164       0x10 CMakeFiles/STM32G071RB_LVGL.dir/lvgl/src/core/lv_obj_style_gen.c.obj
                0x0800e164                lv_obj_set_style_pad_top
 .text.lv_obj_set_style_pad_bottom
                0x0800e174       0x10 CMakeFiles/STM32G071RB_LVGL.dir/lvgl/src/core/lv_obj_style_gen.c.obj
                0x0800e174                lv_obj_set_style_pad_bottom
 .text.lv_obj_set_style_pad_left
                0x0800e184       0x10 CMakeFiles/STM32G071RB_LVGL.dir/lvgl/src/core/lv_obj_style_gen.c.obj
                0x0800e184                lv_obj_set_style_pad_left
 .text.lv_obj_set_style_pad_right
                0x0800e194       0x10 CMakeFiles/STM32G071RB_LVGL.dir/lvgl/src/core/lv_obj_style_gen.c.obj
                0x0800e194                lv_obj_set_style_pad_right
 .text.lv_obj_set_style_bg_color
                0x0800e1a4       0x18 CMakeFiles/STM32G071RB_LVGL.dir/lvgl/src/core/lv_obj_style_gen.c.obj
                0x0800e1a4                lv_obj_set_style_bg_color
 .text.lv_obj_set_style_bg_opa
                0x0800e1bc       0x10 CMakeFiles/STM32G071RB_LVGL.dir/lvgl/src/core/lv_obj_style_gen.c.obj
                0x0800e1bc                lv_obj_set_style_bg_opa
 .text.lv_obj_set_style_bg_img_tiled
                0x0800e1cc       0x10 CMakeFiles/STM32G071RB_LVGL.dir/lvgl/src/core/lv_obj_style_gen.c.obj
                0x0800e1cc                lv_obj_set_style_bg_img_tiled
 .text.lv_obj_set_style_outline_width
                0x0800e1dc       0x10 CMakeFiles/STM32G071RB_LVGL.dir/lvgl/src/core/lv_obj_style_gen.c.obj
                0x0800e1dc                lv_obj_set_style_outline_width
 .text.lv_obj_set_style_outline_color
                0x0800e1ec       0x18 CMakeFiles/STM32G071RB_LVGL.dir/lvgl/src/core/lv_obj_style_gen.c.obj
                0x0800e1ec                lv_obj_set_style_outline_color
 .text.lv_obj_set_style_outline_pad
                0x0800e204       0x10 CMakeFiles/STM32G071RB_LVGL.dir/lvgl/src/core/lv_obj_style_gen.c.obj
                0x0800e204                lv_obj_set_style_outline_pad
 .text.lv_obj_set_style_text_color
                0x0800e214       0x18 CMakeFiles/STM32G071RB_LVGL.dir/lvgl/src/core/lv_obj_style_gen.c.obj
                0x0800e214                lv_obj_set_style_text_color
 .text.lv_obj_set_style_text_opa
                0x0800e22c       0x10 CMakeFiles/STM32G071RB_LVGL.dir/lvgl/src/core/lv_obj_style_gen.c.obj
                0x0800e22c                lv_obj_set_style_text_opa
 .text.lv_obj_set_style_opa
                0x0800e23c       0x10 CMakeFiles/STM32G071RB_LVGL.dir/lvgl/src/core/lv_obj_style_gen.c.obj
                0x0800e23c                lv_obj_set_style_opa
 .text.obj_del_core.part.0
                0x0800e24c      0x1ac CMakeFiles/STM32G071RB_LVGL.dir/lvgl/src/core/lv_obj_tree.c.obj
 .text.lv_obj_del
                0x0800e3f8       0xc4 CMakeFiles/STM32G071RB_LVGL.dir/lvgl/src/core/lv_obj_tree.c.obj
                0x0800e3f8                lv_obj_del
 .text.lv_obj_set_parent
                0x0800e4bc      0x118 CMakeFiles/STM32G071RB_LVGL.dir/lvgl/src/core/lv_obj_tree.c.obj
                0x0800e4bc                lv_obj_set_parent
 .text.lv_obj_move_to_index
                0x0800e5d4       0xe8 CMakeFiles/STM32G071RB_LVGL.dir/lvgl/src/core/lv_obj_tree.c.obj
                0x0800e5d4                lv_obj_move_to_index
 .text.lv_obj_get_screen
                0x0800e6bc       0x14 CMakeFiles/STM32G071RB_LVGL.dir/lvgl/src/core/lv_obj_tree.c.obj
                0x0800e6bc                lv_obj_get_screen
 .text.lv_obj_get_disp
                0x0800e6d0       0x50 CMakeFiles/STM32G071RB_LVGL.dir/lvgl/src/core/lv_obj_tree.c.obj
                0x0800e6d0                lv_obj_get_disp
 .text.lv_obj_get_parent
                0x0800e720        0xc CMakeFiles/STM32G071RB_LVGL.dir/lvgl/src/core/lv_obj_tree.c.obj