Archive member included to satisfy reference by file (symbol)

C:/ST/STM32CubeCLT_1.17.0/GNU-tools-for-STM32/bin/../lib/gcc/arm-none-eabi/12.3.1/../../../../arm-none-eabi/lib/thumb/v6-m/nofp\libc_nano.a(libc_a-exit.o)
                              C:/ST/STM32CubeCLT_1.17.0/GNU-tools-for-STM32/bin/../lib/gcc/arm-none-eabi/12.3.1/../../../../arm-none-eabi/lib/thumb/v6-m/nofp/crt0.o (exit)
C:/ST/STM32CubeCLT_1.17.0/GNU-tools-for-STM32/bin/../lib/gcc/arm-none-eabi/12.3.1/../../../../arm-none-eabi/lib/thumb/v6-m/nofp\libc_nano.a(libc_a-findfp.o)
                              C:/ST/STM32CubeCLT_1.17.0/GNU-tools-for-STM32/bin/../lib/gcc/arm-none-eabi/12.3.1/../../../../arm-none-eabi/lib/thumb/v6-m/nofp\libc_nano.a(libc_a-exit.o) (__stdio_exit_handler)
C:/ST/STM32CubeCLT_1.17.0/GNU-tools-for-STM32/bin/../lib/gcc/arm-none-eabi/12.3.1/../../../../arm-none-eabi/lib/thumb/v6-m/nofp\libc_nano.a(libc_a-fwalk.o)
                              C:/ST/STM32CubeCLT_1.17.0/GNU-tools-for-STM32/bin/../lib/gcc/arm-none-eabi/12.3.1/../../../../arm-none-eabi/lib/thumb/v6-m/nofp\libc_nano.a(libc_a-findfp.o) (_fwalk_sglue)
C:/ST/STM32CubeCLT_1.17.0/GNU-tools-for-STM32/bin/../lib/gcc/arm-none-eabi/12.3.1/../../../../arm-none-eabi/lib/thumb/v6-m/nofp\libc_nano.a(libc_a-stdio.o)
                              C:/ST/STM32CubeCLT_1.17.0/GNU-tools-for-STM32/bin/../lib/gcc/arm-none-eabi/12.3.1/../../../../arm-none-eabi/lib/thumb/v6-m/nofp\libc_nano.a(libc_a-findfp.o) (__sread)
C:/ST/STM32CubeCLT_1.17.0/GNU-tools-for-STM32/bin/../lib/gcc/arm-none-eabi/12.3.1/../../../../arm-none-eabi/lib/thumb/v6-m/nofp\libc_nano.a(libc_a-memset.o)
                              C:/ST/STM32CubeCLT_1.17.0/GNU-tools-for-STM32/bin/../lib/gcc/arm-none-eabi/12.3.1/../../../../arm-none-eabi/lib/thumb/v6-m/nofp/crt0.o (memset)
C:/ST/STM32CubeCLT_1.17.0/GNU-tools-for-STM32/bin/../lib/gcc/arm-none-eabi/12.3.1/../../../../arm-none-eabi/lib/thumb/v6-m/nofp\libc_nano.a(libc_a-closer.o)
                              C:/ST/STM32CubeCLT_1.17.0/GNU-tools-for-STM32/bin/../lib/gcc/arm-none-eabi/12.3.1/../../../../arm-none-eabi/lib/thumb/v6-m/nofp\libc_nano.a(libc_a-stdio.o) (_close_r)
C:/ST/STM32CubeCLT_1.17.0/GNU-tools-for-STM32/bin/../lib/gcc/arm-none-eabi/12.3.1/../../../../arm-none-eabi/lib/thumb/v6-m/nofp\libc_nano.a(libc_a-reent.o)
                              C:/ST/STM32CubeCLT_1.17.0/GNU-tools-for-STM32/bin/../lib/gcc/arm-none-eabi/12.3.1/../../../../arm-none-eabi/lib/thumb/v6-m/nofp\libc_nano.a(libc_a-closer.o) (errno)
C:/ST/STM32CubeCLT_1.17.0/GNU-tools-for-STM32/bin/../lib/gcc/arm-none-eabi/12.3.1/../../../../arm-none-eabi/lib/thumb/v6-m/nofp\libc_nano.a(libc_a-impure.o)
                              C:/ST/STM32CubeCLT_1.17.0/GNU-tools-for-STM32/bin/../lib/gcc/arm-none-eabi/12.3.1/../../../../arm-none-eabi/lib/thumb/v6-m/nofp\libc_nano.a(libc_a-reent.o) (_impure_ptr)
C:/ST/STM32CubeCLT_1.17.0/GNU-tools-for-STM32/bin/../lib/gcc/arm-none-eabi/12.3.1/../../../../arm-none-eabi/lib/thumb/v6-m/nofp\libc_nano.a(libc_a-lseekr.o)
                              C:/ST/STM32CubeCLT_1.17.0/GNU-tools-for-STM32/bin/../lib/gcc/arm-none-eabi/12.3.1/../../../../arm-none-eabi/lib/thumb/v6-m/nofp\libc_nano.a(libc_a-stdio.o) (_lseek_r)
C:/ST/STM32CubeCLT_1.17.0/GNU-tools-for-STM32/bin/../lib/gcc/arm-none-eabi/12.3.1/../../../../arm-none-eabi/lib/thumb/v6-m/nofp\libc_nano.a(libc_a-readr.o)
                              C:/ST/STM32CubeCLT_1.17.0/GNU-tools-for-STM32/bin/../lib/gcc/arm-none-eabi/12.3.1/../../../../arm-none-eabi/lib/thumb/v6-m/nofp\libc_nano.a(libc_a-stdio.o) (_read_r)
C:/ST/STM32CubeCLT_1.17.0/GNU-tools-for-STM32/bin/../lib/gcc/arm-none-eabi/12.3.1/../../../../arm-none-eabi/lib/thumb/v6-m/nofp\libc_nano.a(libc_a-writer.o)
                              C:/ST/STM32CubeCLT_1.17.0/GNU-tools-for-STM32/bin/../lib/gcc/arm-none-eabi/12.3.1/../../../../arm-none-eabi/lib/thumb/v6-m/nofp\libc_nano.a(libc_a-stdio.o) (_write_r)
C:/ST/STM32CubeCLT_1.17.0/GNU-tools-for-STM32/bin/../lib/gcc/arm-none-eabi/12.3.1/../../../../arm-none-eabi/lib/thumb/v6-m/nofp\libc_nano.a(libc_a-init.o)
                              C:/ST/STM32CubeCLT_1.17.0/GNU-tools-for-STM32/bin/../lib/gcc/arm-none-eabi/12.3.1/../../../../arm-none-eabi/lib/thumb/v6-m/nofp/crt0.o (__libc_init_array)
C:/ST/STM32CubeCLT_1.17.0/GNU-tools-for-STM32/bin/../lib/gcc/arm-none-eabi/12.3.1/../../../../arm-none-eabi/lib/thumb/v6-m/nofp\libc_nano.a(libc_a-lock.o)
                              C:/ST/STM32CubeCLT_1.17.0/GNU-tools-for-STM32/bin/../lib/gcc/arm-none-eabi/12.3.1/../../../../arm-none-eabi/lib/thumb/v6-m/nofp\libc_nano.a(libc_a-findfp.o) (__retarget_lock_init_recursive)
C:/ST/STM32CubeCLT_1.17.0/GNU-tools-for-STM32/bin/../lib/gcc/arm-none-eabi/12.3.1/../../../../arm-none-eabi/lib/thumb/v6-m/nofp\libc_nano.a(libc_a-freer.o)
                              C:/ST/STM32CubeCLT_1.17.0/GNU-tools-for-STM32/bin/../lib/gcc/arm-none-eabi/12.3.1/../../../../arm-none-eabi/lib/thumb/v6-m/nofp\libc_nano.a(libc_a-reent.o) (_free_r)
[...]
Memory Configuration

Name             Origin             Length             Attributes
RAM              0x20000000         0x00009000         xrw
FLASH            0x08000000         0x00020000         xr
SPIFLASH         0x90000000         0x00800000         xr
*default*        0x00000000         0xffffffff

Linker script and memory map

LOAD C:/ST/STM32CubeCLT_1.17.0/GNU-tools-for-STM32/bin/../lib/gcc/arm-none-eabi/12.3.1/thumb/v6-m/nofp/crti.o
LOAD C:/ST/STM32CubeCLT_1.17.0/GNU-tools-for-STM32/bin/../lib/gcc/arm-none-eabi/12.3.1/thumb/v6-m/nofp/crtbegin.o
LOAD C:/ST/STM32CubeCLT_1.17.0/GNU-tools-for-STM32/bin/../lib/gcc/arm-none-eabi/12.3.1/../../../../arm-none-eabi/lib/thumb/v6-m/nofp/crt0.o
START GROUP
LOAD C:/ST/STM32CubeCLT_1.17.0/GNU-tools-for-STM32/bin/../lib/gcc/arm-none-eabi/12.3.1/../../../../arm-none-eabi/lib/thumb/v6-m/nofp\libc_nano.a
LOAD C:/ST/STM32CubeCLT_1.17.0/GNU-tools-for-STM32/bin/../lib/gcc/arm-none-eabi/12.3.1/../../../../arm-none-eabi/lib/thumb/v6-m/nofp\libm.a
END GROUP
LOAD CMakeFiles/STM32G071RB_LVGL.dir/Core/gcc/startup_stm32g071rbtx.s.obj
LOAD CMakeFiles/STM32G071RB_LVGL.dir/Core/syscalls.c.obj
LOAD CMakeFiles/STM32G071RB_LVGL.dir/Core/sysmem.c.obj
LOAD CMakeFiles/STM32G071RB_LVGL.dir/Core/Src/main.c.obj
LOAD CMakeFiles/STM32G071RB_LVGL.dir/Core/Src/stm32g0xx_hal_msp.c.obj
LOAD CMakeFiles/STM32G071RB_LVGL.dir/Core/Src/stm32g0xx_it.c.obj
LOAD CMakeFiles/STM32G071RB_LVGL.dir/Core/Src/stm32g0xx_nucleo_bus.c.obj
LOAD CMakeFiles/STM32G071RB_LVGL.dir/Core/Src/system_stm32g0xx.c.obj
LOAD CMakeFiles/STM32G071RB_LVGL.dir/Drivers/STM32G0xx_HAL_Driver/Src/stm32g0xx_hal.c.obj
LOAD CMakeFiles/STM32G071RB_LVGL.dir/Drivers/STM32G0xx_HAL_Driver/Src/stm32g0xx_hal_cortex.c.obj
LOAD CMakeFiles/STM32G071RB_LVGL.dir/Drivers/STM32G0xx_HAL_Driver/Src/stm32g0xx_hal_dma.c.obj
LOAD CMakeFiles/STM32G071RB_LVGL.dir/Drivers/STM32G0xx_HAL_Driver/Src/stm32g0xx_hal_dma_ex.c.obj
LOAD CMakeFiles/STM32G071RB_LVGL.dir/Drivers/STM32G0xx_HAL_Driver/Src/stm32g0xx_hal_exti.c.obj
LOAD CMakeFiles/STM32G071RB_LVGL.dir/Drivers/STM32G0xx_HAL_Driver/Src/stm32g0xx_hal_flash_ex.c.obj
LOAD CMakeFiles/STM32G071RB_LVGL.dir/Drivers/STM32G0xx_HAL_Driver/Src/stm32g0xx_hal_flash.c.obj
LOAD CMakeFiles/STM32G071RB_LVGL.dir/Drivers/STM32G0xx_HAL_Driver/Src/stm32g0xx_hal_gpio.c.obj
LOAD CMakeFiles/STM32G071RB_LVGL.dir/Drivers/STM32G0xx_HAL_Driver/Src/stm32g0xx_hal_pwr_ex.c.obj
LOAD CMakeFiles/STM32G071RB_LVGL.dir/Drivers/STM32G0xx_HAL_Driver/Src/stm32g0xx_hal_pwr.c.obj
LOAD CMakeFiles/STM32G071RB_LVGL.dir/Drivers/STM32G0xx_HAL_Driver/Src/stm32g0xx_hal_rcc_ex.c.obj
LOAD CMakeFiles/STM32G071RB_LVGL.dir/Drivers/STM32G0xx_HAL_Driver/Src/stm32g0xx_hal_rcc.c.obj
LOAD CMakeFiles/STM32G071RB_LVGL.dir/Drivers/STM32G0xx_HAL_Driver/Src/stm32g0xx_hal_spi_ex.c.obj
LOAD CMakeFiles/STM32G071RB_LVGL.dir/Drivers/STM32G0xx_HAL_Driver/Src/stm32g0xx_hal_spi.c.obj
LOAD CMakeFiles/STM32G071RB_LVGL.dir/Drivers/STM32G0xx_HAL_Driver/Src/stm32g0xx_hal_tim_ex.c.obj
LOAD CMakeFiles/STM32G071RB_LVGL.dir/Drivers/STM32G0xx_HAL_Driver/Src/stm32g0xx_hal_tim.c.obj
LOAD CMakeFiles/STM32G071RB_LVGL.dir/Drivers/STM32G0xx_HAL_Driver/Src/stm32g0xx_ll_dma.c.obj
LOAD CMakeFiles/STM32G071RB_LVGL.dir/Drivers/STM32G0xx_HAL_Driver/Src/stm32g0xx_ll_rcc.c.obj
LOAD CMakeFiles/STM32G071RB_LVGL.dir/Drivers/BSP/key/key_io.c.obj
LOAD CMakeFiles/STM32G071RB_LVGL.dir/Drivers/BSP/lcd/lcd_io.c.obj
LOAD CMakeFiles/STM32G071RB_LVGL.dir/Drivers/BSP/lcd/lcd_os.c.obj
LOAD CMakeFiles/STM32G071RB_LVGL.dir/Drivers/BSP/lcd/st7789v_reg.c.obj
LOAD CMakeFiles/STM32G071RB_LVGL.dir/Drivers/BSP/lcd/st7789v.c.obj
LOAD CMakeFiles/STM32G071RB_LVGL.dir/Drivers/BSP/mem/mem_io.c.obj
LOAD CMakeFiles/STM32G071RB_LVGL.dir/Drivers/BSP/mem/mem_os.c.obj
LOAD CMakeFiles/STM32G071RB_LVGL.dir/Drivers/BSP/mem/mx25l6433f.c.obj
LOAD CMakeFiles/STM32G071RB_LVGL.dir/lvgl_hal/disp.c.obj
LOAD CMakeFiles/STM32G071RB_LVGL.dir/lvgl_hal/indev.c.obj
LOAD CMakeFiles/STM32G071RB_LVGL.dir/ui/font_14.c.obj
LOAD CMakeFiles/STM32G071RB_LVGL.dir/ui/ui.c.obj
LOAD CMakeFiles/STM32G071RB_LVGL.dir/ui/ui_comp.c.obj
LOAD CMakeFiles/STM32G071RB_LVGL.dir/ui/ui_helpers.c.obj
LOAD CMakeFiles/STM32G071RB_LVGL.dir/ui/ui_img_aircon_png.c.obj
LOAD CMakeFiles/STM32G071RB_LVGL.dir/ui/ui_img_back_png.c.obj
LOAD CMakeFiles/STM32G071RB_LVGL.dir/ui/ui_img_battery_png.c.obj
LOAD CMakeFiles/STM32G071RB_LVGL.dir/ui/ui_img_ble_png.c.obj
LOAD CMakeFiles/STM32G071RB_LVGL.dir/ui/ui_img_circle_png.c.obj
LOAD CMakeFiles/STM32G071RB_LVGL.dir/ui/ui_img_corner_png.c.obj
LOAD CMakeFiles/STM32G071RB_LVGL.dir/ui/ui_img_ellips_png.c.obj
LOAD CMakeFiles/STM32G071RB_LVGL.dir/ui/ui_img_info_png.c.obj
LOAD CMakeFiles/STM32G071RB_LVGL.dir/ui/ui_img_pattern_png.c.obj
LOAD CMakeFiles/STM32G071RB_LVGL.dir/ui/ui_img_time_png.c.obj
LOAD CMakeFiles/STM32G071RB_LVGL.dir/ui/ui_img_wifi_png.c.obj
LOAD CMakeFiles/STM32G071RB_LVGL.dir/lvgl/src/core/lv_disp.c.obj
LOAD CMakeFiles/STM32G071RB_LVGL.dir/lvgl/src/core/lv_event.c.obj
LOAD CMakeFiles/STM32G071RB_LVGL.dir/lvgl/src/core/lv_group.c.obj
LOAD CMakeFiles/STM32G071RB_LVGL.dir/lvgl/src/core/lv_indev.c.obj
LOAD CMakeFiles/STM32G071RB_LVGL.dir/lvgl/src/core/lv_indev_scroll.c.obj
LOAD CMakeFiles/STM32G071RB_LVGL.dir/lvgl/src/core/lv_obj.c.obj
LOAD CMakeFiles/STM32G071RB_LVGL.dir/lvgl/src/core/lv_obj_class.c.obj
LOAD CMakeFiles/STM32G071RB_LVGL.dir/lvgl/src/core/lv_obj_draw.c.obj
LOAD CMakeFiles/STM32G071RB_LVGL.dir/lvgl/src/core/lv_obj_pos.c.obj
LOAD CMakeFiles/STM32G071RB_LVGL.dir/lvgl/src/core/lv_obj_scroll.c.obj
LOAD CMakeFiles/STM32G071RB_LVGL.dir/lvgl/src/core/lv_obj_style.c.obj
LOAD CMakeFiles/STM32G071RB_LVGL.dir/lvgl/src/core/lv_obj_style_gen.c.obj
LOAD CMakeFiles/STM32G071RB_LVGL.dir/lvgl/src/core/lv_obj_tree.c.obj
LOAD CMakeFiles/STM32G071RB_LVGL.dir/lvgl/src/core/lv_refr.c.obj
LOAD CMakeFiles/STM32G071RB_LVGL.dir/lvgl/src/core/lv_theme.c.obj
LOAD CMakeFiles/STM32G071RB_LVGL.dir/lvgl/src/draw/arm2d/lv_gpu_arm2d.c.obj
LOAD CMakeFiles/STM32G071RB_LVGL.dir/lvgl/src/draw/lv_draw.c.obj
LOAD CMakeFiles/STM32G071RB_LVGL.dir/lvgl/src/draw/lv_draw_arc.c.obj
LOAD CMakeFiles/STM32G071RB_LVGL.dir/lvgl/src/draw/lv_draw_img.c.obj
LOAD CMakeFiles/STM32G071RB_LVGL.dir/lvgl/src/draw/lv_draw_label.c.obj
LOAD CMakeFiles/STM32G071RB_LVGL.dir/lvgl/src/draw/lv_draw_layer.c.obj
LOAD CMakeFiles/STM32G071RB_LVGL.dir/lvgl/src/draw/lv_draw_line.c.obj
LOAD CMakeFiles/STM32G071RB_LVGL.dir/lvgl/src/draw/lv_draw_mask.c.obj
LOAD CMakeFiles/STM32G071RB_LVGL.dir/lvgl/src/draw/lv_draw_rect.c.obj
LOAD CMakeFiles/STM32G071RB_LVGL.dir/lvgl/src/draw/lv_draw_transform.c.obj
LOAD CMakeFiles/STM32G071RB_LVGL.dir/lvgl/src/draw/lv_draw_triangle.c.obj
LOAD CMakeFiles/STM32G071RB_LVGL.dir/lvgl/src/draw/lv_img_buf.c.obj
LOAD CMakeFiles/STM32G071RB_LVGL.dir/lvgl/src/draw/lv_img_cache.c.obj
LOAD CMakeFiles/STM32G071RB_LVGL.dir/lvgl/src/draw/lv_img_decoder.c.obj
LOAD CMakeFiles/STM32G071RB_LVGL.dir/lvgl/src/draw/nxp/lv_gpu_nxp.c.obj
LOAD CMakeFiles/STM32G071RB_LVGL.dir/lvgl/src/draw/nxp/pxp/lv_draw_pxp_blend.c.obj
LOAD CMakeFiles/STM32G071RB_LVGL.dir/lvgl/src/draw/nxp/pxp/lv_gpu_nxp_pxp.c.obj
LOAD CMakeFiles/STM32G071RB_LVGL.dir/lvgl/src/draw/nxp/pxp/lv_gpu_nxp_pxp_osa.c.obj
LOAD CMakeFiles/STM32G071RB_LVGL.dir/lvgl/src/draw/nxp/vglite/lv_draw_vglite_arc.c.obj
LOAD CMakeFiles/STM32G071RB_LVGL.dir/lvgl/src/draw/nxp/vglite/lv_draw_vglite_blend.c.obj
LOAD CMakeFiles/STM32G071RB_LVGL.dir/lvgl/src/draw/nxp/vglite/lv_draw_vglite_rect.c.obj
LOAD CMakeFiles/STM32G071RB_LVGL.dir/lvgl/src/draw/nxp/vglite/lv_gpu_nxp_vglite.c.obj
LOAD CMakeFiles/STM32G071RB_LVGL.dir/lvgl/src/draw/sdl/lv_draw_sdl.c.obj
LOAD CMakeFiles/STM32G071RB_LVGL.dir/lvgl/src/draw/sdl/lv_draw_sdl_arc.c.obj
LOAD CMakeFiles/STM32G071RB_LVGL.dir/lvgl/src/draw/sdl/lv_draw_sdl_bg.c.obj
LOAD CMakeFiles/STM32G071RB_LVGL.dir/lvgl/src/draw/sdl/lv_draw_sdl_composite.c.obj
LOAD CMakeFiles/STM32G071RB_LVGL.dir/lvgl/src/draw/sdl/lv_draw_sdl_img.c.obj
LOAD CMakeFiles/STM32G071RB_LVGL.dir/lvgl/src/draw/sdl/lv_draw_sdl_label.c.obj
LOAD CMakeFiles/STM32G071RB_LVGL.dir/lvgl/src/draw/sdl/lv_draw_sdl_layer.c.obj
LOAD CMakeFiles/STM32G071RB_LVGL.dir/lvgl/src/draw/sdl/lv_draw_sdl_line.c.obj
LOAD CMakeFiles/STM32G071RB_LVGL.dir/lvgl/src/draw/sdl/lv_draw_sdl_mask.c.obj
LOAD CMakeFiles/STM32G071RB_LVGL.dir/lvgl/src/draw/sdl/lv_draw_sdl_polygon.c.obj
LOAD CMakeFiles/STM32G071RB_LVGL.dir/lvgl/src/draw/sdl/lv_draw_sdl_rect.c.obj
LOAD CMakeFiles/STM32G071RB_LVGL.dir/lvgl/src/draw/sdl/lv_draw_sdl_stack_blur.c.obj
LOAD CMakeFiles/STM32G071RB_LVGL.dir/lvgl/src/draw/sdl/lv_draw_sdl_texture_cache.c.obj
LOAD CMakeFiles/STM32G071RB_LVGL.dir/lvgl/src/draw/sdl/lv_draw_sdl_utils.c.obj
LOAD CMakeFiles/STM32G071RB_LVGL.dir/lvgl/src/draw/stm32_dma2d/lv_gpu_stm32_dma2d.c.obj
LOAD CMakeFiles/STM32G071RB_LVGL.dir/lvgl/src/draw/sw/lv_draw_sw.c.obj
LOAD CMakeFiles/STM32G071RB_LVGL.dir/lvgl/src/draw/sw/lv_draw_sw_arc.c.obj
LOAD CMakeFiles/STM32G071RB_LVGL.dir/lvgl/src/draw/sw/lv_draw_sw_blend.c.obj
LOAD CMakeFiles/STM32G071RB_LVGL.dir/lvgl/src/draw/sw/lv_draw_sw_dither.c.obj
LOAD CMakeFiles/STM32G071RB_LVGL.dir/lvgl/src/draw/sw/lv_draw_sw_gradient.c.obj
LOAD CMakeFiles/STM32G071RB_LVGL.dir/lvgl/src/draw/sw/lv_draw_sw_img.c.obj
LOAD CMakeFiles/STM32G071RB_LVGL.dir/lvgl/src/draw/sw/lv_draw_sw_layer.c.obj
LOAD CMakeFiles/STM32G071RB_LVGL.dir/lvgl/src/draw/sw/lv_draw_sw_letter.c.obj
LOAD CMakeFiles/STM32G071RB_LVGL.dir/lvgl/src/draw/sw/lv_draw_sw_line.c.obj
LOAD CMakeFiles/STM32G071RB_LVGL.dir/lvgl/src/draw/sw/lv_draw_sw_polygon.c.obj
LOAD CMakeFiles/STM32G071RB_LVGL.dir/lvgl/src/draw/sw/lv_draw_sw_rect.c.obj
LOAD CMakeFiles/STM32G071RB_LVGL.dir/lvgl/src/draw/sw/lv_draw_sw_transform.c.obj
LOAD CMakeFiles/STM32G071RB_LVGL.dir/lvgl/src/draw/swm341_dma2d/lv_gpu_swm341_dma2d.c.obj
LOAD CMakeFiles/STM32G071RB_LVGL.dir/lvgl/src/extra/layouts/flex/lv_flex.c.obj
LOAD CMakeFiles/STM32G071RB_LVGL.dir/lvgl/src/extra/layouts/grid/lv_grid.c.obj
LOAD CMakeFiles/STM32G071RB_LVGL.dir/lvgl/src/extra/libs/bmp/lv_bmp.c.obj
LOAD CMakeFiles/STM32G071RB_LVGL.dir/lvgl/src/extra/libs/ffmpeg/lv_ffmpeg.c.obj
LOAD CMakeFiles/STM32G071RB_LVGL.dir/lvgl/src/extra/libs/freetype/lv_freetype.c.obj
LOAD CMakeFiles/STM32G071RB_LVGL.dir/lvgl/src/extra/libs/fsdrv/lv_fs_fatfs.c.obj
LOAD CMakeFiles/STM32G071RB_LVGL.dir/lvgl/src/extra/libs/fsdrv/lv_fs_posix.c.obj
LOAD CMakeFiles/STM32G071RB_LVGL.dir/lvgl/src/extra/libs/fsdrv/lv_fs_stdio.c.obj
LOAD CMakeFiles/STM32G071RB_LVGL.dir/lvgl/src/extra/libs/fsdrv/lv_fs_win32.c.obj
LOAD CMakeFiles/STM32G071RB_LVGL.dir/lvgl/src/extra/libs/gif/gifdec.c.obj
LOAD CMakeFiles/STM32G071RB_LVGL.dir/lvgl/src/extra/libs/gif/lv_gif.c.obj
LOAD CMakeFiles/STM32G071RB_LVGL.dir/lvgl/src/extra/libs/png/lodepng.c.obj
LOAD CMakeFiles/STM32G071RB_LVGL.dir/lvgl/src/extra/libs/png/lv_png.c.obj
LOAD CMakeFiles/STM32G071RB_LVGL.dir/lvgl/src/extra/libs/qrcode/lv_qrcode.c.obj
LOAD CMakeFiles/STM32G071RB_LVGL.dir/lvgl/src/extra/libs/qrcode/qrcodegen.c.obj
LOAD CMakeFiles/STM32G071RB_LVGL.dir/lvgl/src/extra/libs/rlottie/lv_rlottie.c.obj
LOAD CMakeFiles/STM32G071RB_LVGL.dir/lvgl/src/extra/libs/sjpg/lv_sjpg.c.obj
LOAD CMakeFiles/STM32G071RB_LVGL.dir/lvgl/src/extra/libs/sjpg/tjpgd.c.obj
LOAD CMakeFiles/STM32G071RB_LVGL.dir/lvgl/src/extra/lv_extra.c.obj
LOAD CMakeFiles/STM32G071RB_LVGL.dir/lvgl/src/extra/others/fragment/lv_fragment.c.obj
LOAD CMakeFiles/STM32G071RB_LVGL.dir/lvgl/src/extra/others/fragment/lv_fragment_manager.c.obj
LOAD CMakeFiles/STM32G071RB_LVGL.dir/lvgl/src/extra/others/gridnav/lv_gridnav.c.obj
LOAD CMakeFiles/STM32G071RB_LVGL.dir/lvgl/src/extra/others/ime/lv_ime_pinyin.c.obj
LOAD CMakeFiles/STM32G071RB_LVGL.dir/lvgl/src/extra/others/imgfont/lv_imgfont.c.obj
LOAD CMakeFiles/STM32G071RB_LVGL.dir/lvgl/src/extra/others/monkey/lv_monkey.c.obj
LOAD CMakeFiles/STM32G071RB_LVGL.dir/lvgl/src/extra/others/msg/lv_msg.c.obj
LOAD CMakeFiles/STM32G071RB_LVGL.dir/lvgl/src/extra/others/snapshot/lv_snapshot.c.obj
LOAD CMakeFiles/STM32G071RB_LVGL.dir/lvgl/src/extra/themes/basic/lv_theme_basic.c.obj
LOAD CMakeFiles/STM32G071RB_LVGL.dir/lvgl/src/extra/themes/default/lv_theme_default.c.obj
LOAD CMakeFiles/STM32G071RB_LVGL.dir/lvgl/src/extra/themes/mono/lv_theme_mono.c.obj
LOAD CMakeFiles/STM32G071RB_LVGL.dir/lvgl/src/extra/widgets/animimg/lv_animimg.c.obj
LOAD CMakeFiles/STM32G071RB_LVGL.dir/lvgl/src/extra/widgets/calendar/lv_calendar.c.obj
LOAD CMakeFiles/STM32G071RB_LVGL.dir/lvgl/src/extra/widgets/calendar/lv_calendar_header_arrow.c.obj
LOAD CMakeFiles/STM32G071RB_LVGL.dir/lvgl/src/extra/widgets/calendar/lv_calendar_header_dropdown.c.obj
LOAD CMakeFiles/STM32G071RB_LVGL.dir/lvgl/src/extra/widgets/chart/lv_chart.c.obj
LOAD CMakeFiles/STM32G071RB_LVGL.dir/lvgl/src/extra/widgets/colorwheel/lv_colorwheel.c.obj
LOAD CMakeFiles/STM32G071RB_LVGL.dir/lvgl/src/extra/widgets/imgbtn/lv_imgbtn.c.obj
LOAD CMakeFiles/STM32G071RB_LVGL.dir/lvgl/src/extra/widgets/keyboard/lv_keyboard.c.obj
LOAD CMakeFiles/STM32G071RB_LVGL.dir/lvgl/src/extra/widgets/led/lv_led.c.obj
LOAD CMakeFiles/STM32G071RB_LVGL.dir/lvgl/src/extra/widgets/list/lv_list.c.obj
LOAD CMakeFiles/STM32G071RB_LVGL.dir/lvgl/src/extra/widgets/menu/lv_menu.c.obj
LOAD CMakeFiles/STM32G071RB_LVGL.dir/lvgl/src/extra/widgets/meter/lv_meter.c.obj
LOAD CMakeFiles/STM32G071RB_LVGL.dir/lvgl/src/extra/widgets/msgbox/lv_msgbox.c.obj
LOAD CMakeFiles/STM32G071RB_LVGL.dir/lvgl/src/extra/widgets/span/lv_span.c.obj
LOAD CMakeFiles/STM32G071RB_LVGL.dir/lvgl/src/extra/widgets/spinbox/lv_spinbox.c.obj
LOAD CMakeFiles/STM32G071RB_LVGL.dir/lvgl/src/extra/widgets/spinner/lv_spinner.c.obj
LOAD CMakeFiles/STM32G071RB_LVGL.dir/lvgl/src/extra/widgets/tabview/lv_tabview.c.obj
LOAD CMakeFiles/STM32G071RB_LVGL.dir/lvgl/src/extra/widgets/tileview/lv_tileview.c.obj
LOAD CMakeFiles/STM32G071RB_LVGL.dir/lvgl/src/extra/widgets/win/lv_win.c.obj
LOAD CMakeFiles/STM32G071RB_LVGL.dir/lvgl/src/font/lv_font.c.obj
LOAD CMakeFiles/STM32G071RB_LVGL.dir/lvgl/src/font/lv_font_dejavu_16_persian_hebrew.c.obj
LOAD CMakeFiles/STM32G071RB_LVGL.dir/lvgl/src/font/lv_font_fmt_txt.c.obj
LOAD CMakeFiles/STM32G071RB_LVGL.dir/lvgl/src/font/lv_font_loader.c.obj
LOAD CMakeFiles/STM32G071RB_LVGL.dir/lvgl/src/font/lv_font_montserrat_10.c.obj
LOAD CMakeFiles/STM32G071RB_LVGL.dir/lvgl/src/font/lv_font_montserrat_12.c.obj
LOAD CMakeFiles/STM32G071RB_LVGL.dir/lvgl/src/font/lv_font_montserrat_12_subpx.c.obj
LOAD CMakeFiles/STM32G071RB_LVGL.dir/lvgl/src/font/lv_font_montserrat_14.c.obj
LOAD CMakeFiles/STM32G071RB_LVGL.dir/lvgl/src/font/lv_font_montserrat_16.c.obj
LOAD CMakeFiles/STM32G071RB_LVGL.dir/lvgl/src/font/lv_font_montserrat_18.c.obj
LOAD CMakeFiles/STM32G071RB_LVGL.dir/lvgl/src/font/lv_font_montserrat_20.c.obj
LOAD CMakeFiles/STM32G071RB_LVGL.dir/lvgl/src/font/lv_font_montserrat_22.c.obj
LOAD CMakeFiles/STM32G071RB_LVGL.dir/lvgl/src/font/lv_font_montserrat_24.c.obj
LOAD CMakeFiles/STM32G071RB_LVGL.dir/lvgl/src/font/lv_font_montserrat_26.c.obj
LOAD CMakeFiles/STM32G071RB_LVGL.dir/lvgl/src/font/lv_font_montserrat_28.c.obj
LOAD CMakeFiles/STM32G071RB_LVGL.dir/lvgl/src/font/lv_font_montserrat_28_compressed.c.obj
LOAD CMakeFiles/STM32G071RB_LVGL.dir/lvgl/src/font/lv_font_montserrat_30.c.obj
LOAD CMakeFiles/STM32G071RB_LVGL.dir/lvgl/src/font/lv_font_montserrat_32.c.obj
LOAD CMakeFiles/STM32G071RB_LVGL.dir/lvgl/src/font/lv_font_montserrat_34.c.obj
LOAD CMakeFiles/STM32G071RB_LVGL.dir/lvgl/src/font/lv_font_montserrat_36.c.obj
LOAD CMakeFiles/STM32G071RB_LVGL.dir/lvgl/src/font/lv_font_montserrat_38.c.obj
LOAD CMakeFiles/STM32G071RB_LVGL.dir/lvgl/src/font/lv_font_montserrat_40.c.obj
LOAD CMakeFiles/STM32G071RB_LVGL.dir/lvgl/src/font/lv_font_montserrat_42.c.obj
LOAD CMakeFiles/STM32G071RB_LVGL.dir/lvgl/src/font/lv_font_montserrat_44.c.obj
LOAD CMakeFiles/STM32G071RB_LVGL.dir/lvgl/src/font/lv_font_montserrat_46.c.obj
LOAD CMakeFiles/STM32G071RB_LVGL.dir/lvgl/src/font/lv_font_montserrat_48.c.obj
LOAD CMakeFiles/STM32G071RB_LVGL.dir/lvgl/src/font/lv_font_montserrat_8.c.obj
LOAD CMakeFiles/STM32G071RB_LVGL.dir/lvgl/src/font/lv_font_simsun_16_cjk.c.obj
LOAD CMakeFiles/STM32G071RB_LVGL.dir/lvgl/src/font/lv_font_unscii_16.c.obj
LOAD CMakeFiles/STM32G071RB_LVGL.dir/lvgl/src/font/lv_font_unscii_8.c.obj
LOAD CMakeFiles/STM32G071RB_LVGL.dir/lvgl/src/hal/lv_hal_disp.c.obj
LOAD CMakeFiles/STM32G071RB_LVGL.dir/lvgl/src/hal/lv_hal_indev.c.obj
LOAD CMakeFiles/STM32G071RB_LVGL.dir/lvgl/src/hal/lv_hal_tick.c.obj
LOAD CMakeFiles/STM32G071RB_LVGL.dir/lvgl/src/misc/lv_anim.c.obj
LOAD CMakeFiles/STM32G071RB_LVGL.dir/lvgl/src/misc/lv_anim_timeline.c.obj
LOAD CMakeFiles/STM32G071RB_LVGL.dir/lvgl/src/misc/lv_area.c.obj
LOAD CMakeFiles/STM32G071RB_LVGL.dir/lvgl/src/misc/lv_async.c.obj
LOAD CMakeFiles/STM32G071RB_LVGL.dir/lvgl/src/misc/lv_bidi.c.obj
LOAD CMakeFiles/STM32G071RB_LVGL.dir/lvgl/src/misc/lv_color.c.obj
LOAD CMakeFiles/STM32G071RB_LVGL.dir/lvgl/src/misc/lv_fs.c.obj
LOAD CMakeFiles/STM32G071RB_LVGL.dir/lvgl/src/misc/lv_gc.c.obj
LOAD CMakeFiles/STM32G071RB_LVGL.dir/lvgl/src/misc/lv_ll.c.obj
LOAD CMakeFiles/STM32G071RB_LVGL.dir/lvgl/src/misc/lv_log.c.obj
LOAD CMakeFiles/STM32G071RB_LVGL.dir/lvgl/src/misc/lv_lru.c.obj
LOAD CMakeFiles/STM32G071RB_LVGL.dir/lvgl/src/misc/lv_math.c.obj
LOAD CMakeFiles/STM32G071RB_LVGL.dir/lvgl/src/misc/lv_mem.c.obj
LOAD CMakeFiles/STM32G071RB_LVGL.dir/lvgl/src/misc/lv_printf.c.obj
LOAD CMakeFiles/STM32G071RB_LVGL.dir/lvgl/src/misc/lv_style.c.obj
LOAD CMakeFiles/STM32G071RB_LVGL.dir/lvgl/src/misc/lv_style_gen.c.obj
LOAD CMakeFiles/STM32G071RB_LVGL.dir/lvgl/src/misc/lv_templ.c.obj
LOAD CMakeFiles/STM32G071RB_LVGL.dir/lvgl/src/misc/lv_timer.c.obj
LOAD CMakeFiles/STM32G071RB_LVGL.dir/lvgl/src/misc/lv_tlsf.c.obj
LOAD CMakeFiles/STM32G071RB_LVGL.dir/lvgl/src/misc/lv_txt.c.obj
LOAD CMakeFiles/STM32G071RB_LVGL.dir/lvgl/src/misc/lv_txt_ap.c.obj
LOAD CMakeFiles/STM32G071RB_LVGL.dir/lvgl/src/misc/lv_utils.c.obj
LOAD CMakeFiles/STM32G071RB_LVGL.dir/lvgl/src/widgets/lv_arc.c.obj
LOAD CMakeFiles/STM32G071RB_LVGL.dir/lvgl/src/widgets/lv_bar.c.obj
LOAD CMakeFiles/STM32G071RB_LVGL.dir/lvgl/src/widgets/lv_btn.c.obj
LOAD CMakeFiles/STM32G071RB_LVGL.dir/lvgl/src/widgets/lv_btnmatrix.c.obj
LOAD CMakeFiles/STM32G071RB_LVGL.dir/lvgl/src/widgets/lv_canvas.c.obj
LOAD CMakeFiles/STM32G071RB_LVGL.dir/lvgl/src/widgets/lv_checkbox.c.obj
LOAD CMakeFiles/STM32G071RB_LVGL.dir/lvgl/src/widgets/lv_dropdown.c.obj
LOAD CMakeFiles/STM32G071RB_LVGL.dir/lvgl/src/widgets/lv_img.c.obj
LOAD CMakeFiles/STM32G071RB_LVGL.dir/lvgl/src/widgets/lv_label.c.obj
LOAD CMakeFiles/STM32G071RB_LVGL.dir/lvgl/src/widgets/lv_line.c.obj
LOAD CMakeFiles/STM32G071RB_LVGL.dir/lvgl/src/widgets/lv_objx_templ.c.obj
LOAD CMakeFiles/STM32G071RB_LVGL.dir/lvgl/src/widgets/lv_roller.c.obj
LOAD CMakeFiles/STM32G071RB_LVGL.dir/lvgl/src/widgets/lv_slider.c.obj
LOAD CMakeFiles/STM32G071RB_LVGL.dir/lvgl/src/widgets/lv_switch.c.obj
LOAD CMakeFiles/STM32G071RB_LVGL.dir/lvgl/src/widgets/lv_table.c.obj
LOAD CMakeFiles/STM32G071RB_LVGL.dir/lvgl/src/widgets/lv_textarea.c.obj
START GROUP
LOAD C:/ST/STM32CubeCLT_1.17.0/GNU-tools-for-STM32/bin/../lib/gcc/arm-none-eabi/12.3.1/thumb/v6-m/nofp\libgcc.a
LOAD C:/ST/STM32CubeCLT_1.17.0/GNU-tools-for-STM32/bin/../lib/gcc/arm-none-eabi/12.3.1/../../../../arm-none-eabi/lib/thumb/v6-m/nofp\libg_nano.a
LOAD C:/ST/STM32CubeCLT_1.17.0/GNU-tools-for-STM32/bin/../lib/gcc/arm-none-eabi/12.3.1/../../../../arm-none-eabi/lib/thumb/v6-m/nofp\libc_nano.a
END GROUP
START GROUP
LOAD C:/ST/STM32CubeCLT_1.17.0/GNU-tools-for-STM32/bin/../lib/gcc/arm-none-eabi/12.3.1/thumb/v6-m/nofp\libgcc.a
LOAD C:/ST/STM32CubeCLT_1.17.0/GNU-tools-for-STM32/bin/../lib/gcc/arm-none-eabi/12.3.1/../../../../arm-none-eabi/lib/thumb/v6-m/nofp\libc_nano.a
END GROUP
LOAD C:/ST/STM32CubeCLT_1.17.0/GNU-tools-for-STM32/bin/../lib/gcc/arm-none-eabi/12.3.1/thumb/v6-m/nofp/crtend.o
LOAD C:/ST/STM32CubeCLT_1.17.0/GNU-tools-for-STM32/bin/../lib/gcc/arm-none-eabi/12.3.1/thumb/v6-m/nofp/crtn.o
                0x20009000                        _estack = (ORIGIN (RAM) + LENGTH (RAM))
                0x00000400                        _Min_Heap_Size = 0x400
                0x00000400                        _Min_Stack_Size = 0x400

.isr_vector     0x08000000       0xbc
                0x08000000                        . = ALIGN (0x4)
 *(.isr_vector)
 .isr_vector    0x08000000       0xbc CMakeFiles/STM32G071RB_LVGL.dir/Core/gcc/startup_stm32g071rbtx.s.obj
                0x08000000                g_pfnVectors
                0x080000bc                        . = ALIGN (0x4)

.text           0x080000bc    0x144ec
                0x080000bc                        . = ALIGN (0x4)
 *(.text)
 .text          0x080000bc       0x48 C:/ST/STM32CubeCLT_1.17.0/GNU-tools-for-STM32/bin/../lib/gcc/arm-none-eabi/12.3.1/thumb/v6-m/nofp/crtbegin.o
 .text          0x08000104       0x14 C:/ST/STM32CubeCLT_1.17.0/GNU-tools-for-STM32/bin/../lib/gcc/arm-none-eabi/12.3.1/thumb/v6-m/nofp\libgcc.a(_thumb1_case_sqi.o)
                0x08000104                __gnu_thumb1_case_sqi
 .text          0x08000118       0x14 C:/ST/STM32CubeCLT_1.17.0/GNU-tools-for-STM32/bin/../lib/gcc/arm-none-eabi/12.3.1/thumb/v6-m/nofp\libgcc.a(_thumb1_case_uqi.o)
                0x08000118                __gnu_thumb1_case_uqi
 .text          0x0800012c       0x14 C:/ST/STM32CubeCLT_1.17.0/GNU-tools-for-STM32/bin/../lib/gcc/arm-none-eabi/12.3.1/thumb/v6-m/nofp\libgcc.a(_thumb1_case_shi.o)
                0x0800012c                __gnu_thumb1_case_shi
 .text          0x08000140       0x14 C:/ST/STM32CubeCLT_1.17.0/GNU-tools-for-STM32/bin/../lib/gcc/arm-none-eabi/12.3.1/thumb/v6-m/nofp\libgcc.a(_thumb1_case_uhi.o)
                0x08000140                __gnu_thumb1_case_uhi
 .text          0x08000154      0x114 C:/ST/STM32CubeCLT_1.17.0/GNU-tools-for-STM32/bin/../lib/gcc/arm-none-eabi/12.3.1/thumb/v6-m/nofp\libgcc.a(_udivsi3.o)
                0x08000154                __aeabi_uidiv
                0x08000154                __udivsi3
                0x08000260                __aeabi_uidivmod
 .text          0x08000268      0x1d4 C:/ST/STM32CubeCLT_1.17.0/GNU-tools-for-STM32/bin/../lib/gcc/arm-none-eabi/12.3.1/thumb/v6-m/nofp\libgcc.a(_divsi3.o)
                0x08000268                __divsi3
                0x08000268                __aeabi_idiv
                0x08000434                __aeabi_idivmod
 .text          0x0800043c        0x4 C:/ST/STM32CubeCLT_1.17.0/GNU-tools-for-STM32/bin/../lib/gcc/arm-none-eabi/12.3.1/thumb/v6-m/nofp\libgcc.a(_dvmd_tls.o)
                0x0800043c                __aeabi_idiv0
                0x0800043c                __aeabi_ldiv0
 .text          0x08000440       0x3c C:/ST/STM32CubeCLT_1.17.0/GNU-tools-for-STM32/bin/../lib/gcc/arm-none-eabi/12.3.1/thumb/v6-m/nofp\libgcc.a(_clzsi2.o)
                0x08000440                __clzsi2
 .text          0x0800047c       0x14 C:/ST/STM32CubeCLT_1.17.0/GNU-tools-for-STM32/bin/../lib/gcc/arm-none-eabi/12.3.1/thumb/v6-m/nofp\libgcc.a(_ffssi2.o)
                0x0800047c                __ffssi2
 .text          0x08000490       0x40 C:/ST/STM32CubeCLT_1.17.0/GNU-tools-for-STM32/bin/../lib/gcc/arm-none-eabi/12.3.1/thumb/v6-m/nofp\libgcc.a(_ctzsi2.o)
                0x08000490                __ctzsi2
 .text          0x080004d0       0x14 C:/ST/STM32CubeCLT_1.17.0/GNU-tools-for-STM32/bin/../lib/gcc/arm-none-eabi/12.3.1/../../../../arm-none-eabi/lib/thumb/v6-m/nofp\libg_nano.a(libc_a-strcmp.o)
                0x080004d0                strcmp
 .text          0x080004e4        0xe C:/ST/STM32CubeCLT_1.17.0/GNU-tools-for-STM32/bin/../lib/gcc/arm-none-eabi/12.3.1/../../../../arm-none-eabi/lib/thumb/v6-m/nofp\libg_nano.a(libc_a-strlen.o)
                0x080004e4                strlen
 *(.text*)
 .text.memset   0x080004f2       0x10 C:/ST/STM32CubeCLT_1.17.0/GNU-tools-for-STM32/bin/../lib/gcc/arm-none-eabi/12.3.1/../../../../arm-none-eabi/lib/thumb/v6-m/nofp\libc_nano.a(libc_a-memset.o)
                0x080004f2                memset
 *fill*         0x08000502        0x2 
 .text.__libc_init_array
                0x08000504       0x48 C:/ST/STM32CubeCLT_1.17.0/GNU-tools-for-STM32/bin/../lib/gcc/arm-none-eabi/12.3.1/../../../../arm-none-eabi/lib/thumb/v6-m/nofp\libc_nano.a(libc_a-init.o)
                0x08000504                __libc_init_array
 .text.Reset_Handler
                0x0800054c       0x50 CMakeFiles/STM32G071RB_LVGL.dir/Core/gcc/startup_stm32g071rbtx.s.obj
                0x0800054c                Reset_Handler
 .text.Default_Handler
                0x0800059c        0x2 CMakeFiles/STM32G071RB_LVGL.dir/Core/gcc/startup_stm32g071rbtx.s.obj
                0x0800059c                USART3_4_LPUART1_IRQHandler
                0x0800059c                TIM1_CC_IRQHandler
                0x0800059c                ADC1_COMP_IRQHandler
                0x0800059c                PVD_IRQHandler
                0x0800059c                I2C1_IRQHandler
                0x0800059c                TIM7_LPTIM2_IRQHandler
                0x0800059c                RTC_TAMP_IRQHandler
                0x0800059c                EXTI2_3_IRQHandler
                0x0800059c                I2C2_IRQHandler
                0x0800059c                TIM17_IRQHandler
                0x0800059c                TIM16_IRQHandler
                0x0800059c                TIM3_IRQHandler
                0x0800059c                EXTI4_15_IRQHandler
                0x0800059c                RCC_IRQHandler
                0x0800059c                Default_Handler
                0x0800059c                CEC_IRQHandler
                0x0800059c                TIM14_IRQHandler
                0x0800059c                TIM15_IRQHandler
                0x0800059c                TIM6_DAC_LPTIM1_IRQHandler
                0x0800059c                WWDG_IRQHandler
                0x0800059c                TIM2_IRQHandler
                0x0800059c                UCPD1_2_IRQHandler
                0x0800059c                USART2_IRQHandler
                0x0800059c                FLASH_IRQHandler
                0x0800059c                USART1_IRQHandler
                0x0800059c                TIM1_BRK_UP_TRG_COM_IRQHandler
 .text.SystemClock_Config
                0x0800059e       0x7a CMakeFiles/STM32G071RB_LVGL.dir/Core/Src/main.c.obj
                0x0800059e                SystemClock_Config
 .text.startup.main
                0x08000618      0x1fc CMakeFiles/STM32G071RB_LVGL.dir/Core/Src/main.c.obj
                0x08000618                main
 .text.Error_Handler
                0x08000814        0x4 CMakeFiles/STM32G071RB_LVGL.dir/Core/Src/main.c.obj
                0x08000814                Error_Handler
 .text.HAL_MspInit
                0x08000818       0x34 CMakeFiles/STM32G071RB_LVGL.dir/Core/Src/stm32g0xx_hal_msp.c.obj
                0x08000818                HAL_MspInit
 .text.NMI_Handler
                0x0800084c        0x2 CMakeFiles/STM32G071RB_LVGL.dir/Core/Src/stm32g0xx_it.c.obj
                0x0800084c                NMI_Handler
 .text.HardFault_Handler
                0x0800084e        0x2 CMakeFiles/STM32G071RB_LVGL.dir/Core/Src/stm32g0xx_it.c.obj
                0x0800084e                HardFault_Handler
 .text.SVC_Handler
                0x08000850        0x2 CMakeFiles/STM32G071RB_LVGL.dir/Core/Src/stm32g0xx_it.c.obj
                0x08000850                SVC_Handler
 .text.PendSV_Handler
                0x08000852        0x2 CMakeFiles/STM32G071RB_LVGL.dir/Core/Src/stm32g0xx_it.c.obj
                0x08000852                PendSV_Handler
 .text.SysTick_Handler
                0x08000854        0xe CMakeFiles/STM32G071RB_LVGL.dir/Core/Src/stm32g0xx_it.c.obj
                0x08000854                SysTick_Handler
 *fill*         0x08000862        0x2 
 .text.EXTI0_1_IRQHandler
                0x08000864       0x10 CMakeFiles/STM32G071RB_LVGL.dir/Core/Src/stm32g0xx_it.c.obj
                0x08000864                EXTI0_1_IRQHandler
 .text.DMA1_Channel1_IRQHandler
                0x08000874       0x10 CMakeFiles/STM32G071RB_LVGL.dir/Core/Src/stm32g0xx_it.c.obj
                0x08000874                DMA1_Channel1_IRQHandler
 .text.DMA1_Channel2_3_IRQHandler
                0x08000884       0x18 CMakeFiles/STM32G071RB_LVGL.dir/Core/Src/stm32g0xx_it.c.obj
                0x08000884                DMA1_Channel2_3_IRQHandler
 .text.DMA1_Ch4_7_DMAMUX1_OVR_IRQHandler
                0x0800089c       0x10 CMakeFiles/STM32G071RB_LVGL.dir/Core/Src/stm32g0xx_it.c.obj
                0x0800089c                DMA1_Ch4_7_DMAMUX1_OVR_IRQHandler
 .text.SPI1_IRQHandler
                0x080008ac       0x10 CMakeFiles/STM32G071RB_LVGL.dir/Core/Src/stm32g0xx_it.c.obj
                0x080008ac                SPI1_IRQHandler
 .text.SPI2_IRQHandler
                0x080008bc       0x10 CMakeFiles/STM32G071RB_LVGL.dir/Core/Src/stm32g0xx_it.c.obj
                0x080008bc                SPI2_IRQHandler
 .text.SPI1_MspDeInit
                0x080008cc       0x48 CMakeFiles/STM32G071RB_LVGL.dir/Core/Src/stm32g0xx_nucleo_bus.c.obj
 .text.SPI2_MspDeInit
                0x08000914       0x50 CMakeFiles/STM32G071RB_LVGL.dir/Core/Src/stm32g0xx_nucleo_bus.c.obj
 .text.SPI1_MspInit
                0x08000964       0xf8 CMakeFiles/STM32G071RB_LVGL.dir/Core/Src/stm32g0xx_nucleo_bus.c.obj
 .text.SPI2_MspInit
                0x08000a5c      0x10c CMakeFiles/STM32G071RB_LVGL.dir/Core/Src/stm32g0xx_nucleo_bus.c.obj
 .text.BSP_SPI1_DeInit
                0x08000b68       0x2c CMakeFiles/STM32G071RB_LVGL.dir/Core/Src/stm32g0xx_nucleo_bus.c.obj
                0x08000b68                BSP_SPI1_DeInit
 .text.BSP_SPI1_Send
                0x08000b94       0x20 CMakeFiles/STM32G071RB_LVGL.dir/Core/Src/stm32g0xx_nucleo_bus.c.obj
                0x08000b94                BSP_SPI1_Send
 .text.BSP_SPI1_Recv
                0x08000bb4       0x20 CMakeFiles/STM32G071RB_LVGL.dir/Core/Src/stm32g0xx_nucleo_bus.c.obj
                0x08000bb4                BSP_SPI1_Recv
 .text.BSP_SPI1_Send_DMA
                0x08000bd4       0x1c CMakeFiles/STM32G071RB_LVGL.dir/Core/Src/stm32g0xx_nucleo_bus.c.obj
                0x08000bd4                BSP_SPI1_Send_DMA
 .text.BSP_SPI2_DeInit
                0x08000bf0       0x2c CMakeFiles/STM32G071RB_LVGL.dir/Core/Src/stm32g0xx_nucleo_bus.c.obj
                0x08000bf0                BSP_SPI2_DeInit
 .text.BSP_SPI2_Send
                0x08000c1c       0x20 CMakeFiles/STM32G071RB_LVGL.dir/Core/Src/stm32g0xx_nucleo_bus.c.obj
                0x08000c1c                BSP_SPI2_Send
 .text.BSP_SPI2_Recv
                0x08000c3c       0x20 CMakeFiles/STM32G071RB_LVGL.dir/Core/Src/stm32g0xx_nucleo_bus.c.obj
                0x08000c3c                BSP_SPI2_Recv
 .text.BSP_SPI2_Recv_DMA
                0x08000c5c       0x1c CMakeFiles/STM32G071RB_LVGL.dir/Core/Src/stm32g0xx_nucleo_bus.c.obj
                0x08000c5c                BSP_SPI2_Recv_DMA
 .text.BSP_SPI1_RegisterDefaultMspCallbacks
                0x08000c78       0x54 CMakeFiles/STM32G071RB_LVGL.dir/Core/Src/stm32g0xx_nucleo_bus.c.obj
                0x08000c78                BSP_SPI1_RegisterDefaultMspCallbacks
 .text.BSP_SPI2_RegisterDefaultMspCallbacks
                0x08000ccc       0x54 CMakeFiles/STM32G071RB_LVGL.dir/Core/Src/stm32g0xx_nucleo_bus.c.obj
                0x08000ccc                BSP_SPI2_RegisterDefaultMspCallbacks
 .text.MX_SPI1_Init
                0x08000d20       0x44 CMakeFiles/STM32G071RB_LVGL.dir/Core/Src/stm32g0xx_nucleo_bus.c.obj
                0x08000d20                MX_SPI1_Init
 .text.BSP_SPI1_Init
                0x08000d64       0x58 CMakeFiles/STM32G071RB_LVGL.dir/Core/Src/stm32g0xx_nucleo_bus.c.obj
                0x08000d64                BSP_SPI1_Init
 .text.MX_SPI2_Init
                0x08000dbc       0x44 CMakeFiles/STM32G071RB_LVGL.dir/Core/Src/stm32g0xx_nucleo_bus.c.obj
                0x08000dbc                MX_SPI2_Init
 .text.BSP_SPI2_Init
                0x08000e00       0x58 CMakeFiles/STM32G071RB_LVGL.dir/Core/Src/stm32g0xx_nucleo_bus.c.obj
                0x08000e00                BSP_SPI2_Init
 .text.SystemInit
                0x08000e58        0x2 CMakeFiles/STM32G071RB_LVGL.dir/Core/Src/system_stm32g0xx.c.obj
                0x08000e58                SystemInit
 *fill*         0x08000e5a        0x2 
 .text.HAL_InitTick
                0x08000e5c       0x50 CMakeFiles/STM32G071RB_LVGL.dir/Drivers/STM32G0xx_HAL_Driver/Src/stm32g0xx_hal.c.obj
                0x08000e5c                HAL_InitTick
 .text.HAL_Init
                0x08000eac       0x28 CMakeFiles/STM32G071RB_LVGL.dir/Drivers/STM32G0xx_HAL_Driver/Src/stm32g0xx_hal.c.obj
                0x08000eac                HAL_Init
 .text.HAL_IncTick
                0x08000ed4       0x18 CMakeFiles/STM32G071RB_LVGL.dir/Drivers/STM32G0xx_HAL_Driver/Src/stm32g0xx_hal.c.obj
                0x08000ed4                HAL_IncTick
 .text.HAL_GetTick
                0x08000eec        0xc CMakeFiles/STM32G071RB_LVGL.dir/Drivers/STM32G0xx_HAL_Driver/Src/stm32g0xx_hal.c.obj
                0x08000eec                HAL_GetTick
 .text.HAL_Delay
                0x08000ef8       0x24 CMakeFiles/STM32G071RB_LVGL.dir/Drivers/STM32G0xx_HAL_Driver/Src/stm32g0xx_hal.c.obj
                0x08000ef8                HAL_Delay
 .text.HAL_SYSCFG_StrobeDBattpinsConfig
                0x08000f1c       0x18 CMakeFiles/STM32G071RB_LVGL.dir/Drivers/STM32G0xx_HAL_Driver/Src/stm32g0xx_hal.c.obj
                0x08000f1c                HAL_SYSCFG_StrobeDBattpinsConfig
 .text.HAL_NVIC_SetPriority
                0x08000f34       0x54 CMakeFiles/STM32G071RB_LVGL.dir/Drivers/STM32G0xx_HAL_Driver/Src/stm32g0xx_hal_cortex.c.obj
                0x08000f34                HAL_NVIC_SetPriority
 .text.HAL_NVIC_EnableIRQ
                0x08000f88       0x18 CMakeFiles/STM32G071RB_LVGL.dir/Drivers/STM32G0xx_HAL_Driver/Src/stm32g0xx_hal_cortex.c.obj
                0x08000f88                HAL_NVIC_EnableIRQ
 .text.HAL_NVIC_DisableIRQ
                0x08000fa0       0x20 CMakeFiles/STM32G071RB_LVGL.dir/Drivers/STM32G0xx_HAL_Driver/Src/stm32g0xx_hal_cortex.c.obj
                0x08000fa0                HAL_NVIC_DisableIRQ
 .text.HAL_SYSTICK_Config
                0x08000fc0       0x34 CMakeFiles/STM32G071RB_LVGL.dir/Drivers/STM32G0xx_HAL_Driver/Src/stm32g0xx_hal_cortex.c.obj
                0x08000fc0                HAL_SYSTICK_Config
 .text.DMA_SetConfig
                0x08000ff4       0x40 CMakeFiles/STM32G071RB_LVGL.dir/Drivers/STM32G0xx_HAL_Driver/Src/stm32g0xx_hal_dma.c.obj
 .text.DMA_CalcDMAMUXChannelBaseAndMask
                0x08001034       0x34 CMakeFiles/STM32G071RB_LVGL.dir/Drivers/STM32G0xx_HAL_Driver/Src/stm32g0xx_hal_dma.c.obj
 .text.HAL_DMA_Init
                0x08001068       0xb4 CMakeFiles/STM32G071RB_LVGL.dir/Drivers/STM32G0xx_HAL_Driver/Src/stm32g0xx_hal_dma.c.obj
                0x08001068                HAL_DMA_Init
 .text.HAL_DMA_DeInit
                0x0800111c       0x88 CMakeFiles/STM32G071RB_LVGL.dir/Drivers/STM32G0xx_HAL_Driver/Src/stm32g0xx_hal_dma.c.obj
                0x0800111c                HAL_DMA_DeInit
 .text.HAL_DMA_Start_IT
                0x080011a4       0x90 CMakeFiles/STM32G071RB_LVGL.dir/Drivers/STM32G0xx_HAL_Driver/Src/stm32g0xx_hal_dma.c.obj
                0x080011a4                HAL_DMA_Start_IT
 .text.HAL_DMA_Abort_IT
                0x08001234       0x74 CMakeFiles/STM32G071RB_LVGL.dir/Drivers/STM32G0xx_HAL_Driver/Src/stm32g0xx_hal_dma.c.obj
                0x08001234                HAL_DMA_Abort_IT
 .text.HAL_DMA_IRQHandler
                0x080012a8       0xa8 CMakeFiles/STM32G071RB_LVGL.dir/Drivers/STM32G0xx_HAL_Driver/Src/stm32g0xx_hal_dma.c.obj
                0x080012a8                HAL_DMA_IRQHandler
 .text.HAL_EXTI_RegisterCallback
                0x08001350       0x1c CMakeFiles/STM32G071RB_LVGL.dir/Drivers/STM32G0xx_HAL_Driver/Src/stm32g0xx_hal_exti.c.obj
                0x08001350                HAL_EXTI_RegisterCallback
 .text.HAL_EXTI_GetHandle
                0x0800136c        0xe CMakeFiles/STM32G071RB_LVGL.dir/Drivers/STM32G0xx_HAL_Driver/Src/stm32g0xx_hal_exti.c.obj
                0x0800136c                HAL_EXTI_GetHandle
 *fill*         0x0800137a        0x2 
 .text.HAL_EXTI_IRQHandler
                0x0800137c       0x48 CMakeFiles/STM32G071RB_LVGL.dir/Drivers/STM32G0xx_HAL_Driver/Src/stm32g0xx_hal_exti.c.obj
                0x0800137c                HAL_EXTI_IRQHandler
 .text.HAL_EXTI_ClearPending
                0x080013c4       0x2c CMakeFiles/STM32G071RB_LVGL.dir/Drivers/STM32G0xx_HAL_Driver/Src/stm32g0xx_hal_exti.c.obj
                0x080013c4                HAL_EXTI_ClearPending
 .text.HAL_GPIO_Init
                0x080013f0      0x164 CMakeFiles/STM32G071RB_LVGL.dir/Drivers/STM32G0xx_HAL_Driver/Src/stm32g0xx_hal_gpio.c.obj
                0x080013f0                HAL_GPIO_Init
 .text.HAL_GPIO_DeInit
                0x08001554       0xe4 CMakeFiles/STM32G071RB_LVGL.dir/Drivers/STM32G0xx_HAL_Driver/Src/stm32g0xx_hal_gpio.c.obj
                0x08001554                HAL_GPIO_DeInit
 .text.HAL_GPIO_ReadPin
                0x08001638        0xc CMakeFiles/STM32G071RB_LVGL.dir/Drivers/STM32G0xx_HAL_Driver/Src/stm32g0xx_hal_gpio.c.obj
                0x08001638                HAL_GPIO_ReadPin
 .text.HAL_GPIO_WritePin
                0x08001644        0xc CMakeFiles/STM32G071RB_LVGL.dir/Drivers/STM32G0xx_HAL_Driver/Src/stm32g0xx_hal_gpio.c.obj
                0x08001644                HAL_GPIO_WritePin
 .text.HAL_PWREx_ControlVoltageScaling
                0x08001650       0x58 CMakeFiles/STM32G071RB_LVGL.dir/Drivers/STM32G0xx_HAL_Driver/Src/stm32g0xx_hal_pwr_ex.c.obj
                0x08001650                HAL_PWREx_ControlVoltageScaling
 .text.HAL_RCC_OscConfig
                0x080016a8      0x450 CMakeFiles/STM32G071RB_LVGL.dir/Drivers/STM32G0xx_HAL_Driver/Src/stm32g0xx_hal_rcc.c.obj
                0x080016a8                HAL_RCC_OscConfig
 .text.HAL_RCC_GetSysClockFreq
                0x08001af8       0x88 CMakeFiles/STM32G071RB_LVGL.dir/Drivers/STM32G0xx_HAL_Driver/Src/stm32g0xx_hal_rcc.c.obj
                0x08001af8                HAL_RCC_GetSysClockFreq
 .text.HAL_RCC_ClockConfig
                0x08001b80      0x15c CMakeFiles/STM32G071RB_LVGL.dir/Drivers/STM32G0xx_HAL_Driver/Src/stm32g0xx_hal_rcc.c.obj
                0x08001b80                HAL_RCC_ClockConfig
 .text.HAL_SPI_MspInit
                0x08001cdc        0x2 CMakeFiles/STM32G071RB_LVGL.dir/Drivers/STM32G0xx_HAL_Driver/Src/stm32g0xx_hal_spi.c.obj
                0x08001cdc                HAL_SPI_MspInit
 .text.SPI_DMAHalfTransmitCplt
                0x08001cde        0xa CMakeFiles/STM32G071RB_LVGL.dir/Drivers/STM32G0xx_HAL_Driver/Src/stm32g0xx_hal_spi.c.obj
 .text.SPI_DMAHalfReceiveCplt
                0x08001ce8        0xa CMakeFiles/STM32G071RB_LVGL.dir/Drivers/STM32G0xx_HAL_Driver/Src/stm32g0xx_hal_spi.c.obj
 .text.SPI_DMAHalfTransmitReceiveCplt
                0x08001cf2        0xa CMakeFiles/STM32G071RB_LVGL.dir/Drivers/STM32G0xx_HAL_Driver/Src/stm32g0xx_hal_spi.c.obj
 .text.SPI_DMAError
                0x08001cfc       0x24 CMakeFiles/STM32G071RB_LVGL.dir/Drivers/STM32G0xx_HAL_Driver/Src/stm32g0xx_hal_spi.c.obj
 .text.SPI_DMAAbortOnError
                0x08001d20       0x14 CMakeFiles/STM32G071RB_LVGL.dir/Drivers/STM32G0xx_HAL_Driver/Src/stm32g0xx_hal_spi.c.obj
 .text.SPI_WaitFlagStateUntilTimeout.constprop.0
                0x08001d34       0xb8 CMakeFiles/STM32G071RB_LVGL.dir/Drivers/STM32G0xx_HAL_Driver/Src/stm32g0xx_hal_spi.c.obj
 .text.SPI_WaitFifoStateUntilTimeout.constprop.0
                0x08001dec       0xd8 CMakeFiles/STM32G071RB_LVGL.dir/Drivers/STM32G0xx_HAL_Driver/Src/stm32g0xx_hal_spi.c.obj
 .text.SPI_EndRxTransaction
                0x08001ec4       0x7a CMakeFiles/STM32G071RB_LVGL.dir/Drivers/STM32G0xx_HAL_Driver/Src/stm32g0xx_hal_spi.c.obj
 .text.SPI_DMAReceiveCplt
                0x08001f3e       0x6c CMakeFiles/STM32G071RB_LVGL.dir/Drivers/STM32G0xx_HAL_Driver/Src/stm32g0xx_hal_spi.c.obj
 .text.SPI_EndRxTxTransaction
                0x08001faa       0x46 CMakeFiles/STM32G071RB_LVGL.dir/Drivers/STM32G0xx_HAL_Driver/Src/stm32g0xx_hal_spi.c.obj
 .text.SPI_DMATransmitCplt
                0x08001ff0       0x6a CMakeFiles/STM32G071RB_LVGL.dir/Drivers/STM32G0xx_HAL_Driver/Src/stm32g0xx_hal_spi.c.obj
 .text.SPI_DMATransmitReceiveCplt
                0x0800205a       0x5e CMakeFiles/STM32G071RB_LVGL.dir/Drivers/STM32G0xx_HAL_Driver/Src/stm32g0xx_hal_spi.c.obj
 .text.HAL_SPI_AbortCpltCallback
                0x080020b8        0x2 CMakeFiles/STM32G071RB_LVGL.dir/Drivers/STM32G0xx_HAL_Driver/Src/stm32g0xx_hal_spi.c.obj
                0x080020b8                HAL_SPI_AbortCpltCallback
 .text.HAL_SPI_MspDeInit
                0x080020ba        0x2 CMakeFiles/STM32G071RB_LVGL.dir/Drivers/STM32G0xx_HAL_Driver/Src/stm32g0xx_hal_spi.c.obj
                0x080020ba                HAL_SPI_MspDeInit
 .text.HAL_SPI_TxCpltCallback
                0x080020bc        0x2 CMakeFiles/STM32G071RB_LVGL.dir/Drivers/STM32G0xx_HAL_Driver/Src/stm32g0xx_hal_spi.c.obj
                0x080020bc                HAL_SPI_TxCpltCallback
 .text.HAL_SPI_RxCpltCallback
                0x080020be        0x2 CMakeFiles/STM32G071RB_LVGL.dir/Drivers/STM32G0xx_HAL_Driver/Src/stm32g0xx_hal_spi.c.obj
                0x080020be                HAL_SPI_RxCpltCallback
 .text.HAL_SPI_TxRxCpltCallback
                0x080020c0        0x2 CMakeFiles/STM32G071RB_LVGL.dir/Drivers/STM32G0xx_HAL_Driver/Src/stm32g0xx_hal_spi.c.obj
                0x080020c0                HAL_SPI_TxRxCpltCallback
 .text.HAL_SPI_TxHalfCpltCallback
                0x080020c2        0x2 CMakeFiles/STM32G071RB_LVGL.dir/Drivers/STM32G0xx_HAL_Driver/Src/stm32g0xx_hal_spi.c.obj
                0x080020c2                HAL_SPI_TxHalfCpltCallback
 .text.HAL_SPI_RxHalfCpltCallback
                0x080020c4        0x2 CMakeFiles/STM32G071RB_LVGL.dir/Drivers/STM32G0xx_HAL_Driver/Src/stm32g0xx_hal_spi.c.obj
                0x080020c4                HAL_SPI_RxHalfCpltCallback
 .text.HAL_SPI_TxRxHalfCpltCallback
                0x080020c6        0x2 CMakeFiles/STM32G071RB_LVGL.dir/Drivers/STM32G0xx_HAL_Driver/Src/stm32g0xx_hal_spi.c.obj
                0x080020c6                HAL_SPI_TxRxHalfCpltCallback
 .text.HAL_SPI_ErrorCallback
                0x080020c8        0x2 CMakeFiles/STM32G071RB_LVGL.dir/Drivers/STM32G0xx_HAL_Driver/Src/stm32g0xx_hal_spi.c.obj
                0x080020c8                HAL_SPI_ErrorCallback
 *fill*         0x080020ca        0x2 
 .text.HAL_SPI_Init
                0x080020cc      0x144 CMakeFiles/STM32G071RB_LVGL.dir/Drivers/STM32G0xx_HAL_Driver/Src/stm32g0xx_hal_spi.c.obj
                0x080020cc                HAL_SPI_Init
 .text.HAL_SPI_DeInit
                0x08002210       0x40 CMakeFiles/STM32G071RB_LVGL.dir/Drivers/STM32G0xx_HAL_Driver/Src/stm32g0xx_hal_spi.c.obj
                0x08002210                HAL_SPI_DeInit
 .text.HAL_SPI_RegisterCallback
                0x08002250       0x8a CMakeFiles/STM32G071RB_LVGL.dir/Drivers/STM32G0xx_HAL_Driver/Src/stm32g0xx_hal_spi.c.obj
                0x08002250                HAL_SPI_RegisterCallback
 .text.HAL_SPI_Transmit
                0x080022da      0x17a CMakeFiles/STM32G071RB_LVGL.dir/Drivers/STM32G0xx_HAL_Driver/Src/stm32g0xx_hal_spi.c.obj
                0x080022da                HAL_SPI_Transmit
 .text.HAL_SPI_TransmitReceive
                0x08002454      0x200 CMakeFiles/STM32G071RB_LVGL.dir/Drivers/STM32G0xx_HAL_Driver/Src/stm32g0xx_hal_spi.c.obj
                0x08002454                HAL_SPI_TransmitReceive
 .text.HAL_SPI_Receive
                0x08002654      0x178 CMakeFiles/STM32G071RB_LVGL.dir/Drivers/STM32G0xx_HAL_Driver/Src/stm32g0xx_hal_spi.c.obj
                0x08002654                HAL_SPI_Receive
 .text.HAL_SPI_Transmit_DMA
                0x080027cc      0x114 CMakeFiles/STM32G071RB_LVGL.dir/Drivers/STM32G0xx_HAL_Driver/Src/stm32g0xx_hal_spi.c.obj
                0x080027cc                HAL_SPI_Transmit_DMA
 .text.HAL_SPI_TransmitReceive_DMA
                0x080028e0      0x1c0 CMakeFiles/STM32G071RB_LVGL.dir/Drivers/STM32G0xx_HAL_Driver/Src/stm32g0xx_hal_spi.c.obj
                0x080028e0                HAL_SPI_TransmitReceive_DMA
 .text.HAL_SPI_Receive_DMA
                0x08002aa0      0x170 CMakeFiles/STM32G071RB_LVGL.dir/Drivers/STM32G0xx_HAL_Driver/Src/stm32g0xx_hal_spi.c.obj
                0x08002aa0                HAL_SPI_Receive_DMA
 .text.HAL_SPI_IRQHandler
                0x08002c10      0x104 CMakeFiles/STM32G071RB_LVGL.dir/Drivers/STM32G0xx_HAL_Driver/Src/stm32g0xx_hal_spi.c.obj
                0x08002c10                HAL_SPI_IRQHandler
 .text.HAL_SPI_GetState
                0x08002d14        0x8 CMakeFiles/STM32G071RB_LVGL.dir/Drivers/STM32G0xx_HAL_Driver/Src/stm32g0xx_hal_spi.c.obj
                0x08002d14                HAL_SPI_GetState
 .text.BSP_KEY_Init
                0x08002d1c       0x10 CMakeFiles/STM32G071RB_LVGL.dir/Drivers/BSP/key/key_io.c.obj
                0x08002d1c                BSP_KEY_Init
 .text.BSP_KEY_GetState
                0x08002d2c       0xdc CMakeFiles/STM32G071RB_LVGL.dir/Drivers/BSP/key/key_io.c.obj
                0x08002d2c                BSP_KEY_GetState
 .text.LCD_IO_ReadReg
                0x08002e08        0x6 CMakeFiles/STM32G071RB_LVGL.dir/Drivers/BSP/lcd/lcd_io.c.obj
 .text.LCD_IO_Delay
                0x08002e0e        0xa CMakeFiles/STM32G071RB_LVGL.dir/Drivers/BSP/lcd/lcd_io.c.obj
 .text.LCD_IO_GetTick
                0x08002e18        0x8 CMakeFiles/STM32G071RB_LVGL.dir/Drivers/BSP/lcd/lcd_io.c.obj
 .text.LCD_IO_SendData
                0x08002e20       0x16 CMakeFiles/STM32G071RB_LVGL.dir/Drivers/BSP/lcd/lcd_io.c.obj
 *fill*         0x08002e36        0x2 
 .text.LCD_IO_WriteReg
                0x08002e38       0x24 CMakeFiles/STM32G071RB_LVGL.dir/Drivers/BSP/lcd/lcd_io.c.obj
 .text.LCD_IO_RecvData
                0x08002e5c       0x34 CMakeFiles/STM32G071RB_LVGL.dir/Drivers/BSP/lcd/lcd_io.c.obj
 .text.LCD_IO_SendDataDMA
                0x08002e90       0x14 CMakeFiles/STM32G071RB_LVGL.dir/Drivers/BSP/lcd/lcd_io.c.obj
 .text.LCD_IO_DeInit
                0x08002ea4        0x8 CMakeFiles/STM32G071RB_LVGL.dir/Drivers/BSP/lcd/lcd_io.c.obj
 .text.LCD_IO_Init
                0x08002eac       0x74 CMakeFiles/STM32G071RB_LVGL.dir/Drivers/BSP/lcd/lcd_io.c.obj
 .text.LCD_IO_RecvDataDMA
                0x08002f20        0x6 CMakeFiles/STM32G071RB_LVGL.dir/Drivers/BSP/lcd/lcd_io.c.obj
 *fill*         0x08002f26        0x2 
 .text.BSP_LCD_Init
                0x08002f28      0x124 CMakeFiles/STM32G071RB_LVGL.dir/Drivers/BSP/lcd/lcd_io.c.obj
                0x08002f28                BSP_LCD_Init
 .text.BSP_LCD_DisplayOn
                0x0800304c       0x40 CMakeFiles/STM32G071RB_LVGL.dir/Drivers/BSP/lcd/lcd_io.c.obj
                0x0800304c                BSP_LCD_DisplayOn
 .text.BSP_LCD_WriteData
                0x0800308c       0x60 CMakeFiles/STM32G071RB_LVGL.dir/Drivers/BSP/lcd/lcd_io.c.obj
                0x0800308c                BSP_LCD_WriteData
 .text.BSP_LCD_WriteDataDMA
                0x080030ec       0x48 CMakeFiles/STM32G071RB_LVGL.dir/Drivers/BSP/lcd/lcd_io.c.obj
                0x080030ec                BSP_LCD_WriteDataDMA
 .text.BSP_LCD_SetDisplayWindow
                0x08003134       0x2c CMakeFiles/STM32G071RB_LVGL.dir/Drivers/BSP/lcd/lcd_io.c.obj
                0x08003134                BSP_LCD_SetDisplayWindow
 .text.BSP_LCD_FillRGBRect
                0x08003160       0x3a CMakeFiles/STM32G071RB_LVGL.dir/Drivers/BSP/lcd/lcd_io.c.obj
                0x08003160                BSP_LCD_FillRGBRect
 .text.BSP_LCD_WaitForTransferToBeDone
                0x0800319a        0xc CMakeFiles/STM32G071RB_LVGL.dir/Drivers/BSP/lcd/lcd_io.c.obj
                0x0800319a                BSP_LCD_WaitForTransferToBeDone
 .text.BSP_LCD_SignalTransferDone
                0x080031a6        0x2 CMakeFiles/STM32G071RB_LVGL.dir/Drivers/BSP/lcd/lcd_io.c.obj
                0x080031a6                BSP_LCD_SignalTransferDone
 .text.SPI_TxCpltCallback
                0x080031a8       0x30 CMakeFiles/STM32G071RB_LVGL.dir/Drivers/BSP/lcd/lcd_io.c.obj
 .text.BSP_LCD_SignalTearingEffectEvent
                0x080031d8        0x2 CMakeFiles/STM32G071RB_LVGL.dir/Drivers/BSP/lcd/lcd_io.c.obj
                0x080031d8                BSP_LCD_SignalTearingEffectEvent
 *fill*         0x080031da        0x2 
 .text.LCD_TEFallingCallback
                0x080031dc       0x1c CMakeFiles/STM32G071RB_LVGL.dir/Drivers/BSP/lcd/lcd_io.c.obj
 .text.LCD_TERisingCallback
                0x080031f8       0x1c CMakeFiles/STM32G071RB_LVGL.dir/Drivers/BSP/lcd/lcd_io.c.obj
 .text.LCD_OS_Initialize
                0x08003214        0xc CMakeFiles/STM32G071RB_LVGL.dir/Drivers/BSP/lcd/lcd_os.c.obj
                0x08003214                LCD_OS_Initialize
 .text.LCD_OS_Unlock
                0x08003220       0x10 CMakeFiles/STM32G071RB_LVGL.dir/Drivers/BSP/lcd/lcd_os.c.obj
                0x08003220                LCD_OS_Unlock
 .text.LCD_OS_UnlockFromISR
                0x08003230       0x10 CMakeFiles/STM32G071RB_LVGL.dir/Drivers/BSP/lcd/lcd_os.c.obj
                0x08003230                LCD_OS_UnlockFromISR
 .text.LCD_OS_TryLock
                0x08003240       0x38 CMakeFiles/STM32G071RB_LVGL.dir/Drivers/BSP/lcd/lcd_os.c.obj
                0x08003240                LCD_OS_TryLock
 .text.LCD_OS_WaitForTransferToBeDone
                0x08003278       0x14 CMakeFiles/STM32G071RB_LVGL.dir/Drivers/BSP/lcd/lcd_os.c.obj
                0x08003278                LCD_OS_WaitForTransferToBeDone
 .text.st7789v_write_reg
                0x0800328c        0xa CMakeFiles/STM32G071RB_LVGL.dir/Drivers/BSP/lcd/st7789v_reg.c.obj
                0x0800328c                st7789v_write_reg
 .text.st7789v_send_data
                0x08003296        0xa CMakeFiles/STM32G071RB_LVGL.dir/Drivers/BSP/lcd/st7789v_reg.c.obj
                0x08003296                st7789v_send_data
 .text.st7789v_recv_data
                0x080032a0        0xa CMakeFiles/STM32G071RB_LVGL.dir/Drivers/BSP/lcd/st7789v_reg.c.obj
                0x080032a0                st7789v_recv_data
 .text.ST7789V_DeInit
                0x080032aa        0x8 CMakeFiles/STM32G071RB_LVGL.dir/Drivers/BSP/lcd/st7789v.c.obj
                0x080032aa                ST7789V_DeInit
 *fill*         0x080032b2        0x2 
 .text.ST7789V_GetOrientation
                0x080032b4       0x10 CMakeFiles/STM32G071RB_LVGL.dir/Drivers/BSP/lcd/st7789v.c.obj
                0x080032b4                ST7789V_GetOrientation
 .text.ST7789V_GetXSize
                0x080032c4       0x10 CMakeFiles/STM32G071RB_LVGL.dir/Drivers/BSP/lcd/st7789v.c.obj
                0x080032c4                ST7789V_GetXSize
 .text.ST7789V_GetYSize
                0x080032d4       0x10 CMakeFiles/STM32G071RB_LVGL.dir/Drivers/BSP/lcd/st7789v.c.obj
                0x080032d4                ST7789V_GetYSize
 .text.ST7789V_ReadRegWrap
                0x080032e4        0xe CMakeFiles/STM32G071RB_LVGL.dir/Drivers/BSP/lcd/st7789v.c.obj
 .text.ST7789V_WriteRegWrap
                0x080032f2        0xe CMakeFiles/STM32G071RB_LVGL.dir/Drivers/BSP/lcd/st7789v.c.obj
 .text.ST7789V_SendDataWrap
                0x08003300        0xe CMakeFiles/STM32G071RB_LVGL.dir/Drivers/BSP/lcd/st7789v.c.obj
 .text.ST7789V_SendDataDMAWrap
                0x0800330e        0xe CMakeFiles/STM32G071RB_LVGL.dir/Drivers/BSP/lcd/st7789v.c.obj
 .text.ST7789V_RecvDataWrap
                0x0800331c        0xe CMakeFiles/STM32G071RB_LVGL.dir/Drivers/BSP/lcd/st7789v.c.obj
 .text.ST7789V_RecvDataDMAWrap
                0x0800332a        0xe CMakeFiles/STM32G071RB_LVGL.dir/Drivers/BSP/lcd/st7789v.c.obj
 .text.ST7789V_DisplayOn
                0x08003338       0x14 CMakeFiles/STM32G071RB_LVGL.dir/Drivers/BSP/lcd/st7789v.c.obj
                0x08003338                ST7789V_DisplayOn
 .text.ST7789V_DisplayOff
                0x0800334c       0x14 CMakeFiles/STM32G071RB_LVGL.dir/Drivers/BSP/lcd/st7789v.c.obj
                0x0800334c                ST7789V_DisplayOff
 .text.ST7789V_SetOrientation
                0x08003360       0x6c CMakeFiles/STM32G071RB_LVGL.dir/Drivers/BSP/lcd/st7789v.c.obj
                0x08003360                ST7789V_SetOrientation
 .text.ST7789V_SetDisplayWindow
                0x080033cc       0x8e CMakeFiles/STM32G071RB_LVGL.dir/Drivers/BSP/lcd/st7789v.c.obj
                0x080033cc                ST7789V_SetDisplayWindow
 *fill*         0x0800345a        0x2 
 .text.ST7789V_ReadID
                0x0800345c       0x78 CMakeFiles/STM32G071RB_LVGL.dir/Drivers/BSP/lcd/st7789v.c.obj
                0x0800345c                ST7789V_ReadID
 .text.ST7789V_Delay.isra.0
                0x080034d4       0x18 CMakeFiles/STM32G071RB_LVGL.dir/Drivers/BSP/lcd/st7789v.c.obj
 .text.ST7789V_Init
                0x080034ec      0x3dc CMakeFiles/STM32G071RB_LVGL.dir/Drivers/BSP/lcd/st7789v.c.obj
                0x080034ec                ST7789V_Init
 .text.ST7789V_RegisterBusIO
                0x080038c8       0x70 CMakeFiles/STM32G071RB_LVGL.dir/Drivers/BSP/lcd/st7789v.c.obj
                0x080038c8                ST7789V_RegisterBusIO
 .text.MEM_IO_SendData
                0x08003938        0x6 CMakeFiles/STM32G071RB_LVGL.dir/Drivers/BSP/mem/mem_io.c.obj
 .text.MEM_IO_RecvDataDMA
                0x0800393e       0x32 CMakeFiles/STM32G071RB_LVGL.dir/Drivers/BSP/mem/mem_io.c.obj
 .text.MEM_IO_RecvData
                0x08003970       0x34 CMakeFiles/STM32G071RB_LVGL.dir/Drivers/BSP/mem/mem_io.c.obj
 .text.MEM_IO_DeInit
                0x080039a4        0x8 CMakeFiles/STM32G071RB_LVGL.dir/Drivers/BSP/mem/mem_io.c.obj
 .text.MEM_IO_SendDataDMA
                0x080039ac        0x6 CMakeFiles/STM32G071RB_LVGL.dir/Drivers/BSP/mem/mem_io.c.obj
 *fill*         0x080039b2        0x2 
 .text.MEM_IO_Init
                0x080039b4       0xa0 CMakeFiles/STM32G071RB_LVGL.dir/Drivers/BSP/mem/mem_io.c.obj
 .text.BSP_MEM_Init
                0x08003a54       0x78 CMakeFiles/STM32G071RB_LVGL.dir/Drivers/BSP/mem/mem_io.c.obj
                0x08003a54                BSP_MEM_Init
 .text.BSP_MEM_SignalTransferDone
                0x08003acc        0x2 CMakeFiles/STM32G071RB_LVGL.dir/Drivers/BSP/mem/mem_io.c.obj
                0x08003acc                BSP_MEM_SignalTransferDone
 *fill*         0x08003ace        0x2 
 .text.SPI_RxCpltCallback
                0x08003ad0       0x28 CMakeFiles/STM32G071RB_LVGL.dir/Drivers/BSP/mem/mem_io.c.obj
 .text.MEM_OS_Initialize
                0x08003af8        0xc CMakeFiles/STM32G071RB_LVGL.dir/Drivers/BSP/mem/mem_os.c.obj
                0x08003af8                MEM_OS_Initialize
 .text.MEM_OS_UnlockFromISR
                0x08003b04       0x10 CMakeFiles/STM32G071RB_LVGL.dir/Drivers/BSP/mem/mem_os.c.obj
                0x08003b04                MEM_OS_UnlockFromISR
 .text.MX25L6433F_Init
                0x08003b14       0x1a CMakeFiles/STM32G071RB_LVGL.dir/Drivers/BSP/mem/mx25l6433f.c.obj
                0x08003b14                MX25L6433F_Init
 .text.MX25L6433F_DeInit
                0x08003b2e        0x8 CMakeFiles/STM32G071RB_LVGL.dir/Drivers/BSP/mem/mx25l6433f.c.obj
                0x08003b2e                MX25L6433F_DeInit
 .text.MX25L6433F_GetFlashInfo
                0x08003b36       0x30 CMakeFiles/STM32G071RB_LVGL.dir/Drivers/BSP/mem/mx25l6433f.c.obj
                0x08003b36                MX25L6433F_GetFlashInfo
 .text.MX25L6433F_Read
                0x08003b66       0x1a CMakeFiles/STM32G071RB_LVGL.dir/Drivers/BSP/mem/mx25l6433f.c.obj
                0x08003b66                MX25L6433F_Read
 .text.MX25L6433F_ReadDMA
                0x08003b80       0x1a CMakeFiles/STM32G071RB_LVGL.dir/Drivers/BSP/mem/mx25l6433f.c.obj
                0x08003b80                MX25L6433F_ReadDMA
 .text.MX25L6433F_PageProgram
                0x08003b9a       0x1a CMakeFiles/STM32G071RB_LVGL.dir/Drivers/BSP/mem/mx25l6433f.c.obj
                0x08003b9a                MX25L6433F_PageProgram
 .text.MX25L6433F_PageProgramDMA
                0x08003bb4       0x1a CMakeFiles/STM32G071RB_LVGL.dir/Drivers/BSP/mem/mx25l6433f.c.obj
                0x08003bb4                MX25L6433F_PageProgramDMA
 .text.MX25L6433F_BlockErase
                0x08003bce        0x6 CMakeFiles/STM32G071RB_LVGL.dir/Drivers/BSP/mem/mx25l6433f.c.obj
                0x08003bce                MX25L6433F_BlockErase
 .text.MX25L6433F_ChipErase
                0x08003bd4        0x6 CMakeFiles/STM32G071RB_LVGL.dir/Drivers/BSP/mem/mx25l6433f.c.obj
                0x08003bd4                MX25L6433F_ChipErase
 .text.MX25L6433F_ReadID
                0x08003bda        0x6 CMakeFiles/STM32G071RB_LVGL.dir/Drivers/BSP/mem/mx25l6433f.c.obj
                0x08003bda                MX25L6433F_ReadID
 .text.MX25L6433F_ResetMemory
                0x08003be0        0x6 CMakeFiles/STM32G071RB_LVGL.dir/Drivers/BSP/mem/mx25l6433f.c.obj
                0x08003be0                MX25L6433F_ResetMemory
 .text.MX25L6433F_ResetEnable
                0x08003be6        0x6 CMakeFiles/STM32G071RB_LVGL.dir/Drivers/BSP/mem/mx25l6433f.c.obj
                0x08003be6                MX25L6433F_ResetEnable
 .text.MX25L6433F_RegisterBusIO
                0x08003bec       0x34 CMakeFiles/STM32G071RB_LVGL.dir/Drivers/BSP/mem/mx25l6433f.c.obj
                0x08003bec                MX25L6433F_RegisterBusIO
 .text.flush_cb
                0x08003c20       0x5c CMakeFiles/STM32G071RB_LVGL.dir/lvgl_hal/disp.c.obj
 .text.disp_init
                0x08003c7c       0x6c CMakeFiles/STM32G071RB_LVGL.dir/lvgl_hal/disp.c.obj
                0x08003c7c                disp_init
 .text.joy_read_cb
                0x08003ce8       0x44 CMakeFiles/STM32G071RB_LVGL.dir/lvgl_hal/indev.c.obj
 .text.indev_init
                0x08003d2c       0x3c CMakeFiles/STM32G071RB_LVGL.dir/lvgl_hal/indev.c.obj
                0x08003d2c                indev_init
 .text.ui_event_Menu
                0x08003d68       0x2c CMakeFiles/STM32G071RB_LVGL.dir/ui/ui.c.obj
                0x08003d68                ui_event_Menu
 .text.ui_event_Button_Aircon
                0x08003d94       0x28 CMakeFiles/STM32G071RB_LVGL.dir/ui/ui.c.obj
                0x08003d94                ui_event_Button_Aircon
 .text.ui_event_Button_Time
                0x08003dbc       0x28 CMakeFiles/STM32G071RB_LVGL.dir/ui/ui.c.obj
                0x08003dbc                ui_event_Button_Time
 .text.ui_event_Button_About
                0x08003de4       0x28 CMakeFiles/STM32G071RB_LVGL.dir/ui/ui.c.obj
                0x08003de4                ui_event_Button_About
 .text.ui_Menu_screen_init
                0x08003e0c      0x11c CMakeFiles/STM32G071RB_LVGL.dir/ui/ui.c.obj
                0x08003e0c                ui_Menu_screen_init
 .text.ui_init  0x08003f28       0x44 CMakeFiles/STM32G071RB_LVGL.dir/ui/ui.c.obj
                0x08003f28                ui_init
 .text.get_component_child_event_cb
                0x08003f6c       0x1a CMakeFiles/STM32G071RB_LVGL.dir/ui/ui_comp.c.obj
                0x08003f6c                get_component_child_event_cb
 .text.del_component_child_event_cb
                0x08003f86        0xc CMakeFiles/STM32G071RB_LVGL.dir/ui/ui_comp.c.obj
                0x08003f86                del_component_child_event_cb
 *fill*         0x08003f92        0x2 
 .text.ui_comp_get_child
                0x08003f94       0x1c CMakeFiles/STM32G071RB_LVGL.dir/ui/ui_comp.c.obj
                0x08003f94                ui_comp_get_child
 .text.ui_Button_create
                0x08003fb0      0x154 CMakeFiles/STM32G071RB_LVGL.dir/ui/ui_comp.c.obj
                0x08003fb0                ui_Button_create
 .text.ui_Header_create
                0x08004104      0x220 CMakeFiles/STM32G071RB_LVGL.dir/ui/ui_comp.c.obj
                0x08004104                ui_Header_create
 .text._ui_screen_change
                0x08004324        0xc CMakeFiles/STM32G071RB_LVGL.dir/ui/ui_helpers.c.obj
                0x08004324                _ui_screen_change
 .text.opa_scale_anim
                0x08004330        0xc CMakeFiles/STM32G071RB_LVGL.dir/lvgl/src/core/lv_disp.c.obj
 .text.set_y_anim
                0x0800433c        0xa CMakeFiles/STM32G071RB_LVGL.dir/lvgl/src/core/lv_disp.c.obj
 .text.set_x_anim
                0x08004346        0xa CMakeFiles/STM32G071RB_LVGL.dir/lvgl/src/core/lv_disp.c.obj
 .text.scr_anim_ready
                0x08004350       0x52 CMakeFiles/STM32G071RB_LVGL.dir/lvgl/src/core/lv_disp.c.obj
 .text.scr_load_internal
                0x080043a2       0x54 CMakeFiles/STM32G071RB_LVGL.dir/lvgl/src/core/lv_disp.c.obj
 .text.lv_disp_get_scr_act
                0x080043f6       0x12 CMakeFiles/STM32G071RB_LVGL.dir/lvgl/src/core/lv_disp.c.obj
                0x080043f6                lv_disp_get_scr_act
 .text.lv_scr_act
                0x08004408        0xc CMakeFiles/STM32G071RB_LVGL.dir/lvgl/src/core/lv_disp.c.obj
 .text.scr_load_anim_start
                0x08004414       0x20 CMakeFiles/STM32G071RB_LVGL.dir/lvgl/src/core/lv_disp.c.obj
 .text.lv_disp_get_scr_prev
                0x08004434       0x12 CMakeFiles/STM32G071RB_LVGL.dir/lvgl/src/core/lv_disp.c.obj
                0x08004434                lv_disp_get_scr_prev
 .text.lv_disp_get_layer_top
                0x08004446       0x12 CMakeFiles/STM32G071RB_LVGL.dir/lvgl/src/core/lv_disp.c.obj
                0x08004446                lv_disp_get_layer_top
 .text.lv_disp_get_layer_sys
                0x08004458       0x12 CMakeFiles/STM32G071RB_LVGL.dir/lvgl/src/core/lv_disp.c.obj
                0x08004458                lv_disp_get_layer_sys
 .text.lv_disp_set_theme
                0x0800446a       0x48 CMakeFiles/STM32G071RB_LVGL.dir/lvgl/src/core/lv_disp.c.obj
                0x0800446a                lv_disp_set_theme
 .text.lv_disp_get_theme
                0x080044b2        0xe CMakeFiles/STM32G071RB_LVGL.dir/lvgl/src/core/lv_disp.c.obj
                0x080044b2                lv_disp_get_theme
 .text.lv_scr_load_anim
                0x080044c0      0x27c CMakeFiles/STM32G071RB_LVGL.dir/lvgl/src/core/lv_disp.c.obj
                0x080044c0                lv_scr_load_anim
 .text.lv_disp_load_scr
                0x0800473c       0x10 CMakeFiles/STM32G071RB_LVGL.dir/lvgl/src/core/lv_disp.c.obj
                0x0800473c                lv_disp_load_scr
 .text.lv_disp_is_invalidation_enabled
                0x0800474c       0x1c CMakeFiles/STM32G071RB_LVGL.dir/lvgl/src/core/lv_disp.c.obj
                0x0800474c                lv_disp_is_invalidation_enabled
 .text.lv_obj_get_event_dsc.isra.0
                0x08004768       0x1c CMakeFiles/STM32G071RB_LVGL.dir/lvgl/src/core/lv_event.c.obj
 .text.lv_obj_event_base
                0x08004784       0x2e CMakeFiles/STM32G071RB_LVGL.dir/lvgl/src/core/lv_event.c.obj
                0x08004784                lv_obj_event_base
 *fill*         0x080047b2        0x2 
 .text.event_send_core
                0x080047b4      0x130 CMakeFiles/STM32G071RB_LVGL.dir/lvgl/src/core/lv_event.c.obj
 .text.lv_event_send
                0x080048e4       0x3c CMakeFiles/STM32G071RB_LVGL.dir/lvgl/src/core/lv_event.c.obj
                0x080048e4                lv_event_send
 .text.lv_event_get_target
                0x08004920        0x4 CMakeFiles/STM32G071RB_LVGL.dir/lvgl/src/core/lv_event.c.obj
                0x08004920                lv_event_get_target
 .text.lv_event_get_current_target
                0x08004924        0x4 CMakeFiles/STM32G071RB_LVGL.dir/lvgl/src/core/lv_event.c.obj
                0x08004924                lv_event_get_current_target
 .text.lv_event_get_code
                0x08004928        0x8 CMakeFiles/STM32G071RB_LVGL.dir/lvgl/src/core/lv_event.c.obj
                0x08004928                lv_event_get_code
 .text.lv_event_get_param
                0x08004930        0x4 CMakeFiles/STM32G071RB_LVGL.dir/lvgl/src/core/lv_event.c.obj
                0x08004930                lv_event_get_param
 .text.lv_event_get_user_data
                0x08004934        0x4 CMakeFiles/STM32G071RB_LVGL.dir/lvgl/src/core/lv_event.c.obj
                0x08004934                lv_event_get_user_data
 .text.lv_event_register_id
                0x08004938       0x10 CMakeFiles/STM32G071RB_LVGL.dir/lvgl/src/core/lv_event.c.obj
                0x08004938                lv_event_register_id
 .text._lv_event_mark_deleted
                0x08004948       0x28 CMakeFiles/STM32G071RB_LVGL.dir/lvgl/src/core/lv_event.c.obj
                0x08004948                _lv_event_mark_deleted
 .text.lv_obj_add_event_cb
                0x08004970       0x52 CMakeFiles/STM32G071RB_LVGL.dir/lvgl/src/core/lv_event.c.obj
                0x08004970                lv_obj_add_event_cb
 .text.lv_event_get_indev
                0x080049c2       0x10 CMakeFiles/STM32G071RB_LVGL.dir/lvgl/src/core/lv_event.c.obj
                0x080049c2                lv_event_get_indev
 .text.lv_event_get_draw_ctx
                0x080049d2       0x10 CMakeFiles/STM32G071RB_LVGL.dir/lvgl/src/core/lv_event.c.obj
                0x080049d2                lv_event_get_draw_ctx
 .text.lv_event_set_ext_draw_size
                0x080049e2       0x18 CMakeFiles/STM32G071RB_LVGL.dir/lvgl/src/core/lv_event.c.obj
                0x080049e2                lv_event_set_ext_draw_size
 .text.get_indev
                0x080049fa       0x50 CMakeFiles/STM32G071RB_LVGL.dir/lvgl/src/core/lv_group.c.obj
 .text.focus_next_core
                0x08004a4a       0xfc CMakeFiles/STM32G071RB_LVGL.dir/lvgl/src/core/lv_group.c.obj
 *fill*         0x08004b46        0x2 
 .text._lv_group_init
                0x08004b48       0x10 CMakeFiles/STM32G071RB_LVGL.dir/lvgl/src/core/lv_group.c.obj
                0x08004b48                _lv_group_init
 .text.lv_group_create
                0x08004b58       0x30 CMakeFiles/STM32G071RB_LVGL.dir/lvgl/src/core/lv_group.c.obj
                0x08004b58                lv_group_create
 .text.lv_group_set_default
                0x08004b88        0xc CMakeFiles/STM32G071RB_LVGL.dir/lvgl/src/core/lv_group.c.obj
                0x08004b88                lv_group_set_default
 .text.lv_group_get_default
                0x08004b94        0xc CMakeFiles/STM32G071RB_LVGL.dir/lvgl/src/core/lv_group.c.obj
                0x08004b94                lv_group_get_default
 .text.lv_group_focus_next
                0x08004ba0       0x28 CMakeFiles/STM32G071RB_LVGL.dir/lvgl/src/core/lv_group.c.obj
                0x08004ba0                lv_group_focus_next
 .text.lv_group_focus_prev
                0x08004bc8       0x28 CMakeFiles/STM32G071RB_LVGL.dir/lvgl/src/core/lv_group.c.obj
                0x08004bc8                lv_group_focus_prev
 .text.lv_group_refocus
                0x08004bf0       0x2c CMakeFiles/STM32G071RB_LVGL.dir/lvgl/src/core/lv_group.c.obj
 .text.lv_group_remove_obj
                0x08004c1c       0x96 CMakeFiles/STM32G071RB_LVGL.dir/lvgl/src/core/lv_group.c.obj
                0x08004c1c                lv_group_remove_obj
 .text.lv_group_add_obj
                0x08004cb2       0x76 CMakeFiles/STM32G071RB_LVGL.dir/lvgl/src/core/lv_group.c.obj
                0x08004cb2                lv_group_add_obj
 .text.lv_group_get_focused
                0x08004d28        0xe CMakeFiles/STM32G071RB_LVGL.dir/lvgl/src/core/lv_group.c.obj
                0x08004d28                lv_group_get_focused
 .text.lv_group_send_data
                0x08004d36       0x26 CMakeFiles/STM32G071RB_LVGL.dir/lvgl/src/core/lv_group.c.obj
                0x08004d36                lv_group_send_data
 .text.lv_group_set_editing
                0x08004d5c       0x46 CMakeFiles/STM32G071RB_LVGL.dir/lvgl/src/core/lv_group.c.obj
                0x08004d5c                lv_group_set_editing
 .text.lv_group_focus_obj
                0x08004da2       0x8e CMakeFiles/STM32G071RB_LVGL.dir/lvgl/src/core/lv_group.c.obj
                0x08004da2                lv_group_focus_obj
 .text.lv_group_get_editing
                0x08004e30        0xc CMakeFiles/STM32G071RB_LVGL.dir/lvgl/src/core/lv_group.c.obj
                0x08004e30                lv_group_get_editing
 .text.lv_group_get_obj_count
                0x08004e3c        0x8 CMakeFiles/STM32G071RB_LVGL.dir/lvgl/src/core/lv_group.c.obj
                0x08004e3c                lv_group_get_obj_count
 .text.indev_reset_check
                0x08004e44       0x18 CMakeFiles/STM32G071RB_LVGL.dir/lvgl/src/core/lv_indev.c.obj
 .text.indev_proc_release
                0x08004e5c       0xa8 CMakeFiles/STM32G071RB_LVGL.dir/lvgl/src/core/lv_indev.c.obj
 .text.indev_proc_reset_query_handler
                0x08004f04       0x38 CMakeFiles/STM32G071RB_LVGL.dir/lvgl/src/core/lv_indev.c.obj
 .text.lv_indev_get_act
                0x08004f3c        0xc CMakeFiles/STM32G071RB_LVGL.dir/lvgl/src/core/lv_indev.c.obj
                0x08004f3c                lv_indev_get_act
 .text.lv_indev_get_type
                0x08004f48        0xa CMakeFiles/STM32G071RB_LVGL.dir/lvgl/src/core/lv_indev.c.obj
                0x08004f48                lv_indev_get_type
 *fill*         0x08004f52        0x2 
 .text.lv_indev_reset
                0x08004f54       0xa8 CMakeFiles/STM32G071RB_LVGL.dir/lvgl/src/core/lv_indev.c.obj
                0x08004f54                lv_indev_reset
 .text.lv_indev_set_group
                0x08004ffc       0x10 CMakeFiles/STM32G071RB_LVGL.dir/lvgl/src/core/lv_indev.c.obj
                0x08004ffc                lv_indev_set_group
 .text.lv_indev_get_point
                0x0800500c       0x28 CMakeFiles/STM32G071RB_LVGL.dir/lvgl/src/core/lv_indev.c.obj
                0x0800500c                lv_indev_get_point
 .text.lv_indev_get_scroll_dir
                0x08005034       0x1c CMakeFiles/STM32G071RB_LVGL.dir/lvgl/src/core/lv_indev.c.obj
                0x08005034                lv_indev_get_scroll_dir
 .text.lv_indev_get_scroll_obj
                0x08005050       0x18 CMakeFiles/STM32G071RB_LVGL.dir/lvgl/src/core/lv_indev.c.obj
                0x08005050                lv_indev_get_scroll_obj
 .text.lv_indev_get_vect
                0x08005068       0x24 CMakeFiles/STM32G071RB_LVGL.dir/lvgl/src/core/lv_indev.c.obj
                0x08005068                lv_indev_get_vect
 .text.lv_indev_get_obj_act
                0x0800508c        0xc CMakeFiles/STM32G071RB_LVGL.dir/lvgl/src/core/lv_indev.c.obj
                0x0800508c                lv_indev_get_obj_act
 .text.lv_indev_search_obj
                0x08005098       0x7c CMakeFiles/STM32G071RB_LVGL.dir/lvgl/src/core/lv_indev.c.obj
                0x08005098                lv_indev_search_obj
 .text.indev_proc_press
                0x08005114      0x384 CMakeFiles/STM32G071RB_LVGL.dir/lvgl/src/core/lv_indev.c.obj
 .text.lv_indev_read_timer_cb
                0x08005498      0x77c CMakeFiles/STM32G071RB_LVGL.dir/lvgl/src/core/lv_indev.c.obj
                0x08005498                lv_indev_read_timer_cb
 .text.elastic_diff
                0x08005c14      0x16c CMakeFiles/STM32G071RB_LVGL.dir/lvgl/src/core/lv_indev_scroll.c.obj
 .text.find_snap_point_y
                0x08005d80      0x11c CMakeFiles/STM32G071RB_LVGL.dir/lvgl/src/core/lv_indev_scroll.c.obj
 .text.find_snap_point_x
                0x08005e9c      0x11c CMakeFiles/STM32G071RB_LVGL.dir/lvgl/src/core/lv_indev_scroll.c.obj
 .text._lv_indev_scroll_handler
                0x08005fb8      0x478 CMakeFiles/STM32G071RB_LVGL.dir/lvgl/src/core/lv_indev_scroll.c.obj
                0x08005fb8                _lv_indev_scroll_handler
 .text._lv_indev_scroll_throw_handler
                0x08006430      0x24c CMakeFiles/STM32G071RB_LVGL.dir/lvgl/src/core/lv_indev_scroll.c.obj
                0x08006430                _lv_indev_scroll_throw_handler
 .text.lv_indev_scroll_throw_predict
                0x0800667c       0x3e CMakeFiles/STM32G071RB_LVGL.dir/lvgl/src/core/lv_indev_scroll.c.obj
                0x0800667c                lv_indev_scroll_throw_predict
 *fill*         0x080066ba        0x2 
 .text.lv_obj_constructor
                0x080066bc       0x60 CMakeFiles/STM32G071RB_LVGL.dir/lvgl/src/core/lv_obj.c.obj
 .text.lv_obj_set_state
                0x0800671c      0x200 CMakeFiles/STM32G071RB_LVGL.dir/lvgl/src/core/lv_obj.c.obj
 .text.lv_obj_draw
                0x0800691c      0x320 CMakeFiles/STM32G071RB_LVGL.dir/lvgl/src/core/lv_obj.c.obj
 .text.lv_init  0x08006c3c       0x58 CMakeFiles/STM32G071RB_LVGL.dir/lvgl/src/core/lv_obj.c.obj
                0x08006c3c                lv_init
 .text.lv_obj_create
                0x08006c94       0x1c CMakeFiles/STM32G071RB_LVGL.dir/lvgl/src/core/lv_obj.c.obj
                0x08006c94                lv_obj_create
 .text.lv_obj_add_flag
                0x08006cb0       0x72 CMakeFiles/STM32G071RB_LVGL.dir/lvgl/src/core/lv_obj.c.obj
                0x08006cb0                lv_obj_add_flag
 .text.lv_obj_clear_flag
                0x08006d22       0x72 CMakeFiles/STM32G071RB_LVGL.dir/lvgl/src/core/lv_obj.c.obj
                0x08006d22                lv_obj_clear_flag
 .text.lv_obj_add_state
                0x08006d94       0x10 CMakeFiles/STM32G071RB_LVGL.dir/lvgl/src/core/lv_obj.c.obj
                0x08006d94                lv_obj_add_state
 .text.lv_obj_clear_state
                0x08006da4       0x14 CMakeFiles/STM32G071RB_LVGL.dir/lvgl/src/core/lv_obj.c.obj
                0x08006da4                lv_obj_clear_state
 .text.lv_obj_has_flag
                0x08006db8        0xe CMakeFiles/STM32G071RB_LVGL.dir/lvgl/src/core/lv_obj.c.obj
                0x08006db8                lv_obj_has_flag
 .text.lv_obj_has_flag_any
                0x08006dc6        0xc CMakeFiles/STM32G071RB_LVGL.dir/lvgl/src/core/lv_obj.c.obj
                0x08006dc6                lv_obj_has_flag_any
 .text.lv_obj_get_state
                0x08006dd2        0x4 CMakeFiles/STM32G071RB_LVGL.dir/lvgl/src/core/lv_obj.c.obj
                0x08006dd2                lv_obj_get_state
 .text.lv_obj_has_state
                0x08006dd6        0xc CMakeFiles/STM32G071RB_LVGL.dir/lvgl/src/core/lv_obj.c.obj
                0x08006dd6                lv_obj_has_state
 .text.lv_obj_get_group
                0x08006de2        0xa CMakeFiles/STM32G071RB_LVGL.dir/lvgl/src/core/lv_obj.c.obj
                0x08006de2                lv_obj_get_group
 .text.lv_obj_event
                0x08006dec      0x348 CMakeFiles/STM32G071RB_LVGL.dir/lvgl/src/core/lv_obj.c.obj
 .text.lv_obj_destructor
                0x08007134       0x70 CMakeFiles/STM32G071RB_LVGL.dir/lvgl/src/core/lv_obj.c.obj
 .text.lv_obj_allocate_spec_attr
                0x080071a4       0x44 CMakeFiles/STM32G071RB_LVGL.dir/lvgl/src/core/lv_obj.c.obj
                0x080071a4                lv_obj_allocate_spec_attr
 .text.lv_obj_check_type
                0x080071e8       0x10 CMakeFiles/STM32G071RB_LVGL.dir/lvgl/src/core/lv_obj.c.obj
                0x080071e8                lv_obj_check_type
 .text.lv_obj_construct
                0x080071f8       0x22 CMakeFiles/STM32G071RB_LVGL.dir/lvgl/src/core/lv_obj_class.c.obj
 *fill*         0x0800721a        0x2 
 .text.lv_obj_class_create_obj
                0x0800721c       0xe0 CMakeFiles/STM32G071RB_LVGL.dir/lvgl/src/core/lv_obj_class.c.obj
                0x0800721c                lv_obj_class_create_obj
 .text._lv_obj_destruct
                0x080072fc       0x1e CMakeFiles/STM32G071RB_LVGL.dir/lvgl/src/core/lv_obj_class.c.obj
                0x080072fc                _lv_obj_destruct
 .text.lv_obj_is_editable
                0x0800731a       0x20 CMakeFiles/STM32G071RB_LVGL.dir/lvgl/src/core/lv_obj_class.c.obj
                0x0800731a                lv_obj_is_editable
 .text.lv_obj_is_group_def
                0x0800733a       0x20 CMakeFiles/STM32G071RB_LVGL.dir/lvgl/src/core/lv_obj_class.c.obj
                0x0800733a                lv_obj_is_group_def
 *fill*         0x0800735a        0x2 
 .text.lv_obj_class_init_obj
                0x0800735c       0x74 CMakeFiles/STM32G071RB_LVGL.dir/lvgl/src/core/lv_obj_class.c.obj
                0x0800735c                lv_obj_class_init_obj
 .text.lv_obj_get_style_opa
                0x080073d0        0xc CMakeFiles/STM32G071RB_LVGL.dir/lvgl/src/core/lv_obj_draw.c.obj
 .text.lv_obj_get_style_text_color_filtered
                0x080073dc       0x18 CMakeFiles/STM32G071RB_LVGL.dir/lvgl/src/core/lv_obj_draw.c.obj
 .text.lv_obj_init_draw_rect_dsc
                0x080073f4      0x1b4 CMakeFiles/STM32G071RB_LVGL.dir/lvgl/src/core/lv_obj_draw.c.obj
                0x080073f4                lv_obj_init_draw_rect_dsc
 .text.lv_obj_init_draw_label_dsc
                0x080075a8       0x8c CMakeFiles/STM32G071RB_LVGL.dir/lvgl/src/core/lv_obj_draw.c.obj
                0x080075a8                lv_obj_init_draw_label_dsc
 .text.lv_obj_init_draw_img_dsc
                0x08007634       0x8c CMakeFiles/STM32G071RB_LVGL.dir/lvgl/src/core/lv_obj_draw.c.obj
                0x08007634                lv_obj_init_draw_img_dsc
 .text.lv_obj_calculate_ext_draw_size
                0x080076c0       0xdc CMakeFiles/STM32G071RB_LVGL.dir/lvgl/src/core/lv_obj_draw.c.obj
                0x080076c0                lv_obj_calculate_ext_draw_size
 .text.lv_obj_draw_dsc_init
                0x0800779c       0x10 CMakeFiles/STM32G071RB_LVGL.dir/lvgl/src/core/lv_obj_draw.c.obj
                0x0800779c                lv_obj_draw_dsc_init
 .text._lv_obj_get_ext_draw_size
                0x080077ac        0xc CMakeFiles/STM32G071RB_LVGL.dir/lvgl/src/core/lv_obj_draw.c.obj
                0x080077ac                _lv_obj_get_ext_draw_size
 .text.lv_obj_refresh_ext_draw_size
                0x080077b8       0x58 CMakeFiles/STM32G071RB_LVGL.dir/lvgl/src/core/lv_obj_draw.c.obj
                0x080077b8                lv_obj_refresh_ext_draw_size
 .text._lv_obj_get_layer_type
                0x08007810        0xc CMakeFiles/STM32G071RB_LVGL.dir/lvgl/src/core/lv_obj_draw.c.obj
                0x08007810                _lv_obj_get_layer_type
 .text.lv_obj_get_style_base_dir.constprop.0
                0x0800781c        0xe CMakeFiles/STM32G071RB_LVGL.dir/lvgl/src/core/lv_obj_pos.c.obj
 .text.lv_obj_get_style_border_width.constprop.0
                0x0800782a        0xe CMakeFiles/STM32G071RB_LVGL.dir/lvgl/src/core/lv_obj_pos.c.obj
 .text.lv_obj_get_style_pad_right.constprop.0
                0x08007838        0xe CMakeFiles/STM32G071RB_LVGL.dir/lvgl/src/core/lv_obj_pos.c.obj
 .text.lv_obj_get_style_pad_left.constprop.0
                0x08007846        0xe CMakeFiles/STM32G071RB_LVGL.dir/lvgl/src/core/lv_obj_pos.c.obj
 .text.lv_obj_get_style_pad_bottom.constprop.0
                0x08007854        0xe CMakeFiles/STM32G071RB_LVGL.dir/lvgl/src/core/lv_obj_pos.c.obj
 .text.lv_obj_get_style_pad_top.constprop.0
                0x08007862        0xe CMakeFiles/STM32G071RB_LVGL.dir/lvgl/src/core/lv_obj_pos.c.obj
 .text.transform_point
                0x08007870       0x7e CMakeFiles/STM32G071RB_LVGL.dir/lvgl/src/core/lv_obj_pos.c.obj
 .text.lv_obj_set_x
                0x080078ee       0x2c CMakeFiles/STM32G071RB_LVGL.dir/lvgl/src/core/lv_obj_pos.c.obj
                0x080078ee                lv_obj_set_x
 .text.lv_obj_set_y
                0x0800791a       0x2c CMakeFiles/STM32G071RB_LVGL.dir/lvgl/src/core/lv_obj_pos.c.obj
                0x0800791a                lv_obj_set_y
 .text.lv_obj_set_pos
                0x08007946       0x14 CMakeFiles/STM32G071RB_LVGL.dir/lvgl/src/core/lv_obj_pos.c.obj
                0x08007946                lv_obj_set_pos
 .text.lv_obj_set_width
                0x0800795a       0x2c CMakeFiles/STM32G071RB_LVGL.dir/lvgl/src/core/lv_obj_pos.c.obj
                0x0800795a                lv_obj_set_width
 .text.lv_obj_set_height
                0x08007986       0x2c CMakeFiles/STM32G071RB_LVGL.dir/lvgl/src/core/lv_obj_pos.c.obj
                0x08007986                lv_obj_set_height
 *fill*         0x080079b2        0x2 
 .text.lv_obj_is_layout_positioned
                0x080079b4       0x34 CMakeFiles/STM32G071RB_LVGL.dir/lvgl/src/core/lv_obj_pos.c.obj
                0x080079b4                lv_obj_is_layout_positioned
 .text.lv_obj_mark_layout_as_dirty
                0x080079e8       0x26 CMakeFiles/STM32G071RB_LVGL.dir/lvgl/src/core/lv_obj_pos.c.obj
                0x080079e8                lv_obj_mark_layout_as_dirty
 .text.lv_obj_set_align
                0x08007a0e        0xa CMakeFiles/STM32G071RB_LVGL.dir/lvgl/src/core/lv_obj_pos.c.obj
                0x08007a0e                lv_obj_set_align
 .text.lv_obj_align
                0x08007a18       0x1a CMakeFiles/STM32G071RB_LVGL.dir/lvgl/src/core/lv_obj_pos.c.obj
                0x08007a18                lv_obj_align
 .text.lv_obj_get_coords
                0x08007a32       0x1a CMakeFiles/STM32G071RB_LVGL.dir/lvgl/src/core/lv_obj_pos.c.obj
                0x08007a32                lv_obj_get_coords
 .text.lv_obj_get_y
                0x08007a4c       0x38 CMakeFiles/STM32G071RB_LVGL.dir/lvgl/src/core/lv_obj_pos.c.obj
                0x08007a4c                lv_obj_get_y
 .text.lv_obj_get_y2
                0x08007a84       0x16 CMakeFiles/STM32G071RB_LVGL.dir/lvgl/src/core/lv_obj_pos.c.obj
                0x08007a84                lv_obj_get_y2
 .text.lv_obj_get_width
                0x08007a9a        0xc CMakeFiles/STM32G071RB_LVGL.dir/lvgl/src/core/lv_obj_pos.c.obj
                0x08007a9a                lv_obj_get_width
 .text.lv_obj_get_height
                0x08007aa6        0xc CMakeFiles/STM32G071RB_LVGL.dir/lvgl/src/core/lv_obj_pos.c.obj
                0x08007aa6                lv_obj_get_height
 .text.lv_obj_get_content_width
                0x08007ab2       0x2c CMakeFiles/STM32G071RB_LVGL.dir/lvgl/src/core/lv_obj_pos.c.obj
                0x08007ab2                lv_obj_get_content_width
 .text.lv_obj_get_content_height
                0x08007ade       0x2c CMakeFiles/STM32G071RB_LVGL.dir/lvgl/src/core/lv_obj_pos.c.obj
                0x08007ade                lv_obj_get_content_height
 .text.lv_obj_get_content_coords
                0x08007b0a       0x60 CMakeFiles/STM32G071RB_LVGL.dir/lvgl/src/core/lv_obj_pos.c.obj
                0x08007b0a                lv_obj_get_content_coords
 *fill*         0x08007b6a        0x2 
 .text.lv_obj_get_self_width
                0x08007b6c       0x1c CMakeFiles/STM32G071RB_LVGL.dir/lvgl/src/core/lv_obj_pos.c.obj
                0x08007b6c                lv_obj_get_self_width
 .text.lv_obj_get_self_height
                0x08007b88       0x1c CMakeFiles/STM32G071RB_LVGL.dir/lvgl/src/core/lv_obj_pos.c.obj
                0x08007b88                lv_obj_get_self_height
 .text.lv_obj_refresh_self_size
                0x08007ba4       0x34 CMakeFiles/STM32G071RB_LVGL.dir/lvgl/src/core/lv_obj_pos.c.obj
                0x08007ba4                lv_obj_refresh_self_size
 .text.lv_obj_move_children_by
                0x08007bd8       0x6a CMakeFiles/STM32G071RB_LVGL.dir/lvgl/src/core/lv_obj_pos.c.obj
                0x08007bd8                lv_obj_move_children_by
 .text.lv_obj_transform_point
                0x08007c42       0x5c CMakeFiles/STM32G071RB_LVGL.dir/lvgl/src/core/lv_obj_pos.c.obj
                0x08007c42                lv_obj_transform_point
 .text.lv_obj_get_transformed_area
                0x08007c9e      0x10a CMakeFiles/STM32G071RB_LVGL.dir/lvgl/src/core/lv_obj_pos.c.obj
                0x08007c9e                lv_obj_get_transformed_area
 .text.lv_obj_area_is_visible
                0x08007da8       0xe6 CMakeFiles/STM32G071RB_LVGL.dir/lvgl/src/core/lv_obj_pos.c.obj
                0x08007da8                lv_obj_area_is_visible
 .text.lv_obj_invalidate_area
                0x08007e8e       0x3e CMakeFiles/STM32G071RB_LVGL.dir/lvgl/src/core/lv_obj_pos.c.obj
                0x08007e8e                lv_obj_invalidate_area
 .text.lv_obj_invalidate
                0x08007ecc       0x34 CMakeFiles/STM32G071RB_LVGL.dir/lvgl/src/core/lv_obj_pos.c.obj
                0x08007ecc                lv_obj_invalidate
 .text.lv_obj_move_to
                0x08007f00      0x12e CMakeFiles/STM32G071RB_LVGL.dir/lvgl/src/core/lv_obj_pos.c.obj
                0x08007f00                lv_obj_move_to
 *fill*         0x0800802e        0x2 
 .text.lv_obj_refr_pos
                0x08008030      0x274 CMakeFiles/STM32G071RB_LVGL.dir/lvgl/src/core/lv_obj_pos.c.obj
                0x08008030                lv_obj_refr_pos
 .text.lv_obj_get_click_area
                0x080082a4       0x34 CMakeFiles/STM32G071RB_LVGL.dir/lvgl/src/core/lv_obj_pos.c.obj
                0x080082a4                lv_obj_get_click_area
 .text.lv_obj_hit_test
                0x080082d8       0x60 CMakeFiles/STM32G071RB_LVGL.dir/lvgl/src/core/lv_obj_pos.c.obj
                0x080082d8                lv_obj_hit_test
 .text.lv_clamp_width
                0x08008338       0x80 CMakeFiles/STM32G071RB_LVGL.dir/lvgl/src/core/lv_obj_pos.c.obj
                0x08008338                lv_clamp_width
 .text.lv_obj_refr_size
                0x080083b8      0x580 CMakeFiles/STM32G071RB_LVGL.dir/lvgl/src/core/lv_obj_pos.c.obj
                0x080083b8                lv_obj_refr_size
 .text.layout_update_core
                0x08008938       0x78 CMakeFiles/STM32G071RB_LVGL.dir/lvgl/src/core/lv_obj_pos.c.obj
 .text.lv_obj_update_layout
                0x080089b0       0x34 CMakeFiles/STM32G071RB_LVGL.dir/lvgl/src/core/lv_obj_pos.c.obj
                0x080089b0                lv_obj_update_layout
 .text.lv_obj_align_to
                0x080089e4      0x33a CMakeFiles/STM32G071RB_LVGL.dir/lvgl/src/core/lv_obj_pos.c.obj
                0x080089e4                lv_obj_align_to
 .text.lv_obj_get_style_base_dir
                0x08008d1e        0xc CMakeFiles/STM32G071RB_LVGL.dir/lvgl/src/core/lv_obj_scroll.c.obj
 .text.scroll_anim_ready_cb
                0x08008d2a        0xe CMakeFiles/STM32G071RB_LVGL.dir/lvgl/src/core/lv_obj_scroll.c.obj
 .text.lv_obj_set_scrollbar_mode
                0x08008d38       0x28 CMakeFiles/STM32G071RB_LVGL.dir/lvgl/src/core/lv_obj_scroll.c.obj
                0x08008d38                lv_obj_set_scrollbar_mode
 .text.lv_obj_get_scrollbar_mode
                0x08008d60       0x10 CMakeFiles/STM32G071RB_LVGL.dir/lvgl/src/core/lv_obj_scroll.c.obj
                0x08008d60                lv_obj_get_scrollbar_mode
 .text.lv_obj_get_scroll_dir
                0x08008d70       0x10 CMakeFiles/STM32G071RB_LVGL.dir/lvgl/src/core/lv_obj_scroll.c.obj
                0x08008d70                lv_obj_get_scroll_dir
 .text.lv_obj_get_scroll_snap_x
                0x08008d80        0xe CMakeFiles/STM32G071RB_LVGL.dir/lvgl/src/core/lv_obj_scroll.c.obj
                0x08008d80                lv_obj_get_scroll_snap_x
 .text.lv_obj_get_scroll_snap_y
                0x08008d8e        0xe CMakeFiles/STM32G071RB_LVGL.dir/lvgl/src/core/lv_obj_scroll.c.obj
                0x08008d8e                lv_obj_get_scroll_snap_y
 .text.lv_obj_get_scroll_x
                0x08008d9c        0xe CMakeFiles/STM32G071RB_LVGL.dir/lvgl/src/core/lv_obj_scroll.c.obj
                0x08008d9c                lv_obj_get_scroll_x
 .text.lv_obj_get_scroll_y
                0x08008daa        0xe CMakeFiles/STM32G071RB_LVGL.dir/lvgl/src/core/lv_obj_scroll.c.obj
                0x08008daa                lv_obj_get_scroll_y
 .text.lv_obj_get_scroll_top
                0x08008db8        0x8 CMakeFiles/STM32G071RB_LVGL.dir/lvgl/src/core/lv_obj_scroll.c.obj
                0x08008db8                lv_obj_get_scroll_top
 .text.lv_obj_get_scroll_bottom
                0x08008dc0       0xac CMakeFiles/STM32G071RB_LVGL.dir/lvgl/src/core/lv_obj_scroll.c.obj
                0x08008dc0                lv_obj_get_scroll_bottom
 .text.lv_obj_get_scroll_left
                0x08008e6c       0xe0 CMakeFiles/STM32G071RB_LVGL.dir/lvgl/src/core/lv_obj_scroll.c.obj
                0x08008e6c                lv_obj_get_scroll_left
 .text.lv_obj_get_scroll_right
                0x08008f4c       0xc4 CMakeFiles/STM32G071RB_LVGL.dir/lvgl/src/core/lv_obj_scroll.c.obj
                0x08008f4c                lv_obj_get_scroll_right
 .text._lv_obj_scroll_by_raw
                0x08009010       0x46 CMakeFiles/STM32G071RB_LVGL.dir/lvgl/src/core/lv_obj_scroll.c.obj
                0x08009010                _lv_obj_scroll_by_raw
 .text.scroll_y_anim
                0x08009056       0x18 CMakeFiles/STM32G071RB_LVGL.dir/lvgl/src/core/lv_obj_scroll.c.obj
 .text.scroll_x_anim
                0x0800906e       0x18 CMakeFiles/STM32G071RB_LVGL.dir/lvgl/src/core/lv_obj_scroll.c.obj
 *fill*         0x08009086        0x2 
 .text.lv_obj_scroll_by
                0x08009088      0x11c CMakeFiles/STM32G071RB_LVGL.dir/lvgl/src/core/lv_obj_scroll.c.obj
                0x08009088                lv_obj_scroll_by
 .text.lv_obj_scroll_by_bounded
                0x080091a4       0xce CMakeFiles/STM32G071RB_LVGL.dir/lvgl/src/core/lv_obj_scroll.c.obj
                0x080091a4                lv_obj_scroll_by_bounded
 *fill*         0x08009272        0x2 
 .text.lv_obj_scroll_to_x
                0x08009274       0x28 CMakeFiles/STM32G071RB_LVGL.dir/lvgl/src/core/lv_obj_scroll.c.obj
                0x08009274                lv_obj_scroll_to_x
 .text.lv_obj_scroll_to_y
                0x0800929c       0x28 CMakeFiles/STM32G071RB_LVGL.dir/lvgl/src/core/lv_obj_scroll.c.obj
                0x0800929c                lv_obj_scroll_to_y
 .text.lv_obj_scroll_to
                0x080092c4       0x1a CMakeFiles/STM32G071RB_LVGL.dir/lvgl/src/core/lv_obj_scroll.c.obj
                0x080092c4                lv_obj_scroll_to
 *fill*         0x080092de        0x2 
 .text.scroll_area_into_view
                0x080092e0      0x30c CMakeFiles/STM32G071RB_LVGL.dir/lvgl/src/core/lv_obj_scroll.c.obj
 .text.lv_obj_scroll_to_view_recursive
                0x080095ec       0x36 CMakeFiles/STM32G071RB_LVGL.dir/lvgl/src/core/lv_obj_scroll.c.obj
                0x080095ec                lv_obj_scroll_to_view_recursive
 .text.lv_obj_get_scrollbar_area
                0x08009622      0x6c2 CMakeFiles/STM32G071RB_LVGL.dir/lvgl/src/core/lv_obj_scroll.c.obj
                0x08009622                lv_obj_get_scrollbar_area
 .text.lv_obj_scrollbar_invalidate
                0x08009ce4       0x46 CMakeFiles/STM32G071RB_LVGL.dir/lvgl/src/core/lv_obj_scroll.c.obj
                0x08009ce4                lv_obj_scrollbar_invalidate
 .text.lv_obj_readjust_scroll
                0x08009d2a       0x8c CMakeFiles/STM32G071RB_LVGL.dir/lvgl/src/core/lv_obj_scroll.c.obj
                0x08009d2a                lv_obj_readjust_scroll
 .text.refresh_children_style
                0x08009db6       0x3a CMakeFiles/STM32G071RB_LVGL.dir/lvgl/src/core/lv_obj_style.c.obj
 .text.get_local_style
                0x08009df0       0xcc CMakeFiles/STM32G071RB_LVGL.dir/lvgl/src/core/lv_obj_style.c.obj
 .text.get_trans_style
                0x08009ebc       0xb0 CMakeFiles/STM32G071RB_LVGL.dir/lvgl/src/core/lv_obj_style.c.obj
 .text.trans_del.isra.0
                0x08009f6c       0xa8 CMakeFiles/STM32G071RB_LVGL.dir/lvgl/src/core/lv_obj_style.c.obj
 .text._lv_obj_style_init
                0x0800a014       0x10 CMakeFiles/STM32G071RB_LVGL.dir/lvgl/src/core/lv_obj_style.c.obj
                0x0800a014                _lv_obj_style_init
 .text.lv_obj_enable_style_refresh
                0x0800a024        0xc CMakeFiles/STM32G071RB_LVGL.dir/lvgl/src/core/lv_obj_style.c.obj
                0x0800a024                lv_obj_enable_style_refresh
 .text.lv_obj_get_style_prop
                0x0800a030      0x14e CMakeFiles/STM32G071RB_LVGL.dir/lvgl/src/core/lv_obj_style.c.obj
                0x0800a030                lv_obj_get_style_prop
 .text.trans_anim_start_cb
                0x0800a17e       0x40 CMakeFiles/STM32G071RB_LVGL.dir/lvgl/src/core/lv_obj_style.c.obj
 *fill*         0x0800a1be        0x2 
 .text.lv_obj_refresh_style
                0x0800a1c0      0x178 CMakeFiles/STM32G071RB_LVGL.dir/lvgl/src/core/lv_obj_style.c.obj
                0x0800a1c0                lv_obj_refresh_style
 .text.lv_obj_add_style
                0x0800a338       0xb4 CMakeFiles/STM32G071RB_LVGL.dir/lvgl/src/core/lv_obj_style.c.obj
                0x0800a338                lv_obj_add_style
 .text.report_style_change_core
                0x0800a3ec       0x58 CMakeFiles/STM32G071RB_LVGL.dir/lvgl/src/core/lv_obj_style.c.obj
 .text.lv_obj_report_style_change
                0x0800a444       0x38 CMakeFiles/STM32G071RB_LVGL.dir/lvgl/src/core/lv_obj_style.c.obj
                0x0800a444                lv_obj_report_style_change
 .text.trans_anim_cb
                0x0800a47c      0x128 CMakeFiles/STM32G071RB_LVGL.dir/lvgl/src/core/lv_obj_style.c.obj
 .text.lv_obj_remove_style
                0x0800a5a4      0x118 CMakeFiles/STM32G071RB_LVGL.dir/lvgl/src/core/lv_obj_style.c.obj
                0x0800a5a4                lv_obj_remove_style
 .text.trans_anim_ready_cb
                0x0800a6bc       0xa0 CMakeFiles/STM32G071RB_LVGL.dir/lvgl/src/core/lv_obj_style.c.obj
 .text.lv_obj_set_local_style_prop
                0x0800a75c       0x24 CMakeFiles/STM32G071RB_LVGL.dir/lvgl/src/core/lv_obj_style.c.obj
                0x0800a75c                lv_obj_set_local_style_prop
 .text.lv_obj_get_local_style_prop
                0x0800a780       0x3e CMakeFiles/STM32G071RB_LVGL.dir/lvgl/src/core/lv_obj_style.c.obj
                0x0800a780                lv_obj_get_local_style_prop
 .text.lv_obj_remove_local_style_prop
                0x0800a7be       0x54 CMakeFiles/STM32G071RB_LVGL.dir/lvgl/src/core/lv_obj_style.c.obj
                0x0800a7be                lv_obj_remove_local_style_prop
 *fill*         0x0800a812        0x2 
 .text._lv_obj_style_create_transition
                0x0800a814      0x144 CMakeFiles/STM32G071RB_LVGL.dir/lvgl/src/core/lv_obj_style.c.obj
                0x0800a814                _lv_obj_style_create_transition
 .text._lv_obj_style_apply_color_filter
                0x0800a958       0x40 CMakeFiles/STM32G071RB_LVGL.dir/lvgl/src/core/lv_obj_style.c.obj
                0x0800a958                _lv_obj_style_apply_color_filter
 .text._lv_obj_style_state_compare
                0x0800a998      0x216 CMakeFiles/STM32G071RB_LVGL.dir/lvgl/src/core/lv_obj_style.c.obj
                0x0800a998                _lv_obj_style_state_compare
 .text.lv_obj_style_get_selector_state
                0x0800abae        0x4 CMakeFiles/STM32G071RB_LVGL.dir/lvgl/src/core/lv_obj_style.c.obj
                0x0800abae                lv_obj_style_get_selector_state
 .text.lv_obj_style_get_selector_part
                0x0800abb2        0x8 CMakeFiles/STM32G071RB_LVGL.dir/lvgl/src/core/lv_obj_style.c.obj
                0x0800abb2                lv_obj_style_get_selector_part
 .text.lv_obj_calculate_style_text_align
                0x0800abba       0x24 CMakeFiles/STM32G071RB_LVGL.dir/lvgl/src/core/lv_obj_style.c.obj