Archive member included to satisfy reference by file (symbol)

C:/ST/STM32CubeCLT_1.17.0/GNU-tools-for-STM32/bin/../lib/gcc/arm-none-eabi/12.3.1/../../../../arm-none-eabi/lib/thumb/v6-m/nofp\libc_nano.a(libc_a-exit.o)
                              C:/ST/STM32CubeCLT_1.17.0/GNU-tools-for-STM32/bin/../lib/gcc/arm-none-eabi/12.3.1/../../../../arm-none-eabi/lib/thumb/v6-m/nofp/crt0.o (exit)
C:/ST/STM32CubeCLT_1.17.0/GNU-tools-for-STM32/bin/../lib/gcc/arm-none-eabi/12.3.1/../../../../arm-none-eabi/lib/thumb/v6-m/nofp\libc_nano.a(libc_a-findfp.o)
                              C:/ST/STM32CubeCLT_1.17.0/GNU-tools-for-STM32/bin/../lib/gcc/arm-none-eabi/12.3.1/../../../../arm-none-eabi/lib/thumb/v6-m/nofp\libc_nano.a(libc_a-exit.o) (__stdio_exit_handler)
C:/ST/STM32CubeCLT_1.17.0/GNU-tools-for-STM32/bin/../lib/gcc/arm-none-eabi/12.3.1/../../../../arm-none-eabi/lib/thumb/v6-m/nofp\libc_nano.a(libc_a-fwalk.o)
                              C:/ST/STM32CubeCLT_1.17.0/GNU-tools-for-STM32/bin/../lib/gcc/arm-none-eabi/12.3.1/../../../../arm-none-eabi/lib/thumb/v6-m/nofp\libc_nano.a(libc_a-findfp.o) (_fwalk_sglue)
C:/ST/STM32CubeCLT_1.17.0/GNU-tools-for-STM32/bin/../lib/gcc/arm-none-eabi/12.3.1/../../../../arm-none-eabi/lib/thumb/v6-m/nofp\libc_nano.a(libc_a-stdio.o)
                              C:/ST/STM32CubeCLT_1.17.0/GNU-tools-for-STM32/bin/../lib/gcc/arm-none-eabi/12.3.1/../../../../arm-none-eabi/lib/thumb/v6-m/nofp\libc_nano.a(libc_a-findfp.o) (__sread)
C:/ST/STM32CubeCLT_1.17.0/GNU-tools-for-STM32/bin/../lib/gcc/arm-none-eabi/12.3.1/../../../../arm-none-eabi/lib/thumb/v6-m/nofp\libc_nano.a(libc_a-memset.o)
                              C:/ST/STM32CubeCLT_1.17.0/GNU-tools-for-STM32/bin/../lib/gcc/arm-none-eabi/12.3.1/../../../../arm-none-eabi/lib/thumb/v6-m/nofp/crt0.o (memset)
C:/ST/STM32CubeCLT_1.17.0/GNU-tools-for-STM32/bin/../lib/gcc/arm-none-eabi/12.3.1/../../../../arm-none-eabi/lib/thumb/v6-m/nofp\libc_nano.a(libc_a-closer.o)
                              C:/ST/STM32CubeCLT_1.17.0/GNU-tools-for-STM32/bin/../lib/gcc/arm-none-eabi/12.3.1/../../../../arm-none-eabi/lib/thumb/v6-m/nofp\libc_nano.a(libc_a-stdio.o) (_close_r)
C:/ST/STM32CubeCLT_1.17.0/GNU-tools-for-STM32/bin/../lib/gcc/arm-none-eabi/12.3.1/../../../../arm-none-eabi/lib/thumb/v6-m/nofp\libc_nano.a(libc_a-reent.o)
                              C:/ST/STM32CubeCLT_1.17.0/GNU-tools-for-STM32/bin/../lib/gcc/arm-none-eabi/12.3.1/../../../../arm-none-eabi/lib/thumb/v6-m/nofp\libc_nano.a(libc_a-closer.o) (errno)
C:/ST/STM32CubeCLT_1.17.0/GNU-tools-for-STM32/bin/../lib/gcc/arm-none-eabi/12.3.1/../../../../arm-none-eabi/lib/thumb/v6-m/nofp\libc_nano.a(libc_a-impure.o)
                              C:/ST/STM32CubeCLT_1.17.0/GNU-tools-for-STM32/bin/../lib/gcc/arm-none-eabi/12.3.1/../../../../arm-none-eabi/lib/thumb/v6-m/nofp\libc_nano.a(libc_a-reent.o) (_impure_ptr)
C:/ST/STM32CubeCLT_1.17.0/GNU-tools-for-STM32/bin/../lib/gcc/arm-none-eabi/12.3.1/../../../../arm-none-eabi/lib/thumb/v6-m/nofp\libc_nano.a(libc_a-lseekr.o)
                              C:/ST/STM32CubeCLT_1.17.0/GNU-tools-for-STM32/bin/../lib/gcc/arm-none-eabi/12.3.1/../../../../arm-none-eabi/lib/thumb/v6-m/nofp\libc_nano.a(libc_a-stdio.o) (_lseek_r)
C:/ST/STM32CubeCLT_1.17.0/GNU-tools-for-STM32/bin/../lib/gcc/arm-none-eabi/12.3.1/../../../../arm-none-eabi/lib/thumb/v6-m/nofp\libc_nano.a(libc_a-readr.o)
                              C:/ST/STM32CubeCLT_1.17.0/GNU-tools-for-STM32/bin/../lib/gcc/arm-none-eabi/12.3.1/../../../../arm-none-eabi/lib/thumb/v6-m/nofp\libc_nano.a(libc_a-stdio.o) (_read_r)
C:/ST/STM32CubeCLT_1.17.0/GNU-tools-for-STM32/bin/../lib/gcc/arm-none-eabi/12.3.1/../../../../arm-none-eabi/lib/thumb/v6-m/nofp\libc_nano.a(libc_a-writer.o)
                              C:/ST/STM32CubeCLT_1.17.0/GNU-tools-for-STM32/bin/../lib/gcc/arm-none-eabi/12.3.1/../../../../arm-none-eabi/lib/thumb/v6-m/nofp\libc_nano.a(libc_a-stdio.o) (_write_r)
C:/ST/STM32CubeCLT_1.17.0/GNU-tools-for-STM32/bin/../lib/gcc/arm-none-eabi/12.3.1/../../../../arm-none-eabi/lib/thumb/v6-m/nofp\libc_nano.a(libc_a-init.o)
                              C:/ST/STM32CubeCLT_1.17.0/GNU-tools-for-STM32/bin/../lib/gcc/arm-none-eabi/12.3.1/../../../../arm-none-eabi/lib/thumb/v6-m/nofp/crt0.o (__libc_init_array)
C:/ST/STM32CubeCLT_1.17.0/GNU-tools-for-STM32/bin/../lib/gcc/arm-none-eabi/12.3.1/../../../../arm-none-eabi/lib/thumb/v6-m/nofp\libc_nano.a(libc_a-lock.o)
                              C:/ST/STM32CubeCLT_1.17.0/GNU-tools-for-STM32/bin/../lib/gcc/arm-none-eabi/12.3.1/../../../../arm-none-eabi/lib/thumb/v6-m/nofp\libc_nano.a(libc_a-findfp.o) (__retarget_lock_init_recursive)
C:/ST/STM32CubeCLT_1.17.0/GNU-tools-for-STM32/bin/../lib/gcc/arm-none-eabi/12.3.1/../../../../arm-none-eabi/lib/thumb/v6-m/nofp\libc_nano.a(libc_a-freer.o)
                              C:/ST/STM32CubeCLT_1.17.0/GNU-tools-for-STM32/bin/../lib/gcc/arm-none-eabi/12.3.1/../../../../arm-none-eabi/lib/thumb/v6-m/nofp\libc_nano.a(libc_a-reent.o) (_free_r)
[...]
Memory Configuration

Name             Origin             Length             Attributes
RAM              0x20000000         0x00009000         xrw
FLASH            0x08000000         0x00020000         xr
SPIFLASH         0x90000000         0x00800000         xr
*default*        0x00000000         0xffffffff

Linker script and memory map

LOAD C:/ST/STM32CubeCLT_1.17.0/GNU-tools-for-STM32/bin/../lib/gcc/arm-none-eabi/12.3.1/thumb/v6-m/nofp/crti.o
LOAD C:/ST/STM32CubeCLT_1.17.0/GNU-tools-for-STM32/bin/../lib/gcc/arm-none-eabi/12.3.1/thumb/v6-m/nofp/crtbegin.o
LOAD C:/ST/STM32CubeCLT_1.17.0/GNU-tools-for-STM32/bin/../lib/gcc/arm-none-eabi/12.3.1/../../../../arm-none-eabi/lib/thumb/v6-m/nofp/crt0.o
START GROUP
LOAD C:/ST/STM32CubeCLT_1.17.0/GNU-tools-for-STM32/bin/../lib/gcc/arm-none-eabi/12.3.1/../../../../arm-none-eabi/lib/thumb/v6-m/nofp\libc_nano.a
LOAD C:/ST/STM32CubeCLT_1.17.0/GNU-tools-for-STM32/bin/../lib/gcc/arm-none-eabi/12.3.1/../../../../arm-none-eabi/lib/thumb/v6-m/nofp\libm.a
END GROUP
LOAD CMakeFiles/STM32G071RB_LVGL.dir/Core/gcc/startup_stm32g071rbtx.s.obj
LOAD CMakeFiles/STM32G071RB_LVGL.dir/Core/syscalls.c.obj
LOAD CMakeFiles/STM32G071RB_LVGL.dir/Core/sysmem.c.obj
LOAD CMakeFiles/STM32G071RB_LVGL.dir/Core/Src/main.c.obj
LOAD CMakeFiles/STM32G071RB_LVGL.dir/Core/Src/stm32g0xx_hal_msp.c.obj
LOAD CMakeFiles/STM32G071RB_LVGL.dir/Core/Src/stm32g0xx_it.c.obj
LOAD CMakeFiles/STM32G071RB_LVGL.dir/Core/Src/stm32g0xx_nucleo_bus.c.obj
LOAD CMakeFiles/STM32G071RB_LVGL.dir/Core/Src/system_stm32g0xx.c.obj
LOAD CMakeFiles/STM32G071RB_LVGL.dir/Drivers/STM32G0xx_HAL_Driver/Src/stm32g0xx_hal.c.obj
LOAD CMakeFiles/STM32G071RB_LVGL.dir/Drivers/STM32G0xx_HAL_Driver/Src/stm32g0xx_hal_cortex.c.obj
LOAD CMakeFiles/STM32G071RB_LVGL.dir/Drivers/STM32G0xx_HAL_Driver/Src/stm32g0xx_hal_dma.c.obj
LOAD CMakeFiles/STM32G071RB_LVGL.dir/Drivers/STM32G0xx_HAL_Driver/Src/stm32g0xx_hal_dma_ex.c.obj
LOAD CMakeFiles/STM32G071RB_LVGL.dir/Drivers/STM32G0xx_HAL_Driver/Src/stm32g0xx_hal_exti.c.obj
LOAD CMakeFiles/STM32G071RB_LVGL.dir/Drivers/STM32G0xx_HAL_Driver/Src/stm32g0xx_hal_flash_ex.c.obj
LOAD CMakeFiles/STM32G071RB_LVGL.dir/Drivers/STM32G0xx_HAL_Driver/Src/stm32g0xx_hal_flash.c.obj
LOAD CMakeFiles/STM32G071RB_LVGL.dir/Drivers/STM32G0xx_HAL_Driver/Src/stm32g0xx_hal_gpio.c.obj
LOAD CMakeFiles/STM32G071RB_LVGL.dir/Drivers/STM32G0xx_HAL_Driver/Src/stm32g0xx_hal_pwr_ex.c.obj
LOAD CMakeFiles/STM32G071RB_LVGL.dir/Drivers/STM32G0xx_HAL_Driver/Src/stm32g0xx_hal_pwr.c.obj
LOAD CMakeFiles/STM32G071RB_LVGL.dir/Drivers/STM32G0xx_HAL_Driver/Src/stm32g0xx_hal_rcc_ex.c.obj
LOAD CMakeFiles/STM32G071RB_LVGL.dir/Drivers/STM32G0xx_HAL_Driver/Src/stm32g0xx_hal_rcc.c.obj
LOAD CMakeFiles/STM32G071RB_LVGL.dir/Drivers/STM32G0xx_HAL_Driver/Src/stm32g0xx_hal_spi_ex.c.obj
LOAD CMakeFiles/STM32G071RB_LVGL.dir/Drivers/STM32G0xx_HAL_Driver/Src/stm32g0xx_hal_spi.c.obj
LOAD CMakeFiles/STM32G071RB_LVGL.dir/Drivers/STM32G0xx_HAL_Driver/Src/stm32g0xx_hal_tim_ex.c.obj
LOAD CMakeFiles/STM32G071RB_LVGL.dir/Drivers/STM32G0xx_HAL_Driver/Src/stm32g0xx_hal_tim.c.obj
LOAD CMakeFiles/STM32G071RB_LVGL.dir/Drivers/STM32G0xx_HAL_Driver/Src/stm32g0xx_ll_dma.c.obj
LOAD CMakeFiles/STM32G071RB_LVGL.dir/Drivers/STM32G0xx_HAL_Driver/Src/stm32g0xx_ll_rcc.c.obj
LOAD CMakeFiles/STM32G071RB_LVGL.dir/Drivers/BSP/key/key_io.c.obj
LOAD CMakeFiles/STM32G071RB_LVGL.dir/Drivers/BSP/lcd/lcd_io.c.obj
LOAD CMakeFiles/STM32G071RB_LVGL.dir/Drivers/BSP/lcd/lcd_os.c.obj
LOAD CMakeFiles/STM32G071RB_LVGL.dir/Drivers/BSP/lcd/st7789v_reg.c.obj
LOAD CMakeFiles/STM32G071RB_LVGL.dir/Drivers/BSP/lcd/st7789v.c.obj
LOAD CMakeFiles/STM32G071RB_LVGL.dir/Drivers/BSP/mem/mem_io.c.obj
LOAD CMakeFiles/STM32G071RB_LVGL.dir/Drivers/BSP/mem/mem_os.c.obj
LOAD CMakeFiles/STM32G071RB_LVGL.dir/Drivers/BSP/mem/mx25l6433f.c.obj
LOAD CMakeFiles/STM32G071RB_LVGL.dir/lvgl_hal/disp.c.obj
LOAD CMakeFiles/STM32G071RB_LVGL.dir/lvgl_hal/indev.c.obj
LOAD CMakeFiles/STM32G071RB_LVGL.dir/ui/font_14.c.obj
LOAD CMakeFiles/STM32G071RB_LVGL.dir/ui/ui.c.obj
LOAD CMakeFiles/STM32G071RB_LVGL.dir/ui/ui_comp.c.obj
LOAD CMakeFiles/STM32G071RB_LVGL.dir/ui/ui_helpers.c.obj
LOAD CMakeFiles/STM32G071RB_LVGL.dir/ui/ui_img_aircon_png.c.obj
LOAD CMakeFiles/STM32G071RB_LVGL.dir/ui/ui_img_back_png.c.obj
LOAD CMakeFiles/STM32G071RB_LVGL.dir/ui/ui_img_battery_png.c.obj
LOAD CMakeFiles/STM32G071RB_LVGL.dir/ui/ui_img_ble_png.c.obj
LOAD CMakeFiles/STM32G071RB_LVGL.dir/ui/ui_img_circle_png.c.obj
LOAD CMakeFiles/STM32G071RB_LVGL.dir/ui/ui_img_corner_png.c.obj
LOAD CMakeFiles/STM32G071RB_LVGL.dir/ui/ui_img_ellips_png.c.obj
LOAD CMakeFiles/STM32G071RB_LVGL.dir/ui/ui_img_info_png.c.obj
LOAD CMakeFiles/STM32G071RB_LVGL.dir/ui/ui_img_pattern_png.c.obj
LOAD CMakeFiles/STM32G071RB_LVGL.dir/ui/ui_img_time_png.c.obj
LOAD CMakeFiles/STM32G071RB_LVGL.dir/ui/ui_img_wifi_png.c.obj
LOAD CMakeFiles/STM32G071RB_LVGL.dir/lvgl/src/core/lv_disp.c.obj
LOAD CMakeFiles/STM32G071RB_LVGL.dir/lvgl/src/core/lv_event.c.obj
LOAD CMakeFiles/STM32G071RB_LVGL.dir/lvgl/src/core/lv_group.c.obj
LOAD CMakeFiles/STM32G071RB_LVGL.dir/lvgl/src/core/lv_indev.c.obj
LOAD CMakeFiles/STM32G071RB_LVGL.dir/lvgl/src/core/lv_indev_scroll.c.obj
LOAD CMakeFiles/STM32G071RB_LVGL.dir/lvgl/src/core/lv_obj.c.obj
LOAD CMakeFiles/STM32G071RB_LVGL.dir/lvgl/src/core/lv_obj_class.c.obj
LOAD CMakeFiles/STM32G071RB_LVGL.dir/lvgl/src/core/lv_obj_draw.c.obj
LOAD CMakeFiles/STM32G071RB_LVGL.dir/lvgl/src/core/lv_obj_pos.c.obj
LOAD CMakeFiles/STM32G071RB_LVGL.dir/lvgl/src/core/lv_obj_scroll.c.obj
LOAD CMakeFiles/STM32G071RB_LVGL.dir/lvgl/src/core/lv_obj_style.c.obj
LOAD CMakeFiles/STM32G071RB_LVGL.dir/lvgl/src/core/lv_obj_style_gen.c.obj
LOAD CMakeFiles/STM32G071RB_LVGL.dir/lvgl/src/core/lv_obj_tree.c.obj
LOAD CMakeFiles/STM32G071RB_LVGL.dir/lvgl/src/core/lv_refr.c.obj
LOAD CMakeFiles/STM32G071RB_LVGL.dir/lvgl/src/core/lv_theme.c.obj
LOAD CMakeFiles/STM32G071RB_LVGL.dir/lvgl/src/draw/arm2d/lv_gpu_arm2d.c.obj
LOAD CMakeFiles/STM32G071RB_LVGL.dir/lvgl/src/draw/lv_draw.c.obj
LOAD CMakeFiles/STM32G071RB_LVGL.dir/lvgl/src/draw/lv_draw_arc.c.obj
LOAD CMakeFiles/STM32G071RB_LVGL.dir/lvgl/src/draw/lv_draw_img.c.obj
LOAD CMakeFiles/STM32G071RB_LVGL.dir/lvgl/src/draw/lv_draw_label.c.obj
LOAD CMakeFiles/STM32G071RB_LVGL.dir/lvgl/src/draw/lv_draw_layer.c.obj
LOAD CMakeFiles/STM32G071RB_LVGL.dir/lvgl/src/draw/lv_draw_line.c.obj
LOAD CMakeFiles/STM32G071RB_LVGL.dir/lvgl/src/draw/lv_draw_mask.c.obj
LOAD CMakeFiles/STM32G071RB_LVGL.dir/lvgl/src/draw/lv_draw_rect.c.obj
LOAD CMakeFiles/STM32G071RB_LVGL.dir/lvgl/src/draw/lv_draw_transform.c.obj
LOAD CMakeFiles/STM32G071RB_LVGL.dir/lvgl/src/draw/lv_draw_triangle.c.obj
LOAD CMakeFiles/STM32G071RB_LVGL.dir/lvgl/src/draw/lv_img_buf.c.obj
LOAD CMakeFiles/STM32G071RB_LVGL.dir/lvgl/src/draw/lv_img_cache.c.obj
LOAD CMakeFiles/STM32G071RB_LVGL.dir/lvgl/src/draw/lv_img_decoder.c.obj
LOAD CMakeFiles/STM32G071RB_LVGL.dir/lvgl/src/draw/nxp/lv_gpu_nxp.c.obj
LOAD CMakeFiles/STM32G071RB_LVGL.dir/lvgl/src/draw/nxp/pxp/lv_draw_pxp_blend.c.obj
LOAD CMakeFiles/STM32G071RB_LVGL.dir/lvgl/src/draw/nxp/pxp/lv_gpu_nxp_pxp.c.obj
LOAD CMakeFiles/STM32G071RB_LVGL.dir/lvgl/src/draw/nxp/pxp/lv_gpu_nxp_pxp_osa.c.obj
LOAD CMakeFiles/STM32G071RB_LVGL.dir/lvgl/src/draw/nxp/vglite/lv_draw_vglite_arc.c.obj
LOAD CMakeFiles/STM32G071RB_LVGL.dir/lvgl/src/draw/nxp/vglite/lv_draw_vglite_blend.c.obj
LOAD CMakeFiles/STM32G071RB_LVGL.dir/lvgl/src/draw/nxp/vglite/lv_draw_vglite_rect.c.obj
LOAD CMakeFiles/STM32G071RB_LVGL.dir/lvgl/src/draw/nxp/vglite/lv_gpu_nxp_vglite.c.obj
LOAD CMakeFiles/STM32G071RB_LVGL.dir/lvgl/src/draw/sdl/lv_draw_sdl.c.obj
LOAD CMakeFiles/STM32G071RB_LVGL.dir/lvgl/src/draw/sdl/lv_draw_sdl_arc.c.obj
LOAD CMakeFiles/STM32G071RB_LVGL.dir/lvgl/src/draw/sdl/lv_draw_sdl_bg.c.obj
LOAD CMakeFiles/STM32G071RB_LVGL.dir/lvgl/src/draw/sdl/lv_draw_sdl_composite.c.obj
LOAD CMakeFiles/STM32G071RB_LVGL.dir/lvgl/src/draw/sdl/lv_draw_sdl_img.c.obj
LOAD CMakeFiles/STM32G071RB_LVGL.dir/lvgl/src/draw/sdl/lv_draw_sdl_label.c.obj
LOAD CMakeFiles/STM32G071RB_LVGL.dir/lvgl/src/draw/sdl/lv_draw_sdl_layer.c.obj
LOAD CMakeFiles/STM32G071RB_LVGL.dir/lvgl/src/draw/sdl/lv_draw_sdl_line.c.obj
LOAD CMakeFiles/STM32G071RB_LVGL.dir/lvgl/src/draw/sdl/lv_draw_sdl_mask.c.obj
LOAD CMakeFiles/STM32G071RB_LVGL.dir/lvgl/src/draw/sdl/lv_draw_sdl_polygon.c.obj
LOAD CMakeFiles/STM32G071RB_LVGL.dir/lvgl/src/draw/sdl/lv_draw_sdl_rect.c.obj
LOAD CMakeFiles/STM32G071RB_LVGL.dir/lvgl/src/draw/sdl/lv_draw_sdl_stack_blur.c.obj
LOAD CMakeFiles/STM32G071RB_LVGL.dir/lvgl/src/draw/sdl/lv_draw_sdl_texture_cache.c.obj
LOAD CMakeFiles/STM32G071RB_LVGL.dir/lvgl/src/draw/sdl/lv_draw_sdl_utils.c.obj
LOAD CMakeFiles/STM32G071RB_LVGL.dir/lvgl/src/draw/stm32_dma2d/lv_gpu_stm32_dma2d.c.obj
LOAD CMakeFiles/STM32G071RB_LVGL.dir/lvgl/src/draw/sw/lv_draw_sw.c.obj
LOAD CMakeFiles/STM32G071RB_LVGL.dir/lvgl/src/draw/sw/lv_draw_sw_arc.c.obj
LOAD CMakeFiles/STM32G071RB_LVGL.dir/lvgl/src/draw/sw/lv_draw_sw_blend.c.obj
LOAD CMakeFiles/STM32G071RB_LVGL.dir/lvgl/src/draw/sw/lv_draw_sw_dither.c.obj
LOAD CMakeFiles/STM32G071RB_LVGL.dir/lvgl/src/draw/sw/lv_draw_sw_gradient.c.obj
LOAD CMakeFiles/STM32G071RB_LVGL.dir/lvgl/src/draw/sw/lv_draw_sw_img.c.obj
LOAD CMakeFiles/STM32G071RB_LVGL.dir/lvgl/src/draw/sw/lv_draw_sw_layer.c.obj
LOAD CMakeFiles/STM32G071RB_LVGL.dir/lvgl/src/draw/sw/lv_draw_sw_letter.c.obj
LOAD CMakeFiles/STM32G071RB_LVGL.dir/lvgl/src/draw/sw/lv_draw_sw_line.c.obj
LOAD CMakeFiles/STM32G071RB_LVGL.dir/lvgl/src/draw/sw/lv_draw_sw_polygon.c.obj
LOAD CMakeFiles/STM32G071RB_LVGL.dir/lvgl/src/draw/sw/lv_draw_sw_rect.c.obj
LOAD CMakeFiles/STM32G071RB_LVGL.dir/lvgl/src/draw/sw/lv_draw_sw_transform.c.obj
LOAD CMakeFiles/STM32G071RB_LVGL.dir/lvgl/src/draw/swm341_dma2d/lv_gpu_swm341_dma2d.c.obj
LOAD CMakeFiles/STM32G071RB_LVGL.dir/lvgl/src/extra/layouts/flex/lv_flex.c.obj
LOAD CMakeFiles/STM32G071RB_LVGL.dir/lvgl/src/extra/layouts/grid/lv_grid.c.obj
LOAD CMakeFiles/STM32G071RB_LVGL.dir/lvgl/src/extra/libs/bmp/lv_bmp.c.obj
LOAD CMakeFiles/STM32G071RB_LVGL.dir/lvgl/src/extra/libs/ffmpeg/lv_ffmpeg.c.obj
LOAD CMakeFiles/STM32G071RB_LVGL.dir/lvgl/src/extra/libs/freetype/lv_freetype.c.obj
LOAD CMakeFiles/STM32G071RB_LVGL.dir/lvgl/src/extra/libs/fsdrv/lv_fs_fatfs.c.obj
LOAD CMakeFiles/STM32G071RB_LVGL.dir/lvgl/src/extra/libs/fsdrv/lv_fs_posix.c.obj
LOAD CMakeFiles/STM32G071RB_LVGL.dir/lvgl/src/extra/libs/fsdrv/lv_fs_stdio.c.obj
LOAD CMakeFiles/STM32G071RB_LVGL.dir/lvgl/src/extra/libs/fsdrv/lv_fs_win32.c.obj
LOAD CMakeFiles/STM32G071RB_LVGL.dir/lvgl/src/extra/libs/gif/gifdec.c.obj
LOAD CMakeFiles/STM32G071RB_LVGL.dir/lvgl/src/extra/libs/gif/lv_gif.c.obj
LOAD CMakeFiles/STM32G071RB_LVGL.dir/lvgl/src/extra/libs/png/lodepng.c.obj
LOAD CMakeFiles/STM32G071RB_LVGL.dir/lvgl/src/extra/libs/png/lv_png.c.obj
LOAD CMakeFiles/STM32G071RB_LVGL.dir/lvgl/src/extra/libs/qrcode/lv_qrcode.c.obj
LOAD CMakeFiles/STM32G071RB_LVGL.dir/lvgl/src/extra/libs/qrcode/qrcodegen.c.obj
LOAD CMakeFiles/STM32G071RB_LVGL.dir/lvgl/src/extra/libs/rlottie/lv_rlottie.c.obj
LOAD CMakeFiles/STM32G071RB_LVGL.dir/lvgl/src/extra/libs/sjpg/lv_sjpg.c.obj
LOAD CMakeFiles/STM32G071RB_LVGL.dir/lvgl/src/extra/libs/sjpg/tjpgd.c.obj
LOAD CMakeFiles/STM32G071RB_LVGL.dir/lvgl/src/extra/lv_extra.c.obj
LOAD CMakeFiles/STM32G071RB_LVGL.dir/lvgl/src/extra/others/fragment/lv_fragment.c.obj
LOAD CMakeFiles/STM32G071RB_LVGL.dir/lvgl/src/extra/others/fragment/lv_fragment_manager.c.obj
LOAD CMakeFiles/STM32G071RB_LVGL.dir/lvgl/src/extra/others/gridnav/lv_gridnav.c.obj
LOAD CMakeFiles/STM32G071RB_LVGL.dir/lvgl/src/extra/others/ime/lv_ime_pinyin.c.obj
LOAD CMakeFiles/STM32G071RB_LVGL.dir/lvgl/src/extra/others/imgfont/lv_imgfont.c.obj
LOAD CMakeFiles/STM32G071RB_LVGL.dir/lvgl/src/extra/others/monkey/lv_monkey.c.obj
LOAD CMakeFiles/STM32G071RB_LVGL.dir/lvgl/src/extra/others/msg/lv_msg.c.obj
LOAD CMakeFiles/STM32G071RB_LVGL.dir/lvgl/src/extra/others/snapshot/lv_snapshot.c.obj
LOAD CMakeFiles/STM32G071RB_LVGL.dir/lvgl/src/extra/themes/basic/lv_theme_basic.c.obj
LOAD CMakeFiles/STM32G071RB_LVGL.dir/lvgl/src/extra/themes/default/lv_theme_default.c.obj
LOAD CMakeFiles/STM32G071RB_LVGL.dir/lvgl/src/extra/themes/mono/lv_theme_mono.c.obj
LOAD CMakeFiles/STM32G071RB_LVGL.dir/lvgl/src/extra/widgets/animimg/lv_animimg.c.obj
LOAD CMakeFiles/STM32G071RB_LVGL.dir/lvgl/src/extra/widgets/calendar/lv_calendar.c.obj
LOAD CMakeFiles/STM32G071RB_LVGL.dir/lvgl/src/extra/widgets/calendar/lv_calendar_header_arrow.c.obj
LOAD CMakeFiles/STM32G071RB_LVGL.dir/lvgl/src/extra/widgets/calendar/lv_calendar_header_dropdown.c.obj
LOAD CMakeFiles/STM32G071RB_LVGL.dir/lvgl/src/extra/widgets/chart/lv_chart.c.obj
LOAD CMakeFiles/STM32G071RB_LVGL.dir/lvgl/src/extra/widgets/colorwheel/lv_colorwheel.c.obj
LOAD CMakeFiles/STM32G071RB_LVGL.dir/lvgl/src/extra/widgets/imgbtn/lv_imgbtn.c.obj
LOAD CMakeFiles/STM32G071RB_LVGL.dir/lvgl/src/extra/widgets/keyboard/lv_keyboard.c.obj
LOAD CMakeFiles/STM32G071RB_LVGL.dir/lvgl/src/extra/widgets/led/lv_led.c.obj
LOAD CMakeFiles/STM32G071RB_LVGL.dir/lvgl/src/extra/widgets/list/lv_list.c.obj
LOAD CMakeFiles/STM32G071RB_LVGL.dir/lvgl/src/extra/widgets/menu/lv_menu.c.obj
LOAD CMakeFiles/STM32G071RB_LVGL.dir/lvgl/src/extra/widgets/meter/lv_meter.c.obj
LOAD CMakeFiles/STM32G071RB_LVGL.dir/lvgl/src/extra/widgets/msgbox/lv_msgbox.c.obj
LOAD CMakeFiles/STM32G071RB_LVGL.dir/lvgl/src/extra/widgets/span/lv_span.c.obj
LOAD CMakeFiles/STM32G071RB_LVGL.dir/lvgl/src/extra/widgets/spinbox/lv_spinbox.c.obj
LOAD CMakeFiles/STM32G071RB_LVGL.dir/lvgl/src/extra/widgets/spinner/lv_spinner.c.obj
LOAD CMakeFiles/STM32G071RB_LVGL.dir/lvgl/src/extra/widgets/tabview/lv_tabview.c.obj
LOAD CMakeFiles/STM32G071RB_LVGL.dir/lvgl/src/extra/widgets/tileview/lv_tileview.c.obj
LOAD CMakeFiles/STM32G071RB_LVGL.dir/lvgl/src/extra/widgets/win/lv_win.c.obj
LOAD CMakeFiles/STM32G071RB_LVGL.dir/lvgl/src/font/lv_font.c.obj
LOAD CMakeFiles/STM32G071RB_LVGL.dir/lvgl/src/font/lv_font_dejavu_16_persian_hebrew.c.obj
LOAD CMakeFiles/STM32G071RB_LVGL.dir/lvgl/src/font/lv_font_fmt_txt.c.obj
LOAD CMakeFiles/STM32G071RB_LVGL.dir/lvgl/src/font/lv_font_loader.c.obj
LOAD CMakeFiles/STM32G071RB_LVGL.dir/lvgl/src/font/lv_font_montserrat_10.c.obj
LOAD CMakeFiles/STM32G071RB_LVGL.dir/lvgl/src/font/lv_font_montserrat_12.c.obj
LOAD CMakeFiles/STM32G071RB_LVGL.dir/lvgl/src/font/lv_font_montserrat_12_subpx.c.obj
LOAD CMakeFiles/STM32G071RB_LVGL.dir/lvgl/src/font/lv_font_montserrat_14.c.obj
LOAD CMakeFiles/STM32G071RB_LVGL.dir/lvgl/src/font/lv_font_montserrat_16.c.obj
LOAD CMakeFiles/STM32G071RB_LVGL.dir/lvgl/src/font/lv_font_montserrat_18.c.obj
LOAD CMakeFiles/STM32G071RB_LVGL.dir/lvgl/src/font/lv_font_montserrat_20.c.obj
LOAD CMakeFiles/STM32G071RB_LVGL.dir/lvgl/src/font/lv_font_montserrat_22.c.obj
LOAD CMakeFiles/STM32G071RB_LVGL.dir/lvgl/src/font/lv_font_montserrat_24.c.obj
LOAD CMakeFiles/STM32G071RB_LVGL.dir/lvgl/src/font/lv_font_montserrat_26.c.obj
LOAD CMakeFiles/STM32G071RB_LVGL.dir/lvgl/src/font/lv_font_montserrat_28.c.obj
LOAD CMakeFiles/STM32G071RB_LVGL.dir/lvgl/src/font/lv_font_montserrat_28_compressed.c.obj
LOAD CMakeFiles/STM32G071RB_LVGL.dir/lvgl/src/font/lv_font_montserrat_30.c.obj
LOAD CMakeFiles/STM32G071RB_LVGL.dir/lvgl/src/font/lv_font_montserrat_32.c.obj
LOAD CMakeFiles/STM32G071RB_LVGL.dir/lvgl/src/font/lv_font_montserrat_34.c.obj
LOAD CMakeFiles/STM32G071RB_LVGL.dir/lvgl/src/font/lv_font_montserrat_36.c.obj
LOAD CMakeFiles/STM32G071RB_LVGL.dir/lvgl/src/font/lv_font_montserrat_38.c.obj
LOAD CMakeFiles/STM32G071RB_LVGL.dir/lvgl/src/font/lv_font_montserrat_40.c.obj
LOAD CMakeFiles/STM32G071RB_LVGL.dir/lvgl/src/font/lv_font_montserrat_42.c.obj
LOAD CMakeFiles/STM32G071RB_LVGL.dir/lvgl/src/font/lv_font_montserrat_44.c.obj
LOAD CMakeFiles/STM32G071RB_LVGL.dir/lvgl/src/font/lv_font_montserrat_46.c.obj
LOAD CMakeFiles/STM32G071RB_LVGL.dir/lvgl/src/font/lv_font_montserrat_48.c.obj
LOAD CMakeFiles/STM32G071RB_LVGL.dir/lvgl/src/font/lv_font_montserrat_8.c.obj
LOAD CMakeFiles/STM32G071RB_LVGL.dir/lvgl/src/font/lv_font_simsun_16_cjk.c.obj
LOAD CMakeFiles/STM32G071RB_LVGL.dir/lvgl/src/font/lv_font_unscii_16.c.obj
LOAD CMakeFiles/STM32G071RB_LVGL.dir/lvgl/src/font/lv_font_unscii_8.c.obj
LOAD CMakeFiles/STM32G071RB_LVGL.dir/lvgl/src/hal/lv_hal_disp.c.obj
LOAD CMakeFiles/STM32G071RB_LVGL.dir/lvgl/src/hal/lv_hal_indev.c.obj
LOAD CMakeFiles/STM32G071RB_LVGL.dir/lvgl/src/hal/lv_hal_tick.c.obj
LOAD CMakeFiles/STM32G071RB_LVGL.dir/lvgl/src/misc/lv_anim.c.obj
LOAD CMakeFiles/STM32G071RB_LVGL.dir/lvgl/src/misc/lv_anim_timeline.c.obj
LOAD CMakeFiles/STM32G071RB_LVGL.dir/lvgl/src/misc/lv_area.c.obj
LOAD CMakeFiles/STM32G071RB_LVGL.dir/lvgl/src/misc/lv_async.c.obj
LOAD CMakeFiles/STM32G071RB_LVGL.dir/lvgl/src/misc/lv_bidi.c.obj
LOAD CMakeFiles/STM32G071RB_LVGL.dir/lvgl/src/misc/lv_color.c.obj
LOAD CMakeFiles/STM32G071RB_LVGL.dir/lvgl/src/misc/lv_fs.c.obj
LOAD CMakeFiles/STM32G071RB_LVGL.dir/lvgl/src/misc/lv_gc.c.obj
LOAD CMakeFiles/STM32G071RB_LVGL.dir/lvgl/src/misc/lv_ll.c.obj
LOAD CMakeFiles/STM32G071RB_LVGL.dir/lvgl/src/misc/lv_log.c.obj
LOAD CMakeFiles/STM32G071RB_LVGL.dir/lvgl/src/misc/lv_lru.c.obj
LOAD CMakeFiles/STM32G071RB_LVGL.dir/lvgl/src/misc/lv_math.c.obj
LOAD CMakeFiles/STM32G071RB_LVGL.dir/lvgl/src/misc/lv_mem.c.obj
LOAD CMakeFiles/STM32G071RB_LVGL.dir/lvgl/src/misc/lv_printf.c.obj
LOAD CMakeFiles/STM32G071RB_LVGL.dir/lvgl/src/misc/lv_style.c.obj
LOAD CMakeFiles/STM32G071RB_LVGL.dir/lvgl/src/misc/lv_style_gen.c.obj
LOAD CMakeFiles/STM32G071RB_LVGL.dir/lvgl/src/misc/lv_templ.c.obj
LOAD CMakeFiles/STM32G071RB_LVGL.dir/lvgl/src/misc/lv_timer.c.obj
LOAD CMakeFiles/STM32G071RB_LVGL.dir/lvgl/src/misc/lv_tlsf.c.obj
LOAD CMakeFiles/STM32G071RB_LVGL.dir/lvgl/src/misc/lv_txt.c.obj
LOAD CMakeFiles/STM32G071RB_LVGL.dir/lvgl/src/misc/lv_txt_ap.c.obj
LOAD CMakeFiles/STM32G071RB_LVGL.dir/lvgl/src/misc/lv_utils.c.obj
LOAD CMakeFiles/STM32G071RB_LVGL.dir/lvgl/src/widgets/lv_arc.c.obj
LOAD CMakeFiles/STM32G071RB_LVGL.dir/lvgl/src/widgets/lv_bar.c.obj
LOAD CMakeFiles/STM32G071RB_LVGL.dir/lvgl/src/widgets/lv_btn.c.obj
LOAD CMakeFiles/STM32G071RB_LVGL.dir/lvgl/src/widgets/lv_btnmatrix.c.obj
LOAD CMakeFiles/STM32G071RB_LVGL.dir/lvgl/src/widgets/lv_canvas.c.obj
LOAD CMakeFiles/STM32G071RB_LVGL.dir/lvgl/src/widgets/lv_checkbox.c.obj
LOAD CMakeFiles/STM32G071RB_LVGL.dir/lvgl/src/widgets/lv_dropdown.c.obj
LOAD CMakeFiles/STM32G071RB_LVGL.dir/lvgl/src/widgets/lv_img.c.obj
LOAD CMakeFiles/STM32G071RB_LVGL.dir/lvgl/src/widgets/lv_label.c.obj
LOAD CMakeFiles/STM32G071RB_LVGL.dir/lvgl/src/widgets/lv_line.c.obj
LOAD CMakeFiles/STM32G071RB_LVGL.dir/lvgl/src/widgets/lv_objx_templ.c.obj
LOAD CMakeFiles/STM32G071RB_LVGL.dir/lvgl/src/widgets/lv_roller.c.obj
LOAD CMakeFiles/STM32G071RB_LVGL.dir/lvgl/src/widgets/lv_slider.c.obj
LOAD CMakeFiles/STM32G071RB_LVGL.dir/lvgl/src/widgets/lv_switch.c.obj
LOAD CMakeFiles/STM32G071RB_LVGL.dir/lvgl/src/widgets/lv_table.c.obj
LOAD CMakeFiles/STM32G071RB_LVGL.dir/lvgl/src/widgets/lv_textarea.c.obj
START GROUP
LOAD C:/ST/STM32CubeCLT_1.17.0/GNU-tools-for-STM32/bin/../lib/gcc/arm-none-eabi/12.3.1/thumb/v6-m/nofp\libgcc.a
LOAD C:/ST/STM32CubeCLT_1.17.0/GNU-tools-for-STM32/bin/../lib/gcc/arm-none-eabi/12.3.1/../../../../arm-none-eabi/lib/thumb/v6-m/nofp\libg_nano.a
LOAD C:/ST/STM32CubeCLT_1.17.0/GNU-tools-for-STM32/bin/../lib/gcc/arm-none-eabi/12.3.1/../../../../arm-none-eabi/lib/thumb/v6-m/nofp\libc_nano.a
END GROUP
START GROUP
LOAD C:/ST/STM32CubeCLT_1.17.0/GNU-tools-for-STM32/bin/../lib/gcc/arm-none-eabi/12.3.1/thumb/v6-m/nofp\libgcc.a
LOAD C:/ST/STM32CubeCLT_1.17.0/GNU-tools-for-STM32/bin/../lib/gcc/arm-none-eabi/12.3.1/../../../../arm-none-eabi/lib/thumb/v6-m/nofp\libc_nano.a
END GROUP
LOAD C:/ST/STM32CubeCLT_1.17.0/GNU-tools-for-STM32/bin/../lib/gcc/arm-none-eabi/12.3.1/thumb/v6-m/nofp/crtend.o
LOAD C:/ST/STM32CubeCLT_1.17.0/GNU-tools-for-STM32/bin/../lib/gcc/arm-none-eabi/12.3.1/thumb/v6-m/nofp/crtn.o
                0x20009000                        _estack = (ORIGIN (RAM) + LENGTH (RAM))
                0x00000400                        _Min_Heap_Size = 0x400
                0x00000400                        _Min_Stack_Size = 0x400

.isr_vector     0x08000000       0xbc
                0x08000000                        . = ALIGN (0x4)
 *(.isr_vector)
 .isr_vector    0x08000000       0xbc CMakeFiles/STM32G071RB_LVGL.dir/Core/gcc/startup_stm32g071rbtx.s.obj
                0x08000000                g_pfnVectors
                0x080000bc                        . = ALIGN (0x4)

.text           0x080000bc    0x1a204
                0x080000bc                        . = ALIGN (0x4)
 *(.text)
 .text          0x080000bc       0x48 C:/ST/STM32CubeCLT_1.17.0/GNU-tools-for-STM32/bin/../lib/gcc/arm-none-eabi/12.3.1/thumb/v6-m/nofp/crtbegin.o
 .text          0x08000104      0x114 C:/ST/STM32CubeCLT_1.17.0/GNU-tools-for-STM32/bin/../lib/gcc/arm-none-eabi/12.3.1/thumb/v6-m/nofp\libgcc.a(_udivsi3.o)
                0x08000104                __aeabi_uidiv
                0x08000104                __udivsi3
                0x08000210                __aeabi_uidivmod
 .text          0x08000218      0x1d4 C:/ST/STM32CubeCLT_1.17.0/GNU-tools-for-STM32/bin/../lib/gcc/arm-none-eabi/12.3.1/thumb/v6-m/nofp\libgcc.a(_divsi3.o)
                0x08000218                __divsi3
                0x08000218                __aeabi_idiv
                0x080003e4                __aeabi_idivmod
 .text          0x080003ec        0x4 C:/ST/STM32CubeCLT_1.17.0/GNU-tools-for-STM32/bin/../lib/gcc/arm-none-eabi/12.3.1/thumb/v6-m/nofp\libgcc.a(_dvmd_tls.o)
                0x080003ec                __aeabi_idiv0
                0x080003ec                __aeabi_ldiv0
 .text          0x080003f0       0x3c C:/ST/STM32CubeCLT_1.17.0/GNU-tools-for-STM32/bin/../lib/gcc/arm-none-eabi/12.3.1/thumb/v6-m/nofp\libgcc.a(_clzsi2.o)
                0x080003f0                __clzsi2
 .text          0x0800042c       0x14 C:/ST/STM32CubeCLT_1.17.0/GNU-tools-for-STM32/bin/../lib/gcc/arm-none-eabi/12.3.1/thumb/v6-m/nofp\libgcc.a(_ffssi2.o)
                0x0800042c                __ffssi2
 .text          0x08000440       0x40 C:/ST/STM32CubeCLT_1.17.0/GNU-tools-for-STM32/bin/../lib/gcc/arm-none-eabi/12.3.1/thumb/v6-m/nofp\libgcc.a(_ctzsi2.o)
                0x08000440                __ctzsi2
 .text          0x08000480       0x14 C:/ST/STM32CubeCLT_1.17.0/GNU-tools-for-STM32/bin/../lib/gcc/arm-none-eabi/12.3.1/../../../../arm-none-eabi/lib/thumb/v6-m/nofp\libg_nano.a(libc_a-strcmp.o)
                0x08000480                strcmp
 .text          0x08000494        0xe C:/ST/STM32CubeCLT_1.17.0/GNU-tools-for-STM32/bin/../lib/gcc/arm-none-eabi/12.3.1/../../../../arm-none-eabi/lib/thumb/v6-m/nofp\libg_nano.a(libc_a-strlen.o)
                0x08000494                strlen
 *(.text*)
 .text.memset   0x080004a2       0x10 C:/ST/STM32CubeCLT_1.17.0/GNU-tools-for-STM32/bin/../lib/gcc/arm-none-eabi/12.3.1/../../../../arm-none-eabi/lib/thumb/v6-m/nofp\libc_nano.a(libc_a-memset.o)
                0x080004a2                memset
 *fill*         0x080004b2        0x2 
 .text.__libc_init_array
                0x080004b4       0x48 C:/ST/STM32CubeCLT_1.17.0/GNU-tools-for-STM32/bin/../lib/gcc/arm-none-eabi/12.3.1/../../../../arm-none-eabi/lib/thumb/v6-m/nofp\libc_nano.a(libc_a-init.o)
                0x080004b4                __libc_init_array
 .text.Reset_Handler
                0x080004fc       0x50 CMakeFiles/STM32G071RB_LVGL.dir/Core/gcc/startup_stm32g071rbtx.s.obj
                0x080004fc                Reset_Handler
 .text.Default_Handler
                0x0800054c        0x2 CMakeFiles/STM32G071RB_LVGL.dir/Core/gcc/startup_stm32g071rbtx.s.obj
                0x0800054c                USART3_4_LPUART1_IRQHandler
                0x0800054c                TIM1_CC_IRQHandler
                0x0800054c                ADC1_COMP_IRQHandler
                0x0800054c                PVD_IRQHandler
                0x0800054c                I2C1_IRQHandler
                0x0800054c                TIM7_LPTIM2_IRQHandler
                0x0800054c                RTC_TAMP_IRQHandler
                0x0800054c                EXTI2_3_IRQHandler
                0x0800054c                I2C2_IRQHandler
                0x0800054c                TIM17_IRQHandler
                0x0800054c                TIM16_IRQHandler
                0x0800054c                TIM3_IRQHandler
                0x0800054c                EXTI4_15_IRQHandler
                0x0800054c                RCC_IRQHandler
                0x0800054c                Default_Handler
                0x0800054c                CEC_IRQHandler
                0x0800054c                TIM14_IRQHandler
                0x0800054c                TIM15_IRQHandler
                0x0800054c                TIM6_DAC_LPTIM1_IRQHandler
                0x0800054c                WWDG_IRQHandler
                0x0800054c                TIM2_IRQHandler
                0x0800054c                UCPD1_2_IRQHandler
                0x0800054c                USART2_IRQHandler
                0x0800054c                FLASH_IRQHandler
                0x0800054c                USART1_IRQHandler
                0x0800054c                TIM1_BRK_UP_TRG_COM_IRQHandler
 *fill*         0x0800054e        0x2 
 .text.SystemClock_Config
                0x08000550       0x80 CMakeFiles/STM32G071RB_LVGL.dir/Core/Src/main.c.obj
                0x08000550                SystemClock_Config
 .text.startup.main
                0x080005d0      0x210 CMakeFiles/STM32G071RB_LVGL.dir/Core/Src/main.c.obj
                0x080005d0                main
 .text.Error_Handler
                0x080007e0        0x4 CMakeFiles/STM32G071RB_LVGL.dir/Core/Src/main.c.obj
                0x080007e0                Error_Handler
 .text.HAL_MspInit
                0x080007e4       0x38 CMakeFiles/STM32G071RB_LVGL.dir/Core/Src/stm32g0xx_hal_msp.c.obj
                0x080007e4                HAL_MspInit
 .text.NMI_Handler
                0x0800081c        0x4 CMakeFiles/STM32G071RB_LVGL.dir/Core/Src/stm32g0xx_it.c.obj
                0x0800081c                NMI_Handler
 .text.HardFault_Handler
                0x08000820        0x4 CMakeFiles/STM32G071RB_LVGL.dir/Core/Src/stm32g0xx_it.c.obj
                0x08000820                HardFault_Handler
 .text.SVC_Handler
                0x08000824        0x4 CMakeFiles/STM32G071RB_LVGL.dir/Core/Src/stm32g0xx_it.c.obj
                0x08000824                SVC_Handler
 .text.PendSV_Handler
                0x08000828        0x4 CMakeFiles/STM32G071RB_LVGL.dir/Core/Src/stm32g0xx_it.c.obj
                0x08000828                PendSV_Handler
 .text.SysTick_Handler
                0x0800082c       0x10 CMakeFiles/STM32G071RB_LVGL.dir/Core/Src/stm32g0xx_it.c.obj
                0x0800082c                SysTick_Handler
 .text.EXTI0_1_IRQHandler
                0x0800083c       0x10 CMakeFiles/STM32G071RB_LVGL.dir/Core/Src/stm32g0xx_it.c.obj
                0x0800083c                EXTI0_1_IRQHandler
 .text.DMA1_Channel1_IRQHandler
                0x0800084c       0x10 CMakeFiles/STM32G071RB_LVGL.dir/Core/Src/stm32g0xx_it.c.obj
                0x0800084c                DMA1_Channel1_IRQHandler
 .text.DMA1_Channel2_3_IRQHandler
                0x0800085c       0x18 CMakeFiles/STM32G071RB_LVGL.dir/Core/Src/stm32g0xx_it.c.obj
                0x0800085c                DMA1_Channel2_3_IRQHandler
 .text.DMA1_Ch4_7_DMAMUX1_OVR_IRQHandler
                0x08000874       0x10 CMakeFiles/STM32G071RB_LVGL.dir/Core/Src/stm32g0xx_it.c.obj
                0x08000874                DMA1_Ch4_7_DMAMUX1_OVR_IRQHandler
 .text.SPI1_IRQHandler
                0x08000884       0x10 CMakeFiles/STM32G071RB_LVGL.dir/Core/Src/stm32g0xx_it.c.obj
                0x08000884                SPI1_IRQHandler
 .text.SPI2_IRQHandler
                0x08000894       0x10 CMakeFiles/STM32G071RB_LVGL.dir/Core/Src/stm32g0xx_it.c.obj
                0x08000894                SPI2_IRQHandler
 .text.SPI1_MspDeInit
                0x080008a4       0x48 CMakeFiles/STM32G071RB_LVGL.dir/Core/Src/stm32g0xx_nucleo_bus.c.obj
 .text.SPI2_MspDeInit
                0x080008ec       0x50 CMakeFiles/STM32G071RB_LVGL.dir/Core/Src/stm32g0xx_nucleo_bus.c.obj
 .text.SPI1_MspInit
                0x0800093c      0x10c CMakeFiles/STM32G071RB_LVGL.dir/Core/Src/stm32g0xx_nucleo_bus.c.obj
 .text.SPI2_MspInit
                0x08000a48      0x124 CMakeFiles/STM32G071RB_LVGL.dir/Core/Src/stm32g0xx_nucleo_bus.c.obj
 .text.BSP_SPI1_DeInit
                0x08000b6c       0x2c CMakeFiles/STM32G071RB_LVGL.dir/Core/Src/stm32g0xx_nucleo_bus.c.obj
                0x08000b6c                BSP_SPI1_DeInit
 .text.BSP_SPI1_Send
                0x08000b98       0x24 CMakeFiles/STM32G071RB_LVGL.dir/Core/Src/stm32g0xx_nucleo_bus.c.obj
                0x08000b98                BSP_SPI1_Send
 .text.BSP_SPI1_Recv
                0x08000bbc       0x24 CMakeFiles/STM32G071RB_LVGL.dir/Core/Src/stm32g0xx_nucleo_bus.c.obj
                0x08000bbc                BSP_SPI1_Recv
 .text.BSP_SPI1_Send_DMA
                0x08000be0       0x20 CMakeFiles/STM32G071RB_LVGL.dir/Core/Src/stm32g0xx_nucleo_bus.c.obj
                0x08000be0                BSP_SPI1_Send_DMA
 .text.BSP_SPI2_DeInit
                0x08000c00       0x2c CMakeFiles/STM32G071RB_LVGL.dir/Core/Src/stm32g0xx_nucleo_bus.c.obj
                0x08000c00                BSP_SPI2_DeInit
 .text.BSP_SPI2_Send
                0x08000c2c       0x24 CMakeFiles/STM32G071RB_LVGL.dir/Core/Src/stm32g0xx_nucleo_bus.c.obj
                0x08000c2c                BSP_SPI2_Send
 .text.BSP_SPI2_Recv
                0x08000c50       0x24 CMakeFiles/STM32G071RB_LVGL.dir/Core/Src/stm32g0xx_nucleo_bus.c.obj
                0x08000c50                BSP_SPI2_Recv
 .text.BSP_SPI2_Recv_DMA
                0x08000c74       0x20 CMakeFiles/STM32G071RB_LVGL.dir/Core/Src/stm32g0xx_nucleo_bus.c.obj
                0x08000c74                BSP_SPI2_Recv_DMA
 .text.MX_SPI1_Init
                0x08000c94       0x44 CMakeFiles/STM32G071RB_LVGL.dir/Core/Src/stm32g0xx_nucleo_bus.c.obj
                0x08000c94                MX_SPI1_Init
 .text.BSP_SPI1_Init
                0x08000cd8       0x84 CMakeFiles/STM32G071RB_LVGL.dir/Core/Src/stm32g0xx_nucleo_bus.c.obj
                0x08000cd8                BSP_SPI1_Init
 .text.MX_SPI2_Init
                0x08000d5c       0x44 CMakeFiles/STM32G071RB_LVGL.dir/Core/Src/stm32g0xx_nucleo_bus.c.obj
                0x08000d5c                MX_SPI2_Init
 .text.BSP_SPI2_Init
                0x08000da0       0x84 CMakeFiles/STM32G071RB_LVGL.dir/Core/Src/stm32g0xx_nucleo_bus.c.obj
                0x08000da0                BSP_SPI2_Init
 .text.SystemInit
                0x08000e24        0x4 CMakeFiles/STM32G071RB_LVGL.dir/Core/Src/system_stm32g0xx.c.obj
                0x08000e24                SystemInit
 .text.HAL_InitTick
                0x08000e28       0x4c CMakeFiles/STM32G071RB_LVGL.dir/Drivers/STM32G0xx_HAL_Driver/Src/stm32g0xx_hal.c.obj
                0x08000e28                HAL_InitTick
 .text.HAL_Init
                0x08000e74       0x28 CMakeFiles/STM32G071RB_LVGL.dir/Drivers/STM32G0xx_HAL_Driver/Src/stm32g0xx_hal.c.obj
                0x08000e74                HAL_Init
 .text.HAL_IncTick
                0x08000e9c       0x18 CMakeFiles/STM32G071RB_LVGL.dir/Drivers/STM32G0xx_HAL_Driver/Src/stm32g0xx_hal.c.obj
                0x08000e9c                HAL_IncTick
 .text.HAL_GetTick
                0x08000eb4        0xc CMakeFiles/STM32G071RB_LVGL.dir/Drivers/STM32G0xx_HAL_Driver/Src/stm32g0xx_hal.c.obj
                0x08000eb4                HAL_GetTick
 .text.HAL_Delay
                0x08000ec0       0x24 CMakeFiles/STM32G071RB_LVGL.dir/Drivers/STM32G0xx_HAL_Driver/Src/stm32g0xx_hal.c.obj
                0x08000ec0                HAL_Delay
 .text.HAL_SYSCFG_StrobeDBattpinsConfig
                0x08000ee4       0x18 CMakeFiles/STM32G071RB_LVGL.dir/Drivers/STM32G0xx_HAL_Driver/Src/stm32g0xx_hal.c.obj
                0x08000ee4                HAL_SYSCFG_StrobeDBattpinsConfig
 .text.HAL_NVIC_SetPriority
                0x08000efc       0x54 CMakeFiles/STM32G071RB_LVGL.dir/Drivers/STM32G0xx_HAL_Driver/Src/stm32g0xx_hal_cortex.c.obj
                0x08000efc                HAL_NVIC_SetPriority
 .text.HAL_NVIC_EnableIRQ
                0x08000f50       0x18 CMakeFiles/STM32G071RB_LVGL.dir/Drivers/STM32G0xx_HAL_Driver/Src/stm32g0xx_hal_cortex.c.obj
                0x08000f50                HAL_NVIC_EnableIRQ
 .text.HAL_NVIC_DisableIRQ
                0x08000f68       0x20 CMakeFiles/STM32G071RB_LVGL.dir/Drivers/STM32G0xx_HAL_Driver/Src/stm32g0xx_hal_cortex.c.obj
                0x08000f68                HAL_NVIC_DisableIRQ
 .text.HAL_SYSTICK_Config
                0x08000f88       0x34 CMakeFiles/STM32G071RB_LVGL.dir/Drivers/STM32G0xx_HAL_Driver/Src/stm32g0xx_hal_cortex.c.obj
                0x08000f88                HAL_SYSTICK_Config
 .text.HAL_DMA_Init
                0x08000fbc       0xec CMakeFiles/STM32G071RB_LVGL.dir/Drivers/STM32G0xx_HAL_Driver/Src/stm32g0xx_hal_dma.c.obj
                0x08000fbc                HAL_DMA_Init
 .text.HAL_DMA_DeInit
                0x080010a8       0xcc CMakeFiles/STM32G071RB_LVGL.dir/Drivers/STM32G0xx_HAL_Driver/Src/stm32g0xx_hal_dma.c.obj
                0x080010a8                HAL_DMA_DeInit
 .text.HAL_DMA_Start_IT
                0x08001174       0xd0 CMakeFiles/STM32G071RB_LVGL.dir/Drivers/STM32G0xx_HAL_Driver/Src/stm32g0xx_hal_dma.c.obj
                0x08001174                HAL_DMA_Start_IT
 .text.HAL_DMA_Abort_IT
                0x08001244       0x78 CMakeFiles/STM32G071RB_LVGL.dir/Drivers/STM32G0xx_HAL_Driver/Src/stm32g0xx_hal_dma.c.obj
                0x08001244                HAL_DMA_Abort_IT
 .text.HAL_DMA_IRQHandler
                0x080012bc       0xb8 CMakeFiles/STM32G071RB_LVGL.dir/Drivers/STM32G0xx_HAL_Driver/Src/stm32g0xx_hal_dma.c.obj
                0x080012bc                HAL_DMA_IRQHandler
 .text.HAL_EXTI_RegisterCallback
                0x08001374       0x28 CMakeFiles/STM32G071RB_LVGL.dir/Drivers/STM32G0xx_HAL_Driver/Src/stm32g0xx_hal_exti.c.obj
                0x08001374                HAL_EXTI_RegisterCallback
 .text.HAL_EXTI_GetHandle
                0x0800139c       0x10 CMakeFiles/STM32G071RB_LVGL.dir/Drivers/STM32G0xx_HAL_Driver/Src/stm32g0xx_hal_exti.c.obj
                0x0800139c                HAL_EXTI_GetHandle
 .text.HAL_EXTI_IRQHandler
                0x080013ac       0x4c CMakeFiles/STM32G071RB_LVGL.dir/Drivers/STM32G0xx_HAL_Driver/Src/stm32g0xx_hal_exti.c.obj
                0x080013ac                HAL_EXTI_IRQHandler
 .text.HAL_EXTI_ClearPending
                0x080013f8       0x34 CMakeFiles/STM32G071RB_LVGL.dir/Drivers/STM32G0xx_HAL_Driver/Src/stm32g0xx_hal_exti.c.obj
                0x080013f8                HAL_EXTI_ClearPending
 .text.HAL_GPIO_Init
                0x0800142c      0x1e0 CMakeFiles/STM32G071RB_LVGL.dir/Drivers/STM32G0xx_HAL_Driver/Src/stm32g0xx_hal_gpio.c.obj
                0x0800142c                HAL_GPIO_Init
 .text.HAL_GPIO_DeInit
                0x0800160c      0x118 CMakeFiles/STM32G071RB_LVGL.dir/Drivers/STM32G0xx_HAL_Driver/Src/stm32g0xx_hal_gpio.c.obj
                0x0800160c                HAL_GPIO_DeInit
 .text.HAL_GPIO_ReadPin
                0x08001724        0xc CMakeFiles/STM32G071RB_LVGL.dir/Drivers/STM32G0xx_HAL_Driver/Src/stm32g0xx_hal_gpio.c.obj
                0x08001724                HAL_GPIO_ReadPin
 .text.HAL_GPIO_WritePin
                0x08001730        0xc CMakeFiles/STM32G071RB_LVGL.dir/Drivers/STM32G0xx_HAL_Driver/Src/stm32g0xx_hal_gpio.c.obj
                0x08001730                HAL_GPIO_WritePin
 .text.HAL_PWREx_ControlVoltageScaling
                0x0800173c       0x60 CMakeFiles/STM32G071RB_LVGL.dir/Drivers/STM32G0xx_HAL_Driver/Src/stm32g0xx_hal_pwr_ex.c.obj
                0x0800173c                HAL_PWREx_ControlVoltageScaling
 .text.HAL_RCC_OscConfig
                0x0800179c      0x4d8 CMakeFiles/STM32G071RB_LVGL.dir/Drivers/STM32G0xx_HAL_Driver/Src/stm32g0xx_hal_rcc.c.obj
                0x0800179c                HAL_RCC_OscConfig
 .text.HAL_RCC_GetSysClockFreq
                0x08001c74       0x9c CMakeFiles/STM32G071RB_LVGL.dir/Drivers/STM32G0xx_HAL_Driver/Src/stm32g0xx_hal_rcc.c.obj
                0x08001c74                HAL_RCC_GetSysClockFreq
 .text.HAL_RCC_ClockConfig
                0x08001d10      0x190 CMakeFiles/STM32G071RB_LVGL.dir/Drivers/STM32G0xx_HAL_Driver/Src/stm32g0xx_hal_rcc.c.obj
                0x08001d10                HAL_RCC_ClockConfig
 .text.HAL_SPI_MspInit
                0x08001ea0        0x4 CMakeFiles/STM32G071RB_LVGL.dir/Drivers/STM32G0xx_HAL_Driver/Src/stm32g0xx_hal_spi.c.obj
                0x08001ea0                HAL_SPI_MspInit
 .text.SPI_DMAHalfTransmitCplt
                0x08001ea4        0xc CMakeFiles/STM32G071RB_LVGL.dir/Drivers/STM32G0xx_HAL_Driver/Src/stm32g0xx_hal_spi.c.obj
 .text.SPI_DMAHalfReceiveCplt
                0x08001eb0        0xc CMakeFiles/STM32G071RB_LVGL.dir/Drivers/STM32G0xx_HAL_Driver/Src/stm32g0xx_hal_spi.c.obj
 .text.SPI_DMAHalfTransmitReceiveCplt
                0x08001ebc        0xc CMakeFiles/STM32G071RB_LVGL.dir/Drivers/STM32G0xx_HAL_Driver/Src/stm32g0xx_hal_spi.c.obj
 .text.SPI_DMAError
                0x08001ec8       0x24 CMakeFiles/STM32G071RB_LVGL.dir/Drivers/STM32G0xx_HAL_Driver/Src/stm32g0xx_hal_spi.c.obj
 .text.SPI_DMAAbortOnError
                0x08001eec       0x14 CMakeFiles/STM32G071RB_LVGL.dir/Drivers/STM32G0xx_HAL_Driver/Src/stm32g0xx_hal_spi.c.obj
 .text.SPI_WaitFifoStateUntilTimeout.constprop.0
                0x08001f00      0x108 CMakeFiles/STM32G071RB_LVGL.dir/Drivers/STM32G0xx_HAL_Driver/Src/stm32g0xx_hal_spi.c.obj
 .text.SPI_EndRxTxTransaction
                0x08002008      0x164 CMakeFiles/STM32G071RB_LVGL.dir/Drivers/STM32G0xx_HAL_Driver/Src/stm32g0xx_hal_spi.c.obj
 .text.HAL_SPI_AbortCpltCallback
                0x0800216c        0x4 CMakeFiles/STM32G071RB_LVGL.dir/Drivers/STM32G0xx_HAL_Driver/Src/stm32g0xx_hal_spi.c.obj
                0x0800216c                HAL_SPI_AbortCpltCallback
 .text.HAL_SPI_MspDeInit
                0x08002170        0x4 CMakeFiles/STM32G071RB_LVGL.dir/Drivers/STM32G0xx_HAL_Driver/Src/stm32g0xx_hal_spi.c.obj
                0x08002170                HAL_SPI_MspDeInit
 .text.HAL_SPI_TxCpltCallback
                0x08002174        0x4 CMakeFiles/STM32G071RB_LVGL.dir/Drivers/STM32G0xx_HAL_Driver/Src/stm32g0xx_hal_spi.c.obj
                0x08002174                HAL_SPI_TxCpltCallback
 .text.HAL_SPI_RxCpltCallback
                0x08002178        0x4 CMakeFiles/STM32G071RB_LVGL.dir/Drivers/STM32G0xx_HAL_Driver/Src/stm32g0xx_hal_spi.c.obj
                0x08002178                HAL_SPI_RxCpltCallback
 .text.HAL_SPI_TxRxCpltCallback
                0x0800217c        0x4 CMakeFiles/STM32G071RB_LVGL.dir/Drivers/STM32G0xx_HAL_Driver/Src/stm32g0xx_hal_spi.c.obj
                0x0800217c                HAL_SPI_TxRxCpltCallback
 .text.HAL_SPI_TxHalfCpltCallback
                0x08002180        0x4 CMakeFiles/STM32G071RB_LVGL.dir/Drivers/STM32G0xx_HAL_Driver/Src/stm32g0xx_hal_spi.c.obj
                0x08002180                HAL_SPI_TxHalfCpltCallback
 .text.HAL_SPI_RxHalfCpltCallback
                0x08002184        0x4 CMakeFiles/STM32G071RB_LVGL.dir/Drivers/STM32G0xx_HAL_Driver/Src/stm32g0xx_hal_spi.c.obj
                0x08002184                HAL_SPI_RxHalfCpltCallback
 .text.HAL_SPI_TxRxHalfCpltCallback
                0x08002188        0x4 CMakeFiles/STM32G071RB_LVGL.dir/Drivers/STM32G0xx_HAL_Driver/Src/stm32g0xx_hal_spi.c.obj
                0x08002188                HAL_SPI_TxRxHalfCpltCallback
 .text.HAL_SPI_ErrorCallback
                0x0800218c        0x4 CMakeFiles/STM32G071RB_LVGL.dir/Drivers/STM32G0xx_HAL_Driver/Src/stm32g0xx_hal_spi.c.obj
                0x0800218c                HAL_SPI_ErrorCallback
 .text.SPI_WaitFlagStateUntilTimeout.constprop.0
                0x08002190       0xb8 CMakeFiles/STM32G071RB_LVGL.dir/Drivers/STM32G0xx_HAL_Driver/Src/stm32g0xx_hal_spi.c.obj
 .text.SPI_EndRxTxTransaction.constprop.0
                0x08002248       0xfc CMakeFiles/STM32G071RB_LVGL.dir/Drivers/STM32G0xx_HAL_Driver/Src/stm32g0xx_hal_spi.c.obj
 .text.SPI_DMATransmitCplt
                0x08002344       0x70 CMakeFiles/STM32G071RB_LVGL.dir/Drivers/STM32G0xx_HAL_Driver/Src/stm32g0xx_hal_spi.c.obj
 .text.SPI_DMATransmitReceiveCplt
                0x080023b4       0x5c CMakeFiles/STM32G071RB_LVGL.dir/Drivers/STM32G0xx_HAL_Driver/Src/stm32g0xx_hal_spi.c.obj
 .text.SPI_DMAReceiveCplt
                0x08002410      0x184 CMakeFiles/STM32G071RB_LVGL.dir/Drivers/STM32G0xx_HAL_Driver/Src/stm32g0xx_hal_spi.c.obj
 .text.HAL_SPI_Init
                0x08002594      0x194 CMakeFiles/STM32G071RB_LVGL.dir/Drivers/STM32G0xx_HAL_Driver/Src/stm32g0xx_hal_spi.c.obj
                0x08002594                HAL_SPI_Init
 .text.HAL_SPI_DeInit
                0x08002728       0x40 CMakeFiles/STM32G071RB_LVGL.dir/Drivers/STM32G0xx_HAL_Driver/Src/stm32g0xx_hal_spi.c.obj
                0x08002728                HAL_SPI_DeInit
 .text.HAL_SPI_RegisterCallback
                0x08002768       0xa0 CMakeFiles/STM32G071RB_LVGL.dir/Drivers/STM32G0xx_HAL_Driver/Src/stm32g0xx_hal_spi.c.obj
                0x08002768                HAL_SPI_RegisterCallback
 .text.HAL_SPI_Transmit
                0x08002808      0x200 CMakeFiles/STM32G071RB_LVGL.dir/Drivers/STM32G0xx_HAL_Driver/Src/stm32g0xx_hal_spi.c.obj
                0x08002808                HAL_SPI_Transmit
 .text.HAL_SPI_TransmitReceive
                0x08002a08      0x28c CMakeFiles/STM32G071RB_LVGL.dir/Drivers/STM32G0xx_HAL_Driver/Src/stm32g0xx_hal_spi.c.obj
                0x08002a08                HAL_SPI_TransmitReceive
 .text.HAL_SPI_Receive
                0x08002c94      0x348 CMakeFiles/STM32G071RB_LVGL.dir/Drivers/STM32G0xx_HAL_Driver/Src/stm32g0xx_hal_spi.c.obj
                0x08002c94                HAL_SPI_Receive
 .text.HAL_SPI_Transmit_DMA
                0x08002fdc      0x110 CMakeFiles/STM32G071RB_LVGL.dir/Drivers/STM32G0xx_HAL_Driver/Src/stm32g0xx_hal_spi.c.obj
                0x08002fdc                HAL_SPI_Transmit_DMA
 .text.HAL_SPI_TransmitReceive_DMA
                0x080030ec      0x1c0 CMakeFiles/STM32G071RB_LVGL.dir/Drivers/STM32G0xx_HAL_Driver/Src/stm32g0xx_hal_spi.c.obj
                0x080030ec                HAL_SPI_TransmitReceive_DMA
 .text.HAL_SPI_Receive_DMA
                0x080032ac      0x168 CMakeFiles/STM32G071RB_LVGL.dir/Drivers/STM32G0xx_HAL_Driver/Src/stm32g0xx_hal_spi.c.obj
                0x080032ac                HAL_SPI_Receive_DMA
 .text.HAL_SPI_IRQHandler
                0x08003414      0x108 CMakeFiles/STM32G071RB_LVGL.dir/Drivers/STM32G0xx_HAL_Driver/Src/stm32g0xx_hal_spi.c.obj
                0x08003414                HAL_SPI_IRQHandler
 .text.HAL_SPI_GetState
                0x0800351c        0x8 CMakeFiles/STM32G071RB_LVGL.dir/Drivers/STM32G0xx_HAL_Driver/Src/stm32g0xx_hal_spi.c.obj
                0x0800351c                HAL_SPI_GetState
 .text.BSP_KEY_Init
                0x08003524       0x10 CMakeFiles/STM32G071RB_LVGL.dir/Drivers/BSP/key/key_io.c.obj
                0x08003524                BSP_KEY_Init
 .text.BSP_KEY_GetState
                0x08003534       0xf0 CMakeFiles/STM32G071RB_LVGL.dir/Drivers/BSP/key/key_io.c.obj
                0x08003534                BSP_KEY_GetState
 .text.LCD_IO_ReadReg
                0x08003624        0x8 CMakeFiles/STM32G071RB_LVGL.dir/Drivers/BSP/lcd/lcd_io.c.obj
 .text.LCD_IO_Delay
                0x0800362c        0xc CMakeFiles/STM32G071RB_LVGL.dir/Drivers/BSP/lcd/lcd_io.c.obj
 .text.LCD_IO_GetTick
                0x08003638        0x8 CMakeFiles/STM32G071RB_LVGL.dir/Drivers/BSP/lcd/lcd_io.c.obj
 .text.LCD_IO_SendData
                0x08003640       0x18 CMakeFiles/STM32G071RB_LVGL.dir/Drivers/BSP/lcd/lcd_io.c.obj
 .text.LCD_IO_WriteReg
                0x08003658       0x24 CMakeFiles/STM32G071RB_LVGL.dir/Drivers/BSP/lcd/lcd_io.c.obj
 .text.LCD_IO_RecvData
                0x0800367c       0x48 CMakeFiles/STM32G071RB_LVGL.dir/Drivers/BSP/lcd/lcd_io.c.obj
 .text.LCD_IO_SendDataDMA
                0x080036c4       0x14 CMakeFiles/STM32G071RB_LVGL.dir/Drivers/BSP/lcd/lcd_io.c.obj
 .text.LCD_IO_DeInit
                0x080036d8        0x8 CMakeFiles/STM32G071RB_LVGL.dir/Drivers/BSP/lcd/lcd_io.c.obj
 .text.LCD_IO_Init
                0x080036e0       0x78 CMakeFiles/STM32G071RB_LVGL.dir/Drivers/BSP/lcd/lcd_io.c.obj
 .text.LCD_IO_RecvDataDMA
                0x08003758        0x8 CMakeFiles/STM32G071RB_LVGL.dir/Drivers/BSP/lcd/lcd_io.c.obj
 .text.BSP_LCD_Init
                0x08003760      0x140 CMakeFiles/STM32G071RB_LVGL.dir/Drivers/BSP/lcd/lcd_io.c.obj
                0x08003760                BSP_LCD_Init
 .text.BSP_LCD_DisplayOn
                0x080038a0       0x44 CMakeFiles/STM32G071RB_LVGL.dir/Drivers/BSP/lcd/lcd_io.c.obj
                0x080038a0                BSP_LCD_DisplayOn
 .text.BSP_LCD_FillRGBRect
                0x080038e4       0xd8 CMakeFiles/STM32G071RB_LVGL.dir/Drivers/BSP/lcd/lcd_io.c.obj
                0x080038e4                BSP_LCD_FillRGBRect
 .text.BSP_LCD_WaitForTransferToBeDone
                0x080039bc       0x10 CMakeFiles/STM32G071RB_LVGL.dir/Drivers/BSP/lcd/lcd_io.c.obj
                0x080039bc                BSP_LCD_WaitForTransferToBeDone
 .text.BSP_LCD_SignalTransferDone
                0x080039cc        0x4 CMakeFiles/STM32G071RB_LVGL.dir/Drivers/BSP/lcd/lcd_io.c.obj
                0x080039cc                BSP_LCD_SignalTransferDone
 .text.SPI_TxCpltCallback
                0x080039d0       0x30 CMakeFiles/STM32G071RB_LVGL.dir/Drivers/BSP/lcd/lcd_io.c.obj
 .text.BSP_LCD_SignalTearingEffectEvent
                0x08003a00        0x4 CMakeFiles/STM32G071RB_LVGL.dir/Drivers/BSP/lcd/lcd_io.c.obj
                0x08003a00                BSP_LCD_SignalTearingEffectEvent
 .text.LCD_TEFallingCallback
                0x08003a04       0x1c CMakeFiles/STM32G071RB_LVGL.dir/Drivers/BSP/lcd/lcd_io.c.obj
 .text.LCD_TERisingCallback
                0x08003a20       0x1c CMakeFiles/STM32G071RB_LVGL.dir/Drivers/BSP/lcd/lcd_io.c.obj
 .text.LCD_OS_Initialize
                0x08003a3c       0x10 CMakeFiles/STM32G071RB_LVGL.dir/Drivers/BSP/lcd/lcd_os.c.obj
                0x08003a3c                LCD_OS_Initialize
 .text.LCD_OS_Unlock
                0x08003a4c       0x10 CMakeFiles/STM32G071RB_LVGL.dir/Drivers/BSP/lcd/lcd_os.c.obj
                0x08003a4c                LCD_OS_Unlock
 .text.LCD_OS_UnlockFromISR
                0x08003a5c       0x10 CMakeFiles/STM32G071RB_LVGL.dir/Drivers/BSP/lcd/lcd_os.c.obj
                0x08003a5c                LCD_OS_UnlockFromISR
 .text.LCD_OS_TryLock
                0x08003a6c       0x3c CMakeFiles/STM32G071RB_LVGL.dir/Drivers/BSP/lcd/lcd_os.c.obj
                0x08003a6c                LCD_OS_TryLock
 .text.LCD_OS_WaitForTransferToBeDone
                0x08003aa8       0x10 CMakeFiles/STM32G071RB_LVGL.dir/Drivers/BSP/lcd/lcd_os.c.obj
                0x08003aa8                LCD_OS_WaitForTransferToBeDone
 .text.st7789v_write_reg
                0x08003ab8        0xc CMakeFiles/STM32G071RB_LVGL.dir/Drivers/BSP/lcd/st7789v_reg.c.obj
                0x08003ab8                st7789v_write_reg
 .text.st7789v_send_data
                0x08003ac4        0xc CMakeFiles/STM32G071RB_LVGL.dir/Drivers/BSP/lcd/st7789v_reg.c.obj
                0x08003ac4                st7789v_send_data
 .text.st7789v_recv_data
                0x08003ad0        0xc CMakeFiles/STM32G071RB_LVGL.dir/Drivers/BSP/lcd/st7789v_reg.c.obj
                0x08003ad0                st7789v_recv_data
 .text.ST7789V_DeInit
                0x08003adc        0x8 CMakeFiles/STM32G071RB_LVGL.dir/Drivers/BSP/lcd/st7789v.c.obj
                0x08003adc                ST7789V_DeInit
 .text.ST7789V_GetOrientation
                0x08003ae4       0x10 CMakeFiles/STM32G071RB_LVGL.dir/Drivers/BSP/lcd/st7789v.c.obj
                0x08003ae4                ST7789V_GetOrientation
 .text.ST7789V_GetXSize
                0x08003af4       0x10 CMakeFiles/STM32G071RB_LVGL.dir/Drivers/BSP/lcd/st7789v.c.obj
                0x08003af4                ST7789V_GetXSize
 .text.ST7789V_GetYSize
                0x08003b04       0x10 CMakeFiles/STM32G071RB_LVGL.dir/Drivers/BSP/lcd/st7789v.c.obj
                0x08003b04                ST7789V_GetYSize
 .text.ST7789V_ReadRegWrap
                0x08003b14       0x10 CMakeFiles/STM32G071RB_LVGL.dir/Drivers/BSP/lcd/st7789v.c.obj
 .text.ST7789V_WriteRegWrap
                0x08003b24       0x10 CMakeFiles/STM32G071RB_LVGL.dir/Drivers/BSP/lcd/st7789v.c.obj
 .text.ST7789V_SendDataWrap
                0x08003b34       0x10 CMakeFiles/STM32G071RB_LVGL.dir/Drivers/BSP/lcd/st7789v.c.obj
 .text.ST7789V_SendDataDMAWrap
                0x08003b44       0x10 CMakeFiles/STM32G071RB_LVGL.dir/Drivers/BSP/lcd/st7789v.c.obj
 .text.ST7789V_RecvDataWrap
                0x08003b54       0x10 CMakeFiles/STM32G071RB_LVGL.dir/Drivers/BSP/lcd/st7789v.c.obj
 .text.ST7789V_RecvDataDMAWrap
                0x08003b64       0x10 CMakeFiles/STM32G071RB_LVGL.dir/Drivers/BSP/lcd/st7789v.c.obj
 .text.ST7789V_DisplayOn
                0x08003b74       0x18 CMakeFiles/STM32G071RB_LVGL.dir/Drivers/BSP/lcd/st7789v.c.obj
                0x08003b74                ST7789V_DisplayOn
 .text.ST7789V_DisplayOff
                0x08003b8c       0x18 CMakeFiles/STM32G071RB_LVGL.dir/Drivers/BSP/lcd/st7789v.c.obj
                0x08003b8c                ST7789V_DisplayOff
 .text.ST7789V_SetOrientation
                0x08003ba4       0x78 CMakeFiles/STM32G071RB_LVGL.dir/Drivers/BSP/lcd/st7789v.c.obj
                0x08003ba4                ST7789V_SetOrientation
 .text.ST7789V_SetDisplayWindow
                0x08003c1c       0xb4 CMakeFiles/STM32G071RB_LVGL.dir/Drivers/BSP/lcd/st7789v.c.obj
                0x08003c1c                ST7789V_SetDisplayWindow
 .text.ST7789V_ReadID
                0x08003cd0       0x90 CMakeFiles/STM32G071RB_LVGL.dir/Drivers/BSP/lcd/st7789v.c.obj
                0x08003cd0                ST7789V_ReadID
 .text.ST7789V_Init
                0x08003d60      0x424 CMakeFiles/STM32G071RB_LVGL.dir/Drivers/BSP/lcd/st7789v.c.obj
                0x08003d60                ST7789V_Init
 .text.ST7789V_RegisterBusIO
                0x08004184       0x80 CMakeFiles/STM32G071RB_LVGL.dir/Drivers/BSP/lcd/st7789v.c.obj
                0x08004184                ST7789V_RegisterBusIO
 .text.MEM_IO_SendData
                0x08004204        0x8 CMakeFiles/STM32G071RB_LVGL.dir/Drivers/BSP/mem/mem_io.c.obj
 .text.MEM_IO_RecvDataDMA
                0x0800420c       0x38 CMakeFiles/STM32G071RB_LVGL.dir/Drivers/BSP/mem/mem_io.c.obj
 .text.MEM_IO_RecvData
                0x08004244       0x44 CMakeFiles/STM32G071RB_LVGL.dir/Drivers/BSP/mem/mem_io.c.obj
 .text.MEM_IO_DeInit
                0x08004288        0x8 CMakeFiles/STM32G071RB_LVGL.dir/Drivers/BSP/mem/mem_io.c.obj
 .text.MEM_IO_Init
                0x08004290       0xa4 CMakeFiles/STM32G071RB_LVGL.dir/Drivers/BSP/mem/mem_io.c.obj
 .text.MEM_IO_SendDataDMA
                0x08004334        0x8 CMakeFiles/STM32G071RB_LVGL.dir/Drivers/BSP/mem/mem_io.c.obj
 .text.BSP_MEM_Init
                0x0800433c       0x78 CMakeFiles/STM32G071RB_LVGL.dir/Drivers/BSP/mem/mem_io.c.obj
                0x0800433c                BSP_MEM_Init
 .text.BSP_MEM_SignalTransferDone
                0x080043b4        0x4 CMakeFiles/STM32G071RB_LVGL.dir/Drivers/BSP/mem/mem_io.c.obj
                0x080043b4                BSP_MEM_SignalTransferDone
 .text.SPI_RxCpltCallback
                0x080043b8       0x28 CMakeFiles/STM32G071RB_LVGL.dir/Drivers/BSP/mem/mem_io.c.obj
 .text.MEM_OS_Initialize
                0x080043e0       0x10 CMakeFiles/STM32G071RB_LVGL.dir/Drivers/BSP/mem/mem_os.c.obj
                0x080043e0                MEM_OS_Initialize
 .text.MEM_OS_UnlockFromISR
                0x080043f0       0x10 CMakeFiles/STM32G071RB_LVGL.dir/Drivers/BSP/mem/mem_os.c.obj
                0x080043f0                MEM_OS_UnlockFromISR
 .text.MX25L6433F_Init
                0x08004400       0x1c CMakeFiles/STM32G071RB_LVGL.dir/Drivers/BSP/mem/mx25l6433f.c.obj
                0x08004400                MX25L6433F_Init
 .text.MX25L6433F_DeInit
                0x0800441c        0x8 CMakeFiles/STM32G071RB_LVGL.dir/Drivers/BSP/mem/mx25l6433f.c.obj
                0x0800441c                MX25L6433F_DeInit
 .text.MX25L6433F_GetFlashInfo
                0x08004424       0x30 CMakeFiles/STM32G071RB_LVGL.dir/Drivers/BSP/mem/mx25l6433f.c.obj
                0x08004424                MX25L6433F_GetFlashInfo
 .text.MX25L6433F_Read
                0x08004454       0x1c CMakeFiles/STM32G071RB_LVGL.dir/Drivers/BSP/mem/mx25l6433f.c.obj
                0x08004454                MX25L6433F_Read
 .text.MX25L6433F_ReadDMA
                0x08004470       0x1c CMakeFiles/STM32G071RB_LVGL.dir/Drivers/BSP/mem/mx25l6433f.c.obj
                0x08004470                MX25L6433F_ReadDMA
 .text.MX25L6433F_PageProgram
                0x0800448c       0x1c CMakeFiles/STM32G071RB_LVGL.dir/Drivers/BSP/mem/mx25l6433f.c.obj
                0x0800448c                MX25L6433F_PageProgram
 .text.MX25L6433F_PageProgramDMA
                0x080044a8       0x1c CMakeFiles/STM32G071RB_LVGL.dir/Drivers/BSP/mem/mx25l6433f.c.obj
                0x080044a8                MX25L6433F_PageProgramDMA
 .text.MX25L6433F_BlockErase
                0x080044c4        0x8 CMakeFiles/STM32G071RB_LVGL.dir/Drivers/BSP/mem/mx25l6433f.c.obj
                0x080044c4                MX25L6433F_BlockErase
 .text.MX25L6433F_ChipErase
                0x080044cc        0x8 CMakeFiles/STM32G071RB_LVGL.dir/Drivers/BSP/mem/mx25l6433f.c.obj
                0x080044cc                MX25L6433F_ChipErase
 .text.MX25L6433F_ReadID
                0x080044d4        0x8 CMakeFiles/STM32G071RB_LVGL.dir/Drivers/BSP/mem/mx25l6433f.c.obj
                0x080044d4                MX25L6433F_ReadID
 .text.MX25L6433F_ResetEnable
                0x080044dc        0x8 CMakeFiles/STM32G071RB_LVGL.dir/Drivers/BSP/mem/mx25l6433f.c.obj
                0x080044dc                MX25L6433F_ResetEnable
 .text.MX25L6433F_ResetMemory
                0x080044e4        0x8 CMakeFiles/STM32G071RB_LVGL.dir/Drivers/BSP/mem/mx25l6433f.c.obj
                0x080044e4                MX25L6433F_ResetMemory
 .text.MX25L6433F_RegisterBusIO
                0x080044ec       0x34 CMakeFiles/STM32G071RB_LVGL.dir/Drivers/BSP/mem/mx25l6433f.c.obj
                0x080044ec                MX25L6433F_RegisterBusIO
 .text.flush_cb
                0x08004520       0x64 CMakeFiles/STM32G071RB_LVGL.dir/lvgl_hal/disp.c.obj
 .text.disp_init
                0x08004584       0x78 CMakeFiles/STM32G071RB_LVGL.dir/lvgl_hal/disp.c.obj
                0x08004584                disp_init
 .text.joy_read_cb
                0x080045fc       0x64 CMakeFiles/STM32G071RB_LVGL.dir/lvgl_hal/indev.c.obj
 .text.indev_init
                0x08004660       0x3c CMakeFiles/STM32G071RB_LVGL.dir/lvgl_hal/indev.c.obj
                0x08004660                indev_init
 .text.ui_Menu_screen_init
                0x0800469c      0x100 CMakeFiles/STM32G071RB_LVGL.dir/ui/ui.c.obj
                0x0800469c                ui_Menu_screen_init
 .text.ui_init  0x0800479c       0x44 CMakeFiles/STM32G071RB_LVGL.dir/ui/ui.c.obj
                0x0800479c                ui_init
 .text.get_component_child_event_cb
                0x080047e0       0x1c CMakeFiles/STM32G071RB_LVGL.dir/ui/ui_comp.c.obj
                0x080047e0                get_component_child_event_cb
 .text.del_component_child_event_cb
                0x080047fc        0xc CMakeFiles/STM32G071RB_LVGL.dir/ui/ui_comp.c.obj
                0x080047fc                del_component_child_event_cb
 .text.ui_comp_get_child
                0x08004808       0x20 CMakeFiles/STM32G071RB_LVGL.dir/ui/ui_comp.c.obj
                0x08004808                ui_comp_get_child
 .text.ui_Header_Sub_create
                0x08004828      0x158 CMakeFiles/STM32G071RB_LVGL.dir/ui/ui_comp.c.obj
                0x08004828                ui_Header_Sub_create
 .text.opa_scale_anim
                0x08004980        0xc CMakeFiles/STM32G071RB_LVGL.dir/lvgl/src/core/lv_disp.c.obj
 .text.set_y_anim
                0x0800498c        0xc CMakeFiles/STM32G071RB_LVGL.dir/lvgl/src/core/lv_disp.c.obj
 .text.set_x_anim
                0x08004998        0xc CMakeFiles/STM32G071RB_LVGL.dir/lvgl/src/core/lv_disp.c.obj
 .text.scr_anim_ready
                0x080049a4       0x54 CMakeFiles/STM32G071RB_LVGL.dir/lvgl/src/core/lv_disp.c.obj
 .text.scr_load_internal
                0x080049f8       0x54 CMakeFiles/STM32G071RB_LVGL.dir/lvgl/src/core/lv_disp.c.obj
 .text.scr_load_anim_start
                0x08004a4c       0x30 CMakeFiles/STM32G071RB_LVGL.dir/lvgl/src/core/lv_disp.c.obj
 .text.lv_disp_get_scr_act
                0x08004a7c       0x18 CMakeFiles/STM32G071RB_LVGL.dir/lvgl/src/core/lv_disp.c.obj
                0x08004a7c                lv_disp_get_scr_act
 .text.lv_disp_get_scr_prev
                0x08004a94       0x18 CMakeFiles/STM32G071RB_LVGL.dir/lvgl/src/core/lv_disp.c.obj
                0x08004a94                lv_disp_get_scr_prev
 .text.lv_disp_get_layer_top
                0x08004aac       0x18 CMakeFiles/STM32G071RB_LVGL.dir/lvgl/src/core/lv_disp.c.obj
                0x08004aac                lv_disp_get_layer_top
 .text.lv_disp_get_layer_sys
                0x08004ac4       0x18 CMakeFiles/STM32G071RB_LVGL.dir/lvgl/src/core/lv_disp.c.obj
                0x08004ac4                lv_disp_get_layer_sys
 .text.lv_disp_set_theme
                0x08004adc       0x4c CMakeFiles/STM32G071RB_LVGL.dir/lvgl/src/core/lv_disp.c.obj
                0x08004adc                lv_disp_set_theme
 .text.lv_disp_get_theme
                0x08004b28       0x10 CMakeFiles/STM32G071RB_LVGL.dir/lvgl/src/core/lv_disp.c.obj
                0x08004b28                lv_disp_get_theme
 .text.lv_scr_load_anim
                0x08004b38      0x304 CMakeFiles/STM32G071RB_LVGL.dir/lvgl/src/core/lv_disp.c.obj
                0x08004b38                lv_scr_load_anim
 .text.lv_disp_load_scr
                0x08004e3c       0x14 CMakeFiles/STM32G071RB_LVGL.dir/lvgl/src/core/lv_disp.c.obj
                0x08004e3c                lv_disp_load_scr
 .text.lv_disp_is_invalidation_enabled
                0x08004e50       0x20 CMakeFiles/STM32G071RB_LVGL.dir/lvgl/src/core/lv_disp.c.obj
                0x08004e50                lv_disp_is_invalidation_enabled
 .text.event_send_core
                0x08004e70      0x1c8 CMakeFiles/STM32G071RB_LVGL.dir/lvgl/src/core/lv_event.c.obj
 .text.lv_event_send
                0x08005038       0x40 CMakeFiles/STM32G071RB_LVGL.dir/lvgl/src/core/lv_event.c.obj
                0x08005038                lv_event_send
 .text.lv_obj_event_base
                0x08005078       0x38 CMakeFiles/STM32G071RB_LVGL.dir/lvgl/src/core/lv_event.c.obj
                0x08005078                lv_obj_event_base
 .text.lv_event_get_target
                0x080050b0        0x4 CMakeFiles/STM32G071RB_LVGL.dir/lvgl/src/core/lv_event.c.obj
                0x080050b0                lv_event_get_target
 .text.lv_event_get_current_target
                0x080050b4        0x4 CMakeFiles/STM32G071RB_LVGL.dir/lvgl/src/core/lv_event.c.obj
                0x080050b4                lv_event_get_current_target
 .text.lv_event_get_code
                0x080050b8        0x8 CMakeFiles/STM32G071RB_LVGL.dir/lvgl/src/core/lv_event.c.obj
                0x080050b8                lv_event_get_code
 .text.lv_event_get_param
                0x080050c0        0x4 CMakeFiles/STM32G071RB_LVGL.dir/lvgl/src/core/lv_event.c.obj
                0x080050c0                lv_event_get_param
 .text.lv_event_get_user_data
                0x080050c4        0x4 CMakeFiles/STM32G071RB_LVGL.dir/lvgl/src/core/lv_event.c.obj
                0x080050c4                lv_event_get_user_data
 .text.lv_event_register_id
                0x080050c8       0x10 CMakeFiles/STM32G071RB_LVGL.dir/lvgl/src/core/lv_event.c.obj
                0x080050c8                lv_event_register_id
 .text._lv_event_mark_deleted
                0x080050d8       0x30 CMakeFiles/STM32G071RB_LVGL.dir/lvgl/src/core/lv_event.c.obj
                0x080050d8                _lv_event_mark_deleted
 .text.lv_obj_add_event_cb
                0x08005108       0x60 CMakeFiles/STM32G071RB_LVGL.dir/lvgl/src/core/lv_event.c.obj
                0x08005108                lv_obj_add_event_cb
 .text.lv_event_get_indev
                0x08005168       0x10 CMakeFiles/STM32G071RB_LVGL.dir/lvgl/src/core/lv_event.c.obj
                0x08005168                lv_event_get_indev
 .text.lv_event_get_draw_ctx
                0x08005178       0x10 CMakeFiles/STM32G071RB_LVGL.dir/lvgl/src/core/lv_event.c.obj
                0x08005178                lv_event_get_draw_ctx
 .text.lv_event_set_ext_draw_size
                0x08005188       0x20 CMakeFiles/STM32G071RB_LVGL.dir/lvgl/src/core/lv_event.c.obj
                0x08005188                lv_event_set_ext_draw_size
 .text.focus_next_core
                0x080051a8      0x1a8 CMakeFiles/STM32G071RB_LVGL.dir/lvgl/src/core/lv_group.c.obj
 .text.lv_group_refocus
                0x08005350       0x64 CMakeFiles/STM32G071RB_LVGL.dir/lvgl/src/core/lv_group.c.obj
 .text.lv_group_focus_obj.part.0
                0x080053b4      0x1bc CMakeFiles/STM32G071RB_LVGL.dir/lvgl/src/core/lv_group.c.obj
 .text._lv_group_init
                0x08005570       0x10 CMakeFiles/STM32G071RB_LVGL.dir/lvgl/src/core/lv_group.c.obj
                0x08005570                _lv_group_init
 .text.lv_group_create
                0x08005580       0x30 CMakeFiles/STM32G071RB_LVGL.dir/lvgl/src/core/lv_group.c.obj
                0x08005580                lv_group_create
 .text.lv_group_set_default
                0x080055b0        0xc CMakeFiles/STM32G071RB_LVGL.dir/lvgl/src/core/lv_group.c.obj
                0x080055b0                lv_group_set_default
 .text.lv_group_get_default
                0x080055bc        0xc CMakeFiles/STM32G071RB_LVGL.dir/lvgl/src/core/lv_group.c.obj
                0x080055bc                lv_group_get_default
 .text.lv_group_remove_obj
                0x080055c8       0xf8 CMakeFiles/STM32G071RB_LVGL.dir/lvgl/src/core/lv_group.c.obj
                0x080055c8                lv_group_remove_obj
 .text.lv_group_add_obj
                0x080056c0       0x80 CMakeFiles/STM32G071RB_LVGL.dir/lvgl/src/core/lv_group.c.obj
                0x080056c0                lv_group_add_obj
 .text.lv_group_focus_obj
                0x08005740        0xc CMakeFiles/STM32G071RB_LVGL.dir/lvgl/src/core/lv_group.c.obj
                0x08005740                lv_group_focus_obj
 .text.lv_group_focus_next
                0x0800574c       0x28 CMakeFiles/STM32G071RB_LVGL.dir/lvgl/src/core/lv_group.c.obj
                0x0800574c                lv_group_focus_next
 .text.lv_group_focus_prev
                0x08005774       0x28 CMakeFiles/STM32G071RB_LVGL.dir/lvgl/src/core/lv_group.c.obj
                0x08005774                lv_group_focus_prev
 .text.lv_group_send_data
                0x0800579c       0x34 CMakeFiles/STM32G071RB_LVGL.dir/lvgl/src/core/lv_group.c.obj
                0x0800579c                lv_group_send_data
 .text.lv_group_set_editing
                0x080057d0       0xa8 CMakeFiles/STM32G071RB_LVGL.dir/lvgl/src/core/lv_group.c.obj
                0x080057d0                lv_group_set_editing
 .text.lv_group_get_focused
                0x08005878       0x14 CMakeFiles/STM32G071RB_LVGL.dir/lvgl/src/core/lv_group.c.obj
                0x08005878                lv_group_get_focused
 .text.lv_group_get_editing
                0x0800588c       0x10 CMakeFiles/STM32G071RB_LVGL.dir/lvgl/src/core/lv_group.c.obj
                0x0800588c                lv_group_get_editing
 .text.lv_group_get_obj_count
                0x0800589c        0x8 CMakeFiles/STM32G071RB_LVGL.dir/lvgl/src/core/lv_group.c.obj
                0x0800589c                lv_group_get_obj_count
 .text.indev_proc_release
                0x080058a4       0xe8 CMakeFiles/STM32G071RB_LVGL.dir/lvgl/src/core/lv_indev.c.obj
 .text.lv_indev_get_act
                0x0800598c        0xc CMakeFiles/STM32G071RB_LVGL.dir/lvgl/src/core/lv_indev.c.obj
                0x0800598c                lv_indev_get_act
 .text.lv_indev_get_type
                0x08005998       0x10 CMakeFiles/STM32G071RB_LVGL.dir/lvgl/src/core/lv_indev.c.obj
                0x08005998                lv_indev_get_type
 .text.lv_indev_reset
                0x080059a8      0x100 CMakeFiles/STM32G071RB_LVGL.dir/lvgl/src/core/lv_indev.c.obj
                0x080059a8                lv_indev_reset
 .text.lv_indev_get_point
                0x08005aa8       0x2c CMakeFiles/STM32G071RB_LVGL.dir/lvgl/src/core/lv_indev.c.obj
                0x08005aa8                lv_indev_get_point
 .text.lv_indev_get_scroll_dir
                0x08005ad4       0x20 CMakeFiles/STM32G071RB_LVGL.dir/lvgl/src/core/lv_indev.c.obj
                0x08005ad4                lv_indev_get_scroll_dir
 .text.lv_indev_get_scroll_obj
                0x08005af4       0x1c CMakeFiles/STM32G071RB_LVGL.dir/lvgl/src/core/lv_indev.c.obj
                0x08005af4                lv_indev_get_scroll_obj
 .text.lv_indev_get_vect
                0x08005b10       0x24 CMakeFiles/STM32G071RB_LVGL.dir/lvgl/src/core/lv_indev.c.obj
                0x08005b10                lv_indev_get_vect
 .text.lv_indev_get_obj_act
                0x08005b34        0xc CMakeFiles/STM32G071RB_LVGL.dir/lvgl/src/core/lv_indev.c.obj
                0x08005b34                lv_indev_get_obj_act
 .text.lv_indev_search_obj
                0x08005b40       0x8c CMakeFiles/STM32G071RB_LVGL.dir/lvgl/src/core/lv_indev.c.obj
                0x08005b40                lv_indev_search_obj
 .text.indev_proc_press
                0x08005bcc      0x474 CMakeFiles/STM32G071RB_LVGL.dir/lvgl/src/core/lv_indev.c.obj
 .text.lv_indev_read_timer_cb
                0x08006040      0xa40 CMakeFiles/STM32G071RB_LVGL.dir/lvgl/src/core/lv_indev.c.obj
                0x08006040                lv_indev_read_timer_cb
 .text.find_snap_point_y
                0x08006a80      0x128 CMakeFiles/STM32G071RB_LVGL.dir/lvgl/src/core/lv_indev_scroll.c.obj
 .text.find_snap_point_x
                0x08006ba8      0x128 CMakeFiles/STM32G071RB_LVGL.dir/lvgl/src/core/lv_indev_scroll.c.obj
 .text.elastic_diff
                0x08006cd0      0x190 CMakeFiles/STM32G071RB_LVGL.dir/lvgl/src/core/lv_indev_scroll.c.obj
 .text._lv_indev_scroll_handler
                0x08006e60      0x594 CMakeFiles/STM32G071RB_LVGL.dir/lvgl/src/core/lv_indev_scroll.c.obj
                0x08006e60                _lv_indev_scroll_handler
 .text._lv_indev_scroll_throw_handler
                0x080073f4      0x2dc CMakeFiles/STM32G071RB_LVGL.dir/lvgl/src/core/lv_indev_scroll.c.obj
                0x080073f4                _lv_indev_scroll_throw_handler
 .text.lv_indev_scroll_throw_predict
                0x080076d0       0x44 CMakeFiles/STM32G071RB_LVGL.dir/lvgl/src/core/lv_indev_scroll.c.obj
                0x080076d0                lv_indev_scroll_throw_predict
 .text.lv_obj_draw
                0x08007714      0x328 CMakeFiles/STM32G071RB_LVGL.dir/lvgl/src/core/lv_obj.c.obj
 .text.lv_obj_destructor
                0x08007a3c       0x70 CMakeFiles/STM32G071RB_LVGL.dir/lvgl/src/core/lv_obj.c.obj
 .text.lv_obj_constructor
                0x08007aac       0x68 CMakeFiles/STM32G071RB_LVGL.dir/lvgl/src/core/lv_obj.c.obj
 .text.lv_obj_set_state
                0x08007b14      0x2c0 CMakeFiles/STM32G071RB_LVGL.dir/lvgl/src/core/lv_obj.c.obj
 .text.lv_obj_event
                0x08007dd4      0x388 CMakeFiles/STM32G071RB_LVGL.dir/lvgl/src/core/lv_obj.c.obj
 .text.lv_init  0x0800815c       0x58 CMakeFiles/STM32G071RB_LVGL.dir/lvgl/src/core/lv_obj.c.obj
                0x0800815c                lv_init
 .text.lv_obj_create
                0x080081b4       0x1c CMakeFiles/STM32G071RB_LVGL.dir/lvgl/src/core/lv_obj.c.obj
                0x080081b4                lv_obj_create
 .text.lv_obj_add_flag
                0x080081d0       0x78 CMakeFiles/STM32G071RB_LVGL.dir/lvgl/src/core/lv_obj.c.obj
                0x080081d0                lv_obj_add_flag
 .text.lv_obj_clear_flag
                0x08008248       0x84 CMakeFiles/STM32G071RB_LVGL.dir/lvgl/src/core/lv_obj.c.obj
                0x08008248                lv_obj_clear_flag
 .text.lv_obj_add_state
                0x080082cc       0x10 CMakeFiles/STM32G071RB_LVGL.dir/lvgl/src/core/lv_obj.c.obj
                0x080082cc                lv_obj_add_state
 .text.lv_obj_clear_state
                0x080082dc       0x14 CMakeFiles/STM32G071RB_LVGL.dir/lvgl/src/core/lv_obj.c.obj
                0x080082dc                lv_obj_clear_state
 .text.lv_obj_has_flag
                0x080082f0       0x10 CMakeFiles/STM32G071RB_LVGL.dir/lvgl/src/core/lv_obj.c.obj
                0x080082f0                lv_obj_has_flag
 .text.lv_obj_has_flag_any
                0x08008300        0xc CMakeFiles/STM32G071RB_LVGL.dir/lvgl/src/core/lv_obj.c.obj
                0x08008300                lv_obj_has_flag_any
 .text.lv_obj_get_state
                0x0800830c        0x4 CMakeFiles/STM32G071RB_LVGL.dir/lvgl/src/core/lv_obj.c.obj
                0x0800830c                lv_obj_get_state
 .text.lv_obj_has_state
                0x08008310        0xc CMakeFiles/STM32G071RB_LVGL.dir/lvgl/src/core/lv_obj.c.obj
                0x08008310                lv_obj_has_state
 .text.lv_obj_get_group
                0x0800831c        0xc CMakeFiles/STM32G071RB_LVGL.dir/lvgl/src/core/lv_obj.c.obj
                0x0800831c                lv_obj_get_group
 .text.lv_obj_allocate_spec_attr
                0x08008328       0x44 CMakeFiles/STM32G071RB_LVGL.dir/lvgl/src/core/lv_obj.c.obj
                0x08008328                lv_obj_allocate_spec_attr
 .text.lv_obj_check_type
                0x0800836c       0x14 CMakeFiles/STM32G071RB_LVGL.dir/lvgl/src/core/lv_obj.c.obj
                0x0800836c                lv_obj_check_type
 .text.lv_obj_construct
                0x08008380       0x6c CMakeFiles/STM32G071RB_LVGL.dir/lvgl/src/core/lv_obj_class.c.obj
 .text.lv_obj_class_create_obj
                0x080083ec       0xf0 CMakeFiles/STM32G071RB_LVGL.dir/lvgl/src/core/lv_obj_class.c.obj
                0x080083ec                lv_obj_class_create_obj
 .text.lv_obj_class_init_obj
                0x080084dc       0xec CMakeFiles/STM32G071RB_LVGL.dir/lvgl/src/core/lv_obj_class.c.obj
                0x080084dc                lv_obj_class_init_obj
 .text._lv_obj_destruct
                0x080085c8       0x28 CMakeFiles/STM32G071RB_LVGL.dir/lvgl/src/core/lv_obj_class.c.obj
                0x080085c8                _lv_obj_destruct
 .text.lv_obj_is_editable
                0x080085f0       0x28 CMakeFiles/STM32G071RB_LVGL.dir/lvgl/src/core/lv_obj_class.c.obj
                0x080085f0                lv_obj_is_editable
 .text.lv_obj_init_draw_rect_dsc
                0x08008618      0x1d0 CMakeFiles/STM32G071RB_LVGL.dir/lvgl/src/core/lv_obj_draw.c.obj
                0x08008618                lv_obj_init_draw_rect_dsc
 .text.lv_obj_init_draw_label_dsc
                0x080087e8       0xa4 CMakeFiles/STM32G071RB_LVGL.dir/lvgl/src/core/lv_obj_draw.c.obj
                0x080087e8                lv_obj_init_draw_label_dsc
 .text.lv_obj_init_draw_img_dsc
                0x0800888c       0x98 CMakeFiles/STM32G071RB_LVGL.dir/lvgl/src/core/lv_obj_draw.c.obj
                0x0800888c                lv_obj_init_draw_img_dsc
 .text.lv_obj_calculate_ext_draw_size
                0x08008924       0xec CMakeFiles/STM32G071RB_LVGL.dir/lvgl/src/core/lv_obj_draw.c.obj
                0x08008924                lv_obj_calculate_ext_draw_size
 .text.lv_obj_draw_dsc_init
                0x08008a10       0x10 CMakeFiles/STM32G071RB_LVGL.dir/lvgl/src/core/lv_obj_draw.c.obj
                0x08008a10                lv_obj_draw_dsc_init
 .text.lv_obj_refresh_ext_draw_size
                0x08008a20       0x6c CMakeFiles/STM32G071RB_LVGL.dir/lvgl/src/core/lv_obj_draw.c.obj
                0x08008a20                lv_obj_refresh_ext_draw_size
 .text._lv_obj_get_ext_draw_size
                0x08008a8c       0x10 CMakeFiles/STM32G071RB_LVGL.dir/lvgl/src/core/lv_obj_draw.c.obj
                0x08008a8c                _lv_obj_get_ext_draw_size
 .text._lv_obj_get_layer_type
                0x08008a9c       0x10 CMakeFiles/STM32G071RB_LVGL.dir/lvgl/src/core/lv_obj_draw.c.obj
                0x08008a9c                _lv_obj_get_layer_type
 .text.transform_point
                0x08008aac       0x94 CMakeFiles/STM32G071RB_LVGL.dir/lvgl/src/core/lv_obj_pos.c.obj
 .text.lv_obj_set_pos
                0x08008b40       0x68 CMakeFiles/STM32G071RB_LVGL.dir/lvgl/src/core/lv_obj_pos.c.obj
                0x08008b40                lv_obj_set_pos
 .text.lv_obj_set_x
                0x08008ba8       0x30 CMakeFiles/STM32G071RB_LVGL.dir/lvgl/src/core/lv_obj_pos.c.obj
                0x08008ba8                lv_obj_set_x
 .text.lv_obj_set_y
                0x08008bd8       0x30 CMakeFiles/STM32G071RB_LVGL.dir/lvgl/src/core/lv_obj_pos.c.obj
                0x08008bd8                lv_obj_set_y
 .text.lv_obj_set_width
                0x08008c08       0x30 CMakeFiles/STM32G071RB_LVGL.dir/lvgl/src/core/lv_obj_pos.c.obj
                0x08008c08                lv_obj_set_width
 .text.lv_obj_set_height
                0x08008c38       0x30 CMakeFiles/STM32G071RB_LVGL.dir/lvgl/src/core/lv_obj_pos.c.obj
                0x08008c38                lv_obj_set_height
 .text.lv_obj_is_layout_positioned
                0x08008c68       0x34 CMakeFiles/STM32G071RB_LVGL.dir/lvgl/src/core/lv_obj_pos.c.obj
                0x08008c68                lv_obj_is_layout_positioned
 .text.lv_obj_mark_layout_as_dirty
                0x08008c9c       0x28 CMakeFiles/STM32G071RB_LVGL.dir/lvgl/src/core/lv_obj_pos.c.obj
                0x08008c9c                lv_obj_mark_layout_as_dirty
 .text.lv_obj_set_align
                0x08008cc4        0xc CMakeFiles/STM32G071RB_LVGL.dir/lvgl/src/core/lv_obj_pos.c.obj
                0x08008cc4                lv_obj_set_align
 .text.lv_obj_align
                0x08008cd0       0x70 CMakeFiles/STM32G071RB_LVGL.dir/lvgl/src/core/lv_obj_pos.c.obj
                0x08008cd0                lv_obj_align
 .text.lv_obj_get_coords
                0x08008d40       0x1c CMakeFiles/STM32G071RB_LVGL.dir/lvgl/src/core/lv_obj_pos.c.obj
                0x08008d40                lv_obj_get_coords
 .text.lv_obj_get_y
                0x08008d5c       0x4c CMakeFiles/STM32G071RB_LVGL.dir/lvgl/src/core/lv_obj_pos.c.obj
                0x08008d5c                lv_obj_get_y
 .text.lv_obj_get_y2
                0x08008da8       0x5c CMakeFiles/STM32G071RB_LVGL.dir/lvgl/src/core/lv_obj_pos.c.obj
                0x08008da8                lv_obj_get_y2
 .text.lv_obj_get_width
                0x08008e04        0xc CMakeFiles/STM32G071RB_LVGL.dir/lvgl/src/core/lv_obj_pos.c.obj
                0x08008e04                lv_obj_get_width
 .text.lv_obj_get_height
                0x08008e10        0xc CMakeFiles/STM32G071RB_LVGL.dir/lvgl/src/core/lv_obj_pos.c.obj
                0x08008e10                lv_obj_get_height
 .text.lv_obj_get_content_width
                0x08008e1c       0x3c CMakeFiles/STM32G071RB_LVGL.dir/lvgl/src/core/lv_obj_pos.c.obj
                0x08008e1c                lv_obj_get_content_width
 .text.lv_obj_get_content_height
                0x08008e58       0x3c CMakeFiles/STM32G071RB_LVGL.dir/lvgl/src/core/lv_obj_pos.c.obj
                0x08008e58                lv_obj_get_content_height
 .text.lv_obj_get_content_coords
                0x08008e94       0x74 CMakeFiles/STM32G071RB_LVGL.dir/lvgl/src/core/lv_obj_pos.c.obj
                0x08008e94                lv_obj_get_content_coords
 .text.lv_obj_get_self_width
                0x08008f08       0x20 CMakeFiles/STM32G071RB_LVGL.dir/lvgl/src/core/lv_obj_pos.c.obj
                0x08008f08                lv_obj_get_self_width
 .text.lv_obj_get_self_height
                0x08008f28       0x20 CMakeFiles/STM32G071RB_LVGL.dir/lvgl/src/core/lv_obj_pos.c.obj
                0x08008f28                lv_obj_get_self_height
 .text.lv_obj_refresh_self_size
                0x08008f48       0x54 CMakeFiles/STM32G071RB_LVGL.dir/lvgl/src/core/lv_obj_pos.c.obj
                0x08008f48                lv_obj_refresh_self_size
 .text.lv_obj_move_children_by
                0x08008f9c      0x2ec CMakeFiles/STM32G071RB_LVGL.dir/lvgl/src/core/lv_obj_pos.c.obj
                0x08008f9c                lv_obj_move_children_by
 .text.lv_obj_transform_point
                0x08009288       0x94 CMakeFiles/STM32G071RB_LVGL.dir/lvgl/src/core/lv_obj_pos.c.obj
                0x08009288                lv_obj_transform_point
 .text.lv_obj_get_transformed_area
                0x0800931c      0x370 CMakeFiles/STM32G071RB_LVGL.dir/lvgl/src/core/lv_obj_pos.c.obj
                0x0800931c                lv_obj_get_transformed_area
 .text.lv_obj_area_is_visible
                0x0800968c      0x100 CMakeFiles/STM32G071RB_LVGL.dir/lvgl/src/core/lv_obj_pos.c.obj
                0x0800968c                lv_obj_area_is_visible
 .text.lv_obj_invalidate_area
                0x0800978c       0x48 CMakeFiles/STM32G071RB_LVGL.dir/lvgl/src/core/lv_obj_pos.c.obj
                0x0800978c                lv_obj_invalidate_area
 .text.lv_obj_invalidate
                0x080097d4       0x78 CMakeFiles/STM32G071RB_LVGL.dir/lvgl/src/core/lv_obj_pos.c.obj
                0x080097d4                lv_obj_invalidate
 .text.lv_obj_move_to
                0x0800984c      0x1b0 CMakeFiles/STM32G071RB_LVGL.dir/lvgl/src/core/lv_obj_pos.c.obj
                0x0800984c                lv_obj_move_to
 .text.lv_obj_refr_pos
                0x080099fc      0x338 CMakeFiles/STM32G071RB_LVGL.dir/lvgl/src/core/lv_obj_pos.c.obj
                0x080099fc                lv_obj_refr_pos
 .text.lv_obj_refr_size
                0x08009d34      0x838 CMakeFiles/STM32G071RB_LVGL.dir/lvgl/src/core/lv_obj_pos.c.obj
                0x08009d34                lv_obj_refr_size
 .text.layout_update_core
                0x0800a56c       0x94 CMakeFiles/STM32G071RB_LVGL.dir/lvgl/src/core/lv_obj_pos.c.obj
 .text.lv_obj_align_to
                0x0800a600      0x5a8 CMakeFiles/STM32G071RB_LVGL.dir/lvgl/src/core/lv_obj_pos.c.obj
                0x0800a600                lv_obj_align_to
 .text.lv_obj_update_layout
                0x0800aba8       0xdc CMakeFiles/STM32G071RB_LVGL.dir/lvgl/src/core/lv_obj_pos.c.obj
                0x0800aba8                lv_obj_update_layout
 .text.lv_obj_get_click_area
                0x0800ac84       0x34 CMakeFiles/STM32G071RB_LVGL.dir/lvgl/src/core/lv_obj_pos.c.obj
                0x0800ac84                lv_obj_get_click_area
 .text.lv_obj_hit_test
                0x0800acb8       0xb4 CMakeFiles/STM32G071RB_LVGL.dir/lvgl/src/core/lv_obj_pos.c.obj
                0x0800acb8                lv_obj_hit_test
 .text.scroll_anim_ready_cb
                0x0800ad6c       0x10 CMakeFiles/STM32G071RB_LVGL.dir/lvgl/src/core/lv_obj_scroll.c.obj
 .text.lv_obj_get_scroll_left.part.0
                0x0800ad7c       0xe4 CMakeFiles/STM32G071RB_LVGL.dir/lvgl/src/core/lv_obj_scroll.c.obj
 .text.lv_obj_get_scroll_right.part.0
                0x0800ae60       0xe8 CMakeFiles/STM32G071RB_LVGL.dir/lvgl/src/core/lv_obj_scroll.c.obj
 .text.scroll_x_anim
                0x0800af48       0x50 CMakeFiles/STM32G071RB_LVGL.dir/lvgl/src/core/lv_obj_scroll.c.obj
 .text.scroll_y_anim
                0x0800af98       0x50 CMakeFiles/STM32G071RB_LVGL.dir/lvgl/src/core/lv_obj_scroll.c.obj
 .text.lv_obj_set_scrollbar_mode
                0x0800afe8       0x28 CMakeFiles/STM32G071RB_LVGL.dir/lvgl/src/core/lv_obj_scroll.c.obj
                0x0800afe8                lv_obj_set_scrollbar_mode
 .text.lv_obj_get_scrollbar_mode
                0x0800b010       0x14 CMakeFiles/STM32G071RB_LVGL.dir/lvgl/src/core/lv_obj_scroll.c.obj
                0x0800b010                lv_obj_get_scrollbar_mode
 .text.lv_obj_get_scroll_dir
                0x0800b024       0x14 CMakeFiles/STM32G071RB_LVGL.dir/lvgl/src/core/lv_obj_scroll.c.obj
                0x0800b024                lv_obj_get_scroll_dir
 .text.lv_obj_get_scroll_snap_x
                0x0800b038       0x14 CMakeFiles/STM32G071RB_LVGL.dir/lvgl/src/core/lv_obj_scroll.c.obj
                0x0800b038                lv_obj_get_scroll_snap_x
 .text.lv_obj_get_scroll_snap_y
                0x0800b04c       0x14 CMakeFiles/STM32G071RB_LVGL.dir/lvgl/src/core/lv_obj_scroll.c.obj
                0x0800b04c                lv_obj_get_scroll_snap_y
 .text.lv_obj_get_scroll_x
                0x0800b060       0x14 CMakeFiles/STM32G071RB_LVGL.dir/lvgl/src/core/lv_obj_scroll.c.obj
                0x0800b060                lv_obj_get_scroll_x
 .text.lv_obj_get_scroll_y
                0x0800b074       0x14 CMakeFiles/STM32G071RB_LVGL.dir/lvgl/src/core/lv_obj_scroll.c.obj
                0x0800b074                lv_obj_get_scroll_y
 .text.lv_obj_get_scroll_top
                0x0800b088       0x14 CMakeFiles/STM32G071RB_LVGL.dir/lvgl/src/core/lv_obj_scroll.c.obj
                0x0800b088                lv_obj_get_scroll_top
 .text.lv_obj_get_scroll_bottom
                0x0800b09c       0xe8 CMakeFiles/STM32G071RB_LVGL.dir/lvgl/src/core/lv_obj_scroll.c.obj
                0x0800b09c                lv_obj_get_scroll_bottom
 .text.lv_obj_get_scrollbar_area.part.0
                0x0800b184      0x8a8 CMakeFiles/STM32G071RB_LVGL.dir/lvgl/src/core/lv_obj_scroll.c.obj
 .text.lv_obj_get_scroll_left
                0x0800ba2c       0x2c CMakeFiles/STM32G071RB_LVGL.dir/lvgl/src/core/lv_obj_scroll.c.obj
                0x0800ba2c                lv_obj_get_scroll_left
 .text.lv_obj_get_scroll_right
                0x0800ba58       0x2c CMakeFiles/STM32G071RB_LVGL.dir/lvgl/src/core/lv_obj_scroll.c.obj
                0x0800ba58                lv_obj_get_scroll_right
 .text.lv_obj_scroll_by
                0x0800ba84      0x170 CMakeFiles/STM32G071RB_LVGL.dir/lvgl/src/core/lv_obj_scroll.c.obj
                0x0800ba84                lv_obj_scroll_by
 .text.lv_obj_scroll_by_bounded.part.0
                0x0800bbf4      0x248 CMakeFiles/STM32G071RB_LVGL.dir/lvgl/src/core/lv_obj_scroll.c.obj
 .text.scroll_area_into_view
                0x0800be3c      0x3b4 CMakeFiles/STM32G071RB_LVGL.dir/lvgl/src/core/lv_obj_scroll.c.obj
 .text.lv_obj_scroll_to
                0x0800c1f0       0x68 CMakeFiles/STM32G071RB_LVGL.dir/lvgl/src/core/lv_obj_scroll.c.obj
                0x0800c1f0                lv_obj_scroll_to
 .text.lv_obj_scroll_to_x
                0x0800c258       0x38 CMakeFiles/STM32G071RB_LVGL.dir/lvgl/src/core/lv_obj_scroll.c.obj
                0x0800c258                lv_obj_scroll_to_x
 .text.lv_obj_scroll_to_y
                0x0800c290       0x38 CMakeFiles/STM32G071RB_LVGL.dir/lvgl/src/core/lv_obj_scroll.c.obj
                0x0800c290                lv_obj_scroll_to_y
 .text.lv_obj_scroll_to_view_recursive
                0x0800c2c8       0x3c CMakeFiles/STM32G071RB_LVGL.dir/lvgl/src/core/lv_obj_scroll.c.obj
                0x0800c2c8                lv_obj_scroll_to_view_recursive
 .text._lv_obj_scroll_by_raw
                0x0800c304       0x4c CMakeFiles/STM32G071RB_LVGL.dir/lvgl/src/core/lv_obj_scroll.c.obj
                0x0800c304                _lv_obj_scroll_by_raw
 .text.lv_obj_get_scrollbar_area
                0x0800c350       0x44 CMakeFiles/STM32G071RB_LVGL.dir/lvgl/src/core/lv_obj_scroll.c.obj
                0x0800c350                lv_obj_get_scrollbar_area
 .text.lv_obj_scrollbar_invalidate
                0x0800c394       0x84 CMakeFiles/STM32G071RB_LVGL.dir/lvgl/src/core/lv_obj_scroll.c.obj
                0x0800c394                lv_obj_scrollbar_invalidate
 .text.lv_obj_readjust_scroll
                0x0800c418      0x114 CMakeFiles/STM32G071RB_LVGL.dir/lvgl/src/core/lv_obj_scroll.c.obj
                0x0800c418                lv_obj_readjust_scroll
 .text.get_local_style
                0x0800c52c       0xf0 CMakeFiles/STM32G071RB_LVGL.dir/lvgl/src/core/lv_obj_style.c.obj
 .text.get_trans_style
                0x0800c61c       0xbc CMakeFiles/STM32G071RB_LVGL.dir/lvgl/src/core/lv_obj_style.c.obj
 .text.trans_del.isra.0
                0x0800c6d8      0x138 CMakeFiles/STM32G071RB_LVGL.dir/lvgl/src/core/lv_obj_style.c.obj
 .text.refresh_children_style
                0x0800c810      0x290 CMakeFiles/STM32G071RB_LVGL.dir/lvgl/src/core/lv_obj_style.c.obj
 .text._lv_obj_style_init
                0x0800caa0       0x10 CMakeFiles/STM32G071RB_LVGL.dir/lvgl/src/core/lv_obj_style.c.obj
                0x0800caa0                _lv_obj_style_init
 .text.lv_obj_enable_style_refresh
                0x0800cab0        0xc CMakeFiles/STM32G071RB_LVGL.dir/lvgl/src/core/lv_obj_style.c.obj
                0x0800cab0                lv_obj_enable_style_refresh
 .text.lv_obj_get_style_prop
                0x0800cabc      0x1a8 CMakeFiles/STM32G071RB_LVGL.dir/lvgl/src/core/lv_obj_style.c.obj
                0x0800cabc                lv_obj_get_style_prop
 .text.lv_obj_refresh_style.part.0
                0x0800cc64      0x28c CMakeFiles/STM32G071RB_LVGL.dir/lvgl/src/core/lv_obj_style.c.obj
 .text.lv_obj_refresh_style
                0x0800cef0       0x14 CMakeFiles/STM32G071RB_LVGL.dir/lvgl/src/core/lv_obj_style.c.obj
                0x0800cef0                lv_obj_refresh_style
 .text.lv_obj_add_style
                0x0800cf04       0xfc CMakeFiles/STM32G071RB_LVGL.dir/lvgl/src/core/lv_obj_style.c.obj
                0x0800cf04                lv_obj_add_style
 .text.trans_anim_cb
                0x0800d000      0x17c CMakeFiles/STM32G071RB_LVGL.dir/lvgl/src/core/lv_obj_style.c.obj
 .text.lv_obj_remove_style
                0x0800d17c      0x158 CMakeFiles/STM32G071RB_LVGL.dir/lvgl/src/core/lv_obj_style.c.obj
                0x0800d17c                lv_obj_remove_style
 .text.trans_anim_ready_cb
                0x0800d2d4       0xc4 CMakeFiles/STM32G071RB_LVGL.dir/lvgl/src/core/lv_obj_style.c.obj
 .text.report_style_change_core
                0x0800d398      0x450 CMakeFiles/STM32G071RB_LVGL.dir/lvgl/src/core/lv_obj_style.c.obj
 .text.lv_obj_report_style_change
                0x0800d7e8       0xb4 CMakeFiles/STM32G071RB_LVGL.dir/lvgl/src/core/lv_obj_style.c.obj
                0x0800d7e8                lv_obj_report_style_change
 .text.trans_anim_start_cb
                0x0800d89c       0x40 CMakeFiles/STM32G071RB_LVGL.dir/lvgl/src/core/lv_obj_style.c.obj
 .text.lv_obj_set_local_style_prop
                0x0800d8dc       0x30 CMakeFiles/STM32G071RB_LVGL.dir/lvgl/src/core/lv_obj_style.c.obj
                0x0800d8dc                lv_obj_set_local_style_prop
 .text.lv_obj_get_local_style_prop
                0x0800d90c       0x34 CMakeFiles/STM32G071RB_LVGL.dir/lvgl/src/core/lv_obj_style.c.obj
                0x0800d90c                lv_obj_get_local_style_prop
 .text.lv_obj_remove_local_style_prop
                0x0800d940       0x6c CMakeFiles/STM32G071RB_LVGL.dir/lvgl/src/core/lv_obj_style.c.obj
                0x0800d940                lv_obj_remove_local_style_prop
 .text._lv_obj_style_create_transition
                0x0800d9ac      0x16c CMakeFiles/STM32G071RB_LVGL.dir/lvgl/src/core/lv_obj_style.c.obj
                0x0800d9ac                _lv_obj_style_create_transition
 .text._lv_obj_style_apply_color_filter
                0x0800db18       0x40 CMakeFiles/STM32G071RB_LVGL.dir/lvgl/src/core/lv_obj_style.c.obj
                0x0800db18                _lv_obj_style_apply_color_filter
 .text._lv_obj_style_state_compare
                0x0800db58      0x274 CMakeFiles/STM32G071RB_LVGL.dir/lvgl/src/core/lv_obj_style.c.obj
                0x0800db58                _lv_obj_style_state_compare
 .text.lv_obj_style_get_selector_state
                0x0800ddcc        0x4 CMakeFiles/STM32G071RB_LVGL.dir/lvgl/src/core/lv_obj_style.c.obj
                0x0800ddcc                lv_obj_style_get_selector_state
 .text.lv_obj_style_get_selector_part
                0x0800ddd0        0x8 CMakeFiles/STM32G071RB_LVGL.dir/lvgl/src/core/lv_obj_style.c.obj
                0x0800ddd0                lv_obj_style_get_selector_part
 .text.lv_obj_calculate_style_text_align
                0x0800ddd8       0x24 CMakeFiles/STM32G071RB_LVGL.dir/lvgl/src/core/lv_obj_style.c.obj
                0x0800ddd8                lv_obj_calculate_style_text_align
 .text.lv_obj_set_style_width
                0x0800ddfc       0x10 CMakeFiles/STM32G071RB_LVGL.dir/lvgl/src/core/lv_obj_style_gen.c.obj
                0x0800ddfc                lv_obj_set_style_width
 .text.lv_obj_set_style_height
                0x0800de0c       0x10 CMakeFiles/STM32G071RB_LVGL.dir/lvgl/src/core/lv_obj_style_gen.c.obj
                0x0800de0c                lv_obj_set_style_height
 .text.lv_obj_set_style_x
                0x0800de1c       0x10 CMakeFiles/STM32G071RB_LVGL.dir/lvgl/src/core/lv_obj_style_gen.c.obj
                0x0800de1c                lv_obj_set_style_x
 .text.lv_obj_set_style_y
                0x0800de2c       0x10 CMakeFiles/STM32G071RB_LVGL.dir/lvgl/src/core/lv_obj_style_gen.c.obj
                0x0800de2c                lv_obj_set_style_y
 .text.lv_obj_set_style_align
                0x0800de3c       0x10 CMakeFiles/STM32G071RB_LVGL.dir/lvgl/src/core/lv_obj_style_gen.c.obj
                0x0800de3c                lv_obj_set_style_align
 .text.lv_obj_set_style_pad_top
                0x0800de4c       0x10 CMakeFiles/STM32G071RB_LVGL.dir/lvgl/src/core/lv_obj_style_gen.c.obj
                0x0800de4c                lv_obj_set_style_pad_top
 .text.lv_obj_set_style_pad_bottom
                0x0800de5c       0x10 CMakeFiles/STM32G071RB_LVGL.dir/lvgl/src/core/lv_obj_style_gen.c.obj
                0x0800de5c                lv_obj_set_style_pad_bottom
 .text.lv_obj_set_style_pad_left
                0x0800de6c       0x10 CMakeFiles/STM32G071RB_LVGL.dir/lvgl/src/core/lv_obj_style_gen.c.obj
                0x0800de6c                lv_obj_set_style_pad_left
 .text.lv_obj_set_style_pad_right
                0x0800de7c       0x10 CMakeFiles/STM32G071RB_LVGL.dir/lvgl/src/core/lv_obj_style_gen.c.obj
                0x0800de7c                lv_obj_set_style_pad_right
 .text.lv_obj_set_style_bg_color
                0x0800de8c       0x18 CMakeFiles/STM32G071RB_LVGL.dir/lvgl/src/core/lv_obj_style_gen.c.obj
                0x0800de8c                lv_obj_set_style_bg_color
 .text.lv_obj_set_style_bg_opa
                0x0800dea4       0x10 CMakeFiles/STM32G071RB_LVGL.dir/lvgl/src/core/lv_obj_style_gen.c.obj
                0x0800dea4                lv_obj_set_style_bg_opa
 .text.lv_obj_set_style_border_color
                0x0800deb4       0x18 CMakeFiles/STM32G071RB_LVGL.dir/lvgl/src/core/lv_obj_style_gen.c.obj
                0x0800deb4                lv_obj_set_style_border_color
 .text.lv_obj_set_style_border_width
                0x0800decc       0x10 CMakeFiles/STM32G071RB_LVGL.dir/lvgl/src/core/lv_obj_style_gen.c.obj
                0x0800decc                lv_obj_set_style_border_width
 .text.lv_obj_set_style_text_color
                0x0800dedc       0x18 CMakeFiles/STM32G071RB_LVGL.dir/lvgl/src/core/lv_obj_style_gen.c.obj
                0x0800dedc                lv_obj_set_style_text_color
 .text.lv_obj_set_style_text_opa
                0x0800def4       0x10 CMakeFiles/STM32G071RB_LVGL.dir/lvgl/src/core/lv_obj_style_gen.c.obj
                0x0800def4                lv_obj_set_style_text_opa
 .text.lv_obj_set_style_opa
                0x0800df04       0x10 CMakeFiles/STM32G071RB_LVGL.dir/lvgl/src/core/lv_obj_style_gen.c.obj
                0x0800df04                lv_obj_set_style_opa
 .text.obj_del_core.part.0
                0x0800df14      0x1ac CMakeFiles/STM32G071RB_LVGL.dir/lvgl/src/core/lv_obj_tree.c.obj
 .text.lv_obj_del
                0x0800e0c0       0xc4 CMakeFiles/STM32G071RB_LVGL.dir/lvgl/src/core/lv_obj_tree.c.obj
                0x0800e0c0                lv_obj_del
 .text.lv_obj_set_parent
                0x0800e184      0x118 CMakeFiles/STM32G071RB_LVGL.dir/lvgl/src/core/lv_obj_tree.c.obj
                0x0800e184                lv_obj_set_parent
 .text.lv_obj_move_to_index
                0x0800e29c       0xe8 CMakeFiles/STM32G071RB_LVGL.dir/lvgl/src/core/lv_obj_tree.c.obj
                0x0800e29c                lv_obj_move_to_index
 .text.lv_obj_get_screen
                0x0800e384       0x14 CMakeFiles/STM32G071RB_LVGL.dir/lvgl/src/core/lv_obj_tree.c.obj
                0x0800e384                lv_obj_get_screen
 .text.lv_obj_get_disp
                0x0800e398       0x50 CMakeFiles/STM32G071RB_LVGL.dir/lvgl/src/core/lv_obj_tree.c.obj
                0x0800e398                lv_obj_get_disp
 .text.lv_obj_get_parent
                0x0800e3e8        0xc CMakeFiles/STM32G071RB_LVGL.dir/lvgl/src/core/lv_obj_tree.c.obj
                0x0800e3e8                lv_obj_get_parent
 .text.lv_obj_get_child
                0x0800e3f4       0x20 CMakeFiles/STM32G071RB_LVGL.dir/lvgl/src/core/lv_obj_tree.c.obj
                0x0800e3f4                lv_obj_get_child
 .text.lv_obj_get_child_cnt
                0x0800e414       0x10 CMakeFiles/STM32G071RB_LVGL.dir/lvgl/src/core/lv_obj_tree.c.obj
                0x0800e414                lv_obj_get_child_cnt
 .text.lv_refr_get_top_obj
                0x0800e424       0x74 CMakeFiles/STM32G071RB_LVGL.dir/lvgl/src/core/lv_refr.c.obj
 .text._lv_refr_init
                0x0800e498        0x4 CMakeFiles/STM32G071RB_LVGL.dir/lvgl/src/core/lv_refr.c.obj
                0x0800e498                _lv_refr_init
 .text.lv_obj_redraw
                0x0800e49c      0x11c CMakeFiles/STM32G071RB_LVGL.dir/lvgl/src/core/lv_refr.c.obj
                0x0800e49c                lv_obj_redraw
 .text.refr_obj.part.0
                0x0800e5b8      0x318 CMakeFiles/STM32G071RB_LVGL.dir/lvgl/src/core/lv_refr.c.obj
 .text.refr_obj_and_children
                0x0800e8d0       0xc8 CMakeFiles/STM32G071RB_LVGL.dir/lvgl/src/core/lv_refr.c.obj
 .text.refr_area_part
                0x0800e998      0x784 CMakeFiles/STM32G071RB_LVGL.dir/lvgl/src/core/lv_refr.c.obj
 .text._lv_inv_area
                0x0800f11c       0xf0 CMakeFiles/STM32G071RB_LVGL.dir/lvgl/src/core/lv_refr.c.obj
                0x0800f11c                _lv_inv_area
 .text._lv_refr_get_disp_refreshing
                0x0800f20c        0xc CMakeFiles/STM32G071RB_LVGL.dir/lvgl/src/core/lv_refr.c.obj
                0x0800f20c                _lv_refr_get_disp_refreshing
 .text._lv_disp_refr_timer